MaddPrestige V2 Phase 8D Owner Review Correction Pass 6 Paper qualification — fresh boot
Date: 2026-08-22/23 America/Los_Angeles
Java: Eclipse Adoptium Temurin OpenJDK 25.0.3+9-LTS
Paper: 26.1.2 build 74 / 52,893,229 bytes / SHA-256 1D70B1DAB9CF4A6DE615209A536F3A45A2186240253C428213CE2188AB95E5F7
LuckPerms: Bukkit 5.5.71 / 1,501,521 bytes / SHA-256 49CECB66FA1FD22A133039A490E9C1E5095A238E7CD66EB9D2A16FE6C897550D
MaddPrestige distribution: 16,478,734 bytes / SHA-256 0EE8BEBAB0418179F86201E1A26D56FA52B4F6811FF4E97D600626862CEB1A3D
Disposable directory: fresh; SQLite/server/world/LuckPerms state did not preexist

PHASE8D-Q PASS 1 fresh SQLite/server directory published the exact production services in dormant mode
PHASE8D-Q PASS 2 administrator-created Member/Adventurer/Veteran groups exist; MaddPrestige created none
PHASE8D-Q PASS 3 public Quick Start discovery succeeded
PHASE8D-Q PASS 4 public setup session started
PHASE8D-Q PASS 5 existing LuckPerms provider selected
PHASE8D-Q PASS 6 Member baseline stage added
PHASE8D-Q PASS 7 Adventurer stage added
PHASE8D-Q PASS 8 Veteran stage added
PHASE8D-Q PASS 9 Member baseline selected
PHASE8D-Q PASS 10 60-second current-Prestige requirement attached to Adventurer
PHASE8D-Q PASS 11 180-second current-Prestige requirement attached to Veteran
PHASE8D-Q PASS 12 Veteran-only Prestige reset to Member configured with no cost/reward
PHASE8D-Q PASS 13 canonical setup preview validated the exact three-stage profile
PHASE8D-Q PASS 14 activation risk was explicitly acknowledged using the server token
PHASE8D-Q PASS 15 exact acknowledged profile applied as r_3e48f7c0cb92455c942eda09705a3156
PHASE8D-Q PASS 16 Doctor reported the active profile healthy
PHASE8D-Q PASS 17 fresh stable playerProgress established durable state and real LuckPerms Member projection
PHASE8D-Q PASS 18 repeated lifecycle establishment was idempotent with no duplicate projection mutation
PHASE8D-Q PASS 19 durable Member insufficient Adventurer and Why were actionable with zero effects
PHASE8D-Q PASS 20 brand-new Why ingress established real Member before explaining progress
PHASE8D-Q PASS 21 brand-new preview ingress established real Member before returning its result
PHASE8D-Q PASS 22 brand-new progression operation ingress established real Member before blocking
PHASE8D-Q PASS 23 offline rank path completed Member to Adventurer exactly once with one LP managed group
PHASE8D-Q PASS 24 below 180 seconds Veteran request failed with exact Why evidence and zero effects
PHASE8D-Q PASS 25 Adventurer advanced to Veteran exactly once with coherent LP and durable history
PHASE8D-Q PASS 26 Prestige incremented once, reset Member/LP/baseline, preserved Paper statistic/history
PHASE8D-Q PASS 27 facade exposes no caller idempotency token; repeated terminal request produced no duplicate effect
PHASE8D-Q PASS 28 supported offline UUID statistic/rank/projection path completed deterministically without a client
PHASE8D-Q PASS 29 fresh-boot evidence sealed for unchanged restart
PHASE8D-Q FIRST-BOOT COMPLETE revision=r_3e48f7c0cb92455c942eda09705a3156 pass-count=29
PHASE8D-Q shutdown pass-count=29

Result: 29/29 fresh-boot assertions; no PHASE8D-Q FAIL line.
