[16:06:32] [ServerMain/INFO]: [bootstrap] Running Java 25 (OpenJDK 64-Bit Server VM 25.0.3+9-LTS; Eclipse Adoptium Temurin-25.0.3+9) on Windows 11 10.0 (amd64)
[16:06:32] [ServerMain/INFO]: [bootstrap] Loading Paper 26.1.2-74-ver/26.1.2@e4e17fc (2026-07-06T16:51:09Z) for Minecraft 26.1.2
[16:06:32] [ServerMain/INFO]: [PluginInitializerManager] Initializing plugins...
[16:06:33] [ServerMain/INFO]: [PluginInitializerManager] Initialized 15 plugins
[16:06:33] [ServerMain/INFO]: [PluginInitializerManager] Paper plugins (2):
 - CraftEngine (26.7.4), EconomyShopGUI (7.2.0)
[16:06:33] [ServerMain/INFO]: [PluginInitializerManager] Bukkit plugins (13):
 - GriefPrevention (16.18.7), LuckPerms (5.5.71), MaddPrestige (2.0.0-SNAPSHOT), Phase8E-Alpha (1.0.0), Phase8E-Beta (1.0.0), Phase8E-Economy (1.0.0), Phase8E-Harness (1.0.0), PlaceholderAPI (2.12.2), QuickShop-Hikari (6.2.0.11), Vault (2.20.2), WorldEdit (7.4.4+7546-f9e033f), WorldGuard (7.0.18+2392-fa605e6), mcMMO (2.2.053)
[16:06:40] [Server thread/INFO]: [Phase8E-Economy] Loading server plugin Phase8E-Economy v1.0.0
[16:06:47] [Server thread/INFO]: [MaddPrestige] Loading server plugin MaddPrestige v2.0.0-SNAPSHOT
[16:06:47] [Server thread/INFO]: [Phase8E-Beta] Loading server plugin Phase8E-Beta v1.0.0
[16:06:47] [Server thread/INFO]: [Phase8E-Alpha] Loading server plugin Phase8E-Alpha v1.0.0
[16:06:47] [Server thread/INFO]: [Phase8E-Harness] Loading server plugin Phase8E-Harness v1.0.0
[16:06:48] [Server thread/INFO]: Preparing level "compat-world"
[16:06:49] [Server thread/INFO]: Done preparing level "compat-world" (0.771s)
[16:06:50] [Server thread/INFO]: [Phase8E-Economy] Enabling Phase8E-Economy v1.0.0
[16:06:50] [Server thread/INFO]: [Phase8E-Economy] PHASE8E-ECONOMY service registered
[16:06:50] [Server thread/INFO]: [Phase8E-Economy] PHASE8E-ECONOMY enabled before MaddPrestige
[16:06:50] [Server thread/INFO]: [MaddPrestige] Enabling MaddPrestige v2.0.0-SNAPSHOT
[16:06:51] [Server thread/INFO]: [MaddPrestige] MaddPrestige V2 Phase 8D candidate ready; configuration is safely dormant; startup recovery inspected 0 operation(s).
[16:06:51] [Server thread/INFO]: [Phase8E-Beta] Enabling Phase8E-Beta v1.0.0
[16:06:51] [Server thread/INFO]: [Phase8E-Beta] PHASE8E-BETA enabled after MaddPrestige startup
[16:06:51] [Server thread/INFO]: [Phase8E-Alpha] Enabling Phase8E-Alpha v1.0.0
[16:06:51] [Server thread/INFO]: [Phase8E-Alpha] PHASE8E-ALPHA enabled after MaddPrestige startup
[16:06:51] [Server thread/INFO]: [Phase8E-Harness] Enabling Phase8E-Harness v1.0.0
[16:06:51] [maddprestige-provider-callback-1/INFO]: [Phase8E-Beta] PHASE8E-BETA registered id=phase8e_beta:beta
[16:06:51] [maddprestige-provider-callback-1/INFO]: [Phase8E-Alpha] PHASE8E-ALPHA registered id=phase8e_alpha:alpha qualification-generation=1
[16:06:51] [Server thread/INFO]: Saving chunks for level 'ServerLevel[compat-world]'/minecraft:overworld
[16:06:51] [Server thread/INFO]: Saving chunks for level 'ServerLevel[compat-world]'/minecraft:the_nether
[16:06:51] [Server thread/INFO]: Saving chunks for level 'ServerLevel[compat-world]'/minecraft:the_end
[16:06:51] [Server thread/INFO]: Done (19.545s)! For help, type "help"
[16:06:55] [Server thread/INFO]: [Phase8E-Harness] PHASE8E-Q PASS 1 safely dormant first boot discovered exact setup providers without publishing progression
[16:06:55] [Server thread/INFO]: [Phase8E-Harness] PHASE8E-COMMAND maddprestige setup start -> [Setup session: <UUID>, Choose an existing rank provider or internal mode, then add at least two stages.]
[16:06:55] [Server thread/INFO]: [Phase8E-Harness] PHASE8E-Q PASS 2 fault-profile canonical setup session started
[16:06:55] [Server thread/INFO]: [Phase8E-Harness] PHASE8E-COMMAND maddprestige setup provider <UUID> internal -> [Provider selection was saved; no external groups were created.]
[16:06:55] [Server thread/INFO]: [Phase8E-Harness] PHASE8E-Q PASS 3 internal rank authority selected
[16:06:55] [Server thread/INFO]: [Phase8E-Harness] PHASE8E-COMMAND maddprestige setup stage <UUID> base Base -> [Stage added to the resumable setup draft; production remains unchanged.]
[16:06:55] [Server thread/INFO]: [Phase8E-Harness] PHASE8E-Q PASS 4 base stage added
[16:06:55] [Server thread/INFO]: [Phase8E-Harness] PHASE8E-COMMAND maddprestige setup stage <UUID> alpha Alpha -> [Stage added to the resumable setup draft; production remains unchanged.]
[16:06:55] [Server thread/INFO]: [Phase8E-Harness] PHASE8E-Q PASS 5 Alpha-qualified stage added
[16:06:56] [Server thread/INFO]: [Phase8E-Harness] PHASE8E-COMMAND maddprestige setup stage <UUID> target Target -> [Stage added to the resumable setup draft; production remains unchanged.]
[16:06:56] [Server thread/INFO]: [Phase8E-Harness] PHASE8E-Q PASS 6 Beta-qualified target stage added
[16:06:56] [Server thread/INFO]: [Phase8E-Harness] PHASE8E-COMMAND maddprestige setup baseline <UUID> base -> [Setup baseline selected.]
[16:06:56] [Server thread/INFO]: [Phase8E-Harness] PHASE8E-Q PASS 7 base stage selected
[16:06:56] [Server thread/INFO]: [Phase8E-Harness] PHASE8E-COMMAND maddprestige setup requirement <UUID> alpha alpha_points phase8e_alpha:alpha points GREATER_OR_EQUAL 1 ABSOLUTE LIVE -> [Eligibility requirement configured; preview validates provider and stage semantics.]
[16:06:56] [Server thread/INFO]: [Phase8E-Harness] PHASE8E-Q PASS 8 Alpha requirement attached
[16:06:56] [Server thread/INFO]: [Phase8E-Harness] PHASE8E-COMMAND maddprestige setup requirement <UUID> target beta_tokens phase8e_beta:beta tokens GREATER_OR_EQUAL 1 ABSOLUTE LIVE -> [Eligibility requirement configured; preview validates provider and stage semantics.]
[16:06:56] [Server thread/INFO]: [Phase8E-Harness] PHASE8E-Q PASS 9 Beta requirement attached
[16:06:56] [Server thread/INFO]: [Phase8E-Harness] PHASE8E-COMMAND maddprestige setup cost <UUID> fee vault_economy_cost vault_economy CURRENCY_AMOUNT 1 Fee -> [Stage cost configured; preview validates it.]
[16:06:56] [Server thread/INFO]: [Phase8E-Harness] PHASE8E-Q PASS 10 controlled Vault cost attached during dormant setup discovery
[16:06:56] [Server thread/INFO]: [Phase8E-Harness] PHASE8E-COMMAND maddprestige setup prestige <UUID> enabled target base -> [Prestige eligibility and reset behavior configured; preview the consequences.]
[16:06:56] [Server thread/INFO]: [Phase8E-Harness] PHASE8E-Q PASS 11 Prestige transition attached
[16:06:56] [Server thread/INFO]: [Phase8E-Harness] PHASE8E-COMMAND maddprestige setup preview <UUID> -> [Draft <UUID>; base NONE; hash 5a6bb41ce1918860f4c972b223963b0208967db6e5e6e7c35ed6cabc7d694aae, Draft version: 1, Changed documents: integrations.yml, lifecycle.yml, progression.yml, requirements.yml, rewards.yml, Validation: VALID, ACKNOWLEDGEMENT_REQUIRED progression.order [stage.order.semantic_change]: the ordered stage or rank-projection definition is inconsistent and could strand player progression., Next: correct the stage identity, ordering, projection, or sealed remap at progression.order, then preview again., ACKNOWLEDGEMENT_REQUIRED progression.stages [stage.projection.mapping_change]: the ordered stage or rank-projection definition is inconsistent and could strand player progression., Next: correct the stage identity, ordering, projection, or sealed remap at progression.stages, then preview again., DIFF ADDED progression.stages.alpha: ABSENT → alpha, DIFF ADDED progression.stages.base: ABSENT → base, DIFF ADDED progression.stages.target: ABSENT → target, DIFF REORDERED progression.order: (empty) → base -> alpha -> target, DIFF CHANGED progression.stages.alpha.projection: ABSENT → StageProjection[policy=NONE, providerId=Optional.empty, groupName=Optional.empty], DIFF CHANGED progression.stages.base.projection: ABSENT → StageProjection[policy=NONE, providerId=Optional.empty, groupName=Optional.empty], DIFF CHANGED progression.stages.target.projection: ABSENT → StageProjection[policy=NONE, providerId=Optional.empty, groupName=Optional.empty], Base → Alpha, Alpha → Target, Requirement: NONE, Requirement for alpha: alpha_points, Requirement for target: beta_tokens, Cost: fee, Reward: NONE, Prestige: eligible at target, resets to base]
[16:06:56] [Server thread/INFO]: [Phase8E-Harness] PHASE8E-Q PASS 12 consequential fault-profile setup preview compiled
[16:06:56] [Server thread/INFO]: [Phase8E-Harness] PHASE8E-COMMAND maddprestige setup acknowledge <UUID> -> [ACKNOWLEDGEMENT_REQUIRED progression.order [stage.order.semantic_change]: the ordered stage or rank-projection definition is inconsistent and could strand player progression., Next: correct the stage identity, ordering, projection, or sealed remap at progression.order, then preview again., ACKNOWLEDGEMENT_REQUIRED progression.stages [stage.projection.mapping_change]: the ordered stage or rank-projection definition is inconsistent and could strand player progression., Next: correct the stage identity, ordering, projection, or sealed remap at progression.stages, then preview again., Server acknowledgement: <UUID>, Confirm the server acknowledgement before 2026-08-23T23:11:56.664121200Z.]
[16:06:56] [Server thread/INFO]: [Phase8E-Harness] PHASE8E-Q PASS 13 setup risk acknowledged with server-issued token
[16:06:56] [Server thread/WARN]: [MaddPrestige] Canonical configuration remains fail-closed for revision <REVISION> while a required provider generation is unavailable
[16:06:56] [Server thread/WARN]: [MaddPrestige] Canonical configuration remains fail-closed for revision <REVISION> while a required provider generation is unavailable
[16:06:56] [Server thread/WARN]: [MaddPrestige] Canonical configuration remains fail-closed for revision <REVISION> while a required provider generation is unavailable
[16:06:56] [Server thread/WARN]: [MaddPrestige] Canonical configuration remains fail-closed for revision <REVISION> while a required provider generation is unavailable
[16:06:56] [Server thread/WARN]: [MaddPrestige] Canonical configuration remains fail-closed for revision <REVISION> while a required provider generation is unavailable
[16:06:56] [Server thread/WARN]: [MaddPrestige] Canonical configuration remains fail-closed for revision <REVISION> while a required provider generation is unavailable
[16:06:56] [Server thread/INFO]: [Phase8E-Harness] PHASE8E-COMMAND maddprestige setup confirm <UUID> phase8e fault profile -> [Setup applied as revision <REVISION>.]
[16:06:56] [Server thread/INFO]: [Phase8E-Harness] PHASE8E-Q PASS 14 consequential fault profile applied as <REVISION>
[16:06:56] [Server thread/INFO]: [Phase8E-Harness] PHASE8E-COMMAND maddprestige config draft -> [Draft created: <UUID>, Production remains unchanged until preview, validation, and apply complete.]
[16:06:57] [Server thread/INFO]: [Phase8E-Harness] PHASE8E-COMMAND maddprestige config set <UUID> integrations.vault.enabled true -> [Draft <UUID> updated at integrations.vault.enabled., Production remains unchanged until preview, validation, and apply complete.]
[16:06:57] [Server thread/INFO]: [Phase8E-Harness] PHASE8E-COMMAND maddprestige config set <UUID> integrations.mcmmo.enabled true -> [Draft <UUID> updated at integrations.mcmmo.enabled., Production remains unchanged until preview, validation, and apply complete.]
[16:06:57] [Server thread/INFO]: [Phase8E-Harness] PHASE8E-COMMAND maddprestige config set <UUID> integrations.placeholderapi.output.enabled true -> [Draft <UUID> updated at integrations.placeholderapi.output.enabled., Production remains unchanged until preview, validation, and apply complete.]
[16:06:57] [Server thread/INFO]: [Phase8E-Harness] PHASE8E-COMMAND maddprestige config set <UUID> integrations.economyshopgui.compatibility-enabled true -> [Draft <UUID> updated at integrations.economyshopgui.compatibility-enabled., Production remains unchanged until preview, validation, and apply complete.]
[16:06:57] [Server thread/INFO]: [Phase8E-Harness] PHASE8E-COMMAND maddprestige config set <UUID> integrations.quickshop.compatibility-enabled true -> [Draft <UUID> updated at integrations.quickshop.compatibility-enabled., Production remains unchanged until preview, validation, and apply complete.]
[16:06:57] [Server thread/INFO]: [Phase8E-Harness] PHASE8E-COMMAND maddprestige config set <UUID> integrations.griefprevention.enabled true -> [Draft <UUID> updated at integrations.griefprevention.enabled., Production remains unchanged until preview, validation, and apply complete.]
[16:06:57] [Server thread/INFO]: [Phase8E-Harness] PHASE8E-COMMAND maddprestige config set <UUID> integrations.worldguard.enabled true -> [Draft <UUID> updated at integrations.worldguard.enabled., Production remains unchanged until preview, validation, and apply complete.]
[16:06:57] [Server thread/INFO]: [Phase8E-Harness] PHASE8E-COMMAND maddprestige config set <UUID> integrations.craftengine.enabled true -> [Draft <UUID> updated at integrations.craftengine.enabled., Production remains unchanged until preview, validation, and apply complete.]
[16:06:57] [Server thread/INFO]: [Phase8E-Harness] PHASE8E-COMMAND maddprestige config validate <UUID> -> [Draft <UUID>; base <REVISION>; hash 1d9a8a1cdb8a453640dfc797bfe2f179803db66413cdd99483225408ccdc7e7a, Draft version: 9, Changed documents: integrations.yml, Validation: VALID]
[16:06:57] [Server thread/INFO]: [Phase8E-Harness] PHASE8E-COMMAND maddprestige config apply <UUID> <REVISION> phase8e exact fault integrations -> [Applied revision <REVISION>: APPLIED]
[16:06:57] [Server thread/INFO]: [Phase8E-Harness] PHASE8E-Q PASS 15 all supported exact dependency integrations enabled by canonical revision <REVISION>
[16:06:57] [Server thread/INFO]: [Phase8E-Harness] PHASE8E-Q PASS 16 canonical fault profile kept Vault consequential and enabled every exact dependency integration
[16:06:58] [Server thread/INFO]: [Phase8E-Harness] PHASE8E-Q PASS 17 normal RankUp/Prestige PRE and durable POST ordering, identities and status are exact
[16:06:58] [Server thread/INFO]: [Phase8E-Harness] PHASE8E-Q PASS 18 unknown-player PRE cancellation retained request identity with zero durable/economic effect
[16:06:58] [Server thread/INFO]: [Phase8E-Harness] PHASE8E-Q PASS 19 throwing PRE subscriber failed closed before durability with zero economic effect
[16:06:59] [Server thread/INFO]: [Phase8E-Harness] PHASE8E-Q PASS 20 same-player RankUp/Prestige recursion conflicted while cross-player operation completed
[16:06:59] [Server thread/INFO]: [Phase8E-Alpha] PHASE8E-ALPHA ServicesManager generation replaced
[16:06:59] [maddprestige-provider-callback-1/INFO]: [Phase8E-Alpha] PHASE8E-ALPHA unregistered callback
[16:06:59] [maddprestige-provider-callback-1/INFO]: [Phase8E-Alpha] PHASE8E-ALPHA registered id=phase8e_alpha:alpha qualification-generation=2
[16:06:59] [Server thread/INFO]: [Phase8E-Harness] PHASE8E-Q PASS 21 provider generation replacement after PRE failed stale work closed and recovered
[16:06:59] [Server thread/WARN]: [MaddPrestige] Canonical configuration remains fail-closed for revision <REVISION> while a required provider generation is unavailable
[16:06:59] [Server thread/WARN]: [MaddPrestige] Canonical configuration remains fail-closed for revision <REVISION> while a required provider generation is unavailable
[16:06:59] [Server thread/INFO]: [MaddPrestige] Optional Vault is present but not ready: Vault has no enabled Economy service
[16:06:59] [Server thread/INFO]: [Phase8E-Economy] PHASE8E-ECONOMY service unregistered
[16:06:59] [Server thread/WARN]: [MaddPrestige] Canonical configuration remains fail-closed for revision <REVISION> while a required provider generation is unavailable
[16:06:59] [Server thread/WARN]: [MaddPrestige] Canonical configuration remains fail-closed for revision <REVISION> while a required provider generation is unavailable
[16:06:59] [Server thread/WARN]: [MaddPrestige] Canonical configuration remains fail-closed for revision <REVISION> while a required provider generation is unavailable
[16:06:59] [Server thread/WARN]: [MaddPrestige] Canonical configuration remains fail-closed for revision <REVISION> while a required provider generation is unavailable
[16:06:59] [Server thread/INFO]: [Phase8E-Economy] PHASE8E-ECONOMY service registered
[16:06:59] [Server thread/INFO]: [Phase8E-Harness] PHASE8E-Q PASS 22 Economy service loss after PRE failed closed; replacement rebound exact Vault providers
[16:06:59] [Server thread/INFO]: [Phase8E-Economy] PHASE8E-ECONOMY mode=FAIL
[16:07:00] [Server thread/INFO]: [Phase8E-Economy] PHASE8E-ECONOMY mode=SUCCESS
[16:07:00] [Server thread/INFO]: [Phase8E-Harness] PHASE8E-Q PASS 23 definitely-not-applied external action produced FAILED with no balance or stage success claim
[16:07:00] [Server thread/INFO]: [Phase8E-Economy] PHASE8E-ECONOMY mode=THROW
[16:07:00] [Server thread/INFO]: [Phase8E-Economy] PHASE8E-ECONOMY mode=SUCCESS
[16:07:00] [Server thread/INFO]: [Phase8E-Harness] PHASE8E-Q PASS 24 throwing external action callback failed closed without a balance or stage success claim
[16:07:00] [Server thread/INFO]: [Phase8E-Harness] PHASE8E-Q PASS 25 applied and verified external action produced one durable clean success
[16:07:00] [Server thread/INFO]: [Phase8E-Economy] PHASE8E-ECONOMY mode=UNCERTAIN
[16:07:00] [Server thread/INFO]: [Phase8E-Economy] PHASE8E-ECONOMY mode=SUCCESS
[16:07:00] [Server thread/INFO]: [Phase8E-Harness] PHASE8E-Q PASS 26 uncertain external action retained durable identity and was never presented as clean success
[16:07:01] [Server thread/WARN]: [MaddPrestige] Post-operation listener failed safely for Phase8E-Harness
java.lang.IllegalStateException: controlled POST listener failure
	at Phase8E-Paper-Harness.jar//net.maddkraft.qualification.phase8e.Phase8EFaultQualification.lambda$registerLifecycleEvents$1(Phase8EFaultQualification.java:1016) ~[?:?]
	at Phase8E-Paper-Harness.jar//net.maddkraft.qualification.phase8e.Phase8EFaultQualification.lambda$registerEvent$0(Phase8EFaultQualification.java:1030) ~[?:?]
[16:07:01] [Server thread/INFO]: [Phase8E-Harness] PHASE8E-Q PASS 27 POST listener failure could not roll back or duplicate the already durable operation
[16:07:01] [Server thread/INFO]: [Phase8E-Alpha] PHASE8E-ALPHA mode=UNAVAILABLE
[16:07:01] [Server thread/INFO]: [Phase8E-Alpha] PHASE8E-ALPHA mode=HEALTHY
[16:07:01] [Server thread/INFO]: [Phase8E-Alpha] PHASE8E-ALPHA ServicesManager generation replaced
[16:07:01] [maddprestige-provider-callback-1/INFO]: [Phase8E-Alpha] PHASE8E-ALPHA unregistered callback
[16:07:01] [maddprestige-provider-callback-1/INFO]: [Phase8E-Alpha] PHASE8E-ALPHA registered id=phase8e_alpha:alpha qualification-generation=3
[16:07:01] [Server thread/INFO]: [Phase8E-Harness] PHASE8E-Q PASS 28 Alpha provider unavailable failed closed and a new generation recovered while Beta remained usable
[16:07:01] [Server thread/INFO]: [Phase8E-Alpha] PHASE8E-ALPHA mode=THROW
[16:07:01] [Server thread/INFO]: [Phase8E-Alpha] PHASE8E-ALPHA mode=HEALTHY
[16:07:01] [Server thread/INFO]: [Phase8E-Alpha] PHASE8E-ALPHA ServicesManager generation replaced
[16:07:01] [maddprestige-provider-callback-1/INFO]: [Phase8E-Alpha] PHASE8E-ALPHA unregistered callback
[16:07:01] [maddprestige-provider-callback-1/INFO]: [Phase8E-Alpha] PHASE8E-ALPHA registered id=phase8e_alpha:alpha qualification-generation=4
[16:07:01] [Server thread/INFO]: [Phase8E-Harness] PHASE8E-Q PASS 29 Alpha runtime callback throw failed closed and a new generation recovered while Beta remained usable
[16:07:01] [Server thread/INFO]: [Phase8E-Alpha] PHASE8E-ALPHA mode=LINKAGE
[16:07:01] [Server thread/INFO]: [Phase8E-Alpha] PHASE8E-ALPHA mode=HEALTHY
[16:07:01] [Server thread/INFO]: [Phase8E-Alpha] PHASE8E-ALPHA ServicesManager generation replaced
[16:07:01] [maddprestige-provider-callback-1/INFO]: [Phase8E-Alpha] PHASE8E-ALPHA unregistered callback
[16:07:01] [maddprestige-provider-callback-1/INFO]: [Phase8E-Alpha] PHASE8E-ALPHA registered id=phase8e_alpha:alpha qualification-generation=5
[16:07:02] [Server thread/INFO]: [Phase8E-Harness] PHASE8E-Q PASS 30 Alpha linkage-like callback failure failed closed and a new generation recovered while Beta remained usable
[16:07:02] [Server thread/INFO]: [Phase8E-Alpha] PHASE8E-ALPHA mode=MISSING
[16:07:02] [Server thread/INFO]: [Phase8E-Alpha] PHASE8E-ALPHA mode=HEALTHY
[16:07:02] [Server thread/INFO]: [Phase8E-Alpha] PHASE8E-ALPHA ServicesManager generation replaced
[16:07:02] [maddprestige-provider-callback-1/INFO]: [Phase8E-Alpha] PHASE8E-ALPHA unregistered callback
[16:07:02] [maddprestige-provider-callback-1/INFO]: [Phase8E-Alpha] PHASE8E-ALPHA registered id=phase8e_alpha:alpha qualification-generation=6
[16:07:02] [Server thread/INFO]: [Phase8E-Harness] PHASE8E-Q PASS 31 Alpha incomplete output failed closed and a new generation recovered while Beta remained usable
[16:07:02] [Server thread/INFO]: [Phase8E-Alpha] PHASE8E-ALPHA mode=EXTRA
[16:07:02] [Server thread/INFO]: [Phase8E-Alpha] PHASE8E-ALPHA mode=HEALTHY
[16:07:02] [Server thread/INFO]: [Phase8E-Alpha] PHASE8E-ALPHA ServicesManager generation replaced
[16:07:02] [maddprestige-provider-callback-1/INFO]: [Phase8E-Alpha] PHASE8E-ALPHA unregistered callback
[16:07:02] [maddprestige-provider-callback-1/INFO]: [Phase8E-Alpha] PHASE8E-ALPHA registered id=phase8e_alpha:alpha qualification-generation=7
[16:07:02] [Server thread/INFO]: [Phase8E-Harness] PHASE8E-Q PASS 32 Alpha unexpected extra output failed closed and a new generation recovered while Beta remained usable
[16:07:02] [Server thread/INFO]: [Phase8E-Alpha] PHASE8E-ALPHA mode=NULL
[16:07:02] [Server thread/INFO]: [Phase8E-Alpha] PHASE8E-ALPHA mode=HEALTHY
[16:07:02] [Server thread/INFO]: [Phase8E-Alpha] PHASE8E-ALPHA ServicesManager generation replaced
[16:07:02] [maddprestige-provider-callback-1/INFO]: [Phase8E-Alpha] PHASE8E-ALPHA unregistered callback
[16:07:02] [maddprestige-provider-callback-1/INFO]: [Phase8E-Alpha] PHASE8E-ALPHA registered id=phase8e_alpha:alpha qualification-generation=8
[16:07:03] [Server thread/INFO]: [Phase8E-Harness] PHASE8E-Q PASS 33 Alpha null output failed closed and a new generation recovered while Beta remained usable
[16:07:03] [Server thread/INFO]: [Phase8E-Alpha] PHASE8E-ALPHA mode=WRONG_TYPE
[16:07:03] [Server thread/INFO]: [Phase8E-Alpha] PHASE8E-ALPHA mode=HEALTHY
[16:07:03] [Server thread/INFO]: [Phase8E-Alpha] PHASE8E-ALPHA ServicesManager generation replaced
[16:07:03] [maddprestige-provider-callback-1/INFO]: [Phase8E-Alpha] PHASE8E-ALPHA unregistered callback
[16:07:03] [maddprestige-provider-callback-1/INFO]: [Phase8E-Alpha] PHASE8E-ALPHA registered id=phase8e_alpha:alpha qualification-generation=9
[16:07:03] [Server thread/INFO]: [Phase8E-Harness] PHASE8E-Q PASS 34 Alpha wrong metric type failed closed and a new generation recovered while Beta remained usable
[16:07:03] [Server thread/INFO]: [Phase8E-Alpha] PHASE8E-ALPHA mode=HANG
[16:07:06] [Server thread/INFO]: [Phase8E-Alpha] PHASE8E-ALPHA mode=HEALTHY
[16:07:06] [Server thread/INFO]: [Phase8E-Alpha] PHASE8E-ALPHA ServicesManager generation replaced
[16:07:06] [maddprestige-provider-callback-1/INFO]: [Phase8E-Alpha] PHASE8E-ALPHA unregistered callback
[16:07:06] [maddprestige-provider-callback-1/INFO]: [Phase8E-Alpha] PHASE8E-ALPHA registered id=phase8e_alpha:alpha qualification-generation=10
[16:07:06] [Server thread/INFO]: [Phase8E-Harness] PHASE8E-Q PASS 35 hung Alpha callback observed the production deadline/cancellation and recovered in 3100 ms
[16:07:06] [Server thread/INFO]: [Phase8E-Alpha] PHASE8E-ALPHA synchronous callback barrier reset
[16:07:06] [Server thread/INFO]: [Phase8E-Alpha] PHASE8E-ALPHA mode=SYNC_BLOCK
[16:07:06] [Server thread/INFO]: [Phase8E-Alpha] PHASE8E-ALPHA ServicesManager generation replaced
[16:07:06] [maddprestige-provider-callback-4/INFO]: [Phase8E-Alpha] PHASE8E-ALPHA unregistered callback
[16:07:06] [maddprestige-provider-callback-4/INFO]: [Phase8E-Alpha] PHASE8E-ALPHA registered id=phase8e_alpha:alpha qualification-generation=11
[16:07:07] [Server thread/INFO]: [Phase8E-Alpha] PHASE8E-ALPHA ServicesManager generation replaced
[16:07:07] [maddprestige-provider-callback-4/INFO]: [Phase8E-Alpha] PHASE8E-ALPHA unregistered callback
[16:07:07] [maddprestige-provider-callback-4/INFO]: [Phase8E-Alpha] PHASE8E-ALPHA registered id=phase8e_alpha:alpha qualification-generation=12
[16:07:07] [Server thread/INFO]: [Phase8E-Alpha] PHASE8E-ALPHA ServicesManager generation replaced
[16:07:07] [maddprestige-provider-callback-4/INFO]: [Phase8E-Alpha] PHASE8E-ALPHA unregistered callback
[16:07:07] [maddprestige-provider-callback-5/INFO]: [Phase8E-Alpha] PHASE8E-ALPHA registered id=phase8e_alpha:alpha qualification-generation=13
[16:07:07] [Server thread/INFO]: [Phase8E-Alpha] PHASE8E-ALPHA ServicesManager generation replaced
[16:07:07] [maddprestige-provider-callback-5/INFO]: [Phase8E-Alpha] PHASE8E-ALPHA unregistered callback
[16:07:07] [maddprestige-provider-callback-5/INFO]: [Phase8E-Alpha] PHASE8E-ALPHA registered id=phase8e_alpha:alpha qualification-generation=14
[16:07:07] [maddprestige-provider-callback-5/INFO]: [Phase8E-Alpha] PHASE8E-ALPHA unregistered callback
[16:07:07] [maddprestige-provider-lifecycle/INFO]: [Phase8E-Alpha] PHASE8E-ALPHA handle-unregister=complete
[16:07:07] [Server thread/WARN]: [MaddPrestige] Canonical configuration remains fail-closed for revision <REVISION> while a required provider generation is unavailable
[16:07:07] [Server thread/INFO]: [Phase8E-Alpha] PHASE8E-ALPHA ServicesManager generation replaced
[16:07:07] [maddprestige-provider-callback-5/INFO]: [Phase8E-Alpha] PHASE8E-ALPHA registered id=phase8e_alpha:alpha qualification-generation=15
[16:07:10] [Server thread/INFO]: [Phase8E-Alpha] PHASE8E-ALPHA mode=HEALTHY
[16:07:10] [Server thread/INFO]: [Phase8E-Alpha] PHASE8E-ALPHA ServicesManager generation replaced
[16:07:10] [maddprestige-provider-callback-2/INFO]: [Phase8E-Alpha] PHASE8E-ALPHA unregistered callback
[16:07:10] [maddprestige-provider-callback-2/INFO]: [Phase8E-Alpha] PHASE8E-ALPHA registered id=phase8e_alpha:alpha qualification-generation=16
[16:07:10] [Server thread/INFO]: [Phase8E-Harness] PHASE8E-Q PASS 36 callback executor=8 logical-alpha-budget=4 old-generation-blocked=4; generation-2 AlphaAttemptResult[attempted=8, admitted=0, rejected=8]; repeated-rebind AlphaAttemptResult[attempted=4, admitted=0, rejected=4]; post-unregister AlphaAttemptResult[attempted=4, admitted=0, rejected=4]; Beta remained usable across overlap with max-latency=100 ms; recovery=48 ms; final-active=0 callback-workers=6
[16:07:10] [Server thread/INFO]: [Phase8E-Beta] PHASE8E-BETA mode=ONLINE_ONLY
[16:07:10] [Server thread/INFO]: [Phase8E-Beta] PHASE8E-BETA mode=UNAVAILABLE
[16:07:10] [Server thread/INFO]: [Phase8E-Beta] PHASE8E-BETA mode=HEALTHY
[16:07:10] [Server thread/INFO]: [Phase8E-Harness] PHASE8E-Q PASS 37 explicit offline and unhealthy Beta states blocked only their target while Alpha remained usable
[16:07:11] [Server thread/INFO]: [Phase8E-Alpha] PHASE8E-ALPHA duplicate declaration submitted
[16:07:11] [maddprestige-provider-lifecycle/WARN]: [MaddPrestige] Provider callback failed safely for Phase8E-Alpha during registration: IllegalArgumentException
[16:07:11] [Server thread/INFO]: [Phase8E-Harness] PHASE8E-Q PASS 38 duplicate/ambiguous declaration failed safely without replacing the active generation
[16:07:11] [maddprestige-provider-callback-2/INFO]: [Phase8E-Alpha] PHASE8E-ALPHA unregistered callback
[16:07:11] [maddprestige-provider-lifecycle/INFO]: [Phase8E-Alpha] PHASE8E-ALPHA handle-unregister=complete
[16:07:11] [Server thread/WARN]: [MaddPrestige] Canonical configuration remains fail-closed for revision <REVISION> while a required provider generation is unavailable
[16:07:11] [Server thread/INFO]: [Phase8E-Alpha] PHASE8E-ALPHA ServicesManager generation replaced
[16:07:11] [maddprestige-provider-callback-2/INFO]: [Phase8E-Alpha] PHASE8E-ALPHA registered id=phase8e_alpha:alpha qualification-generation=17
[16:07:11] [Server thread/INFO]: [Phase8E-Harness] PHASE8E-Q PASS 39 Alpha unregister/rebind replaced its generation without changing Beta or revision
[16:07:11] [Server thread/INFO]: [Phase8E-Harness] PHASE8E-Q PASS 40 mcMMO Paper lifecycle loss/return signals were capability-local with correct scope
[16:07:12] [Server thread/INFO]: [Phase8E-Harness] PHASE8E-Q PASS 41 GriefPrevention Paper lifecycle loss/return signals were capability-local with correct scope
[16:07:12] [Server thread/INFO]: [Phase8E-Harness] PHASE8E-Q PASS 42 WorldGuard Paper lifecycle loss/return signals were capability-local with correct scope
[16:07:12] [Server thread/INFO]: [Phase8E-Harness] PHASE8E-Q PASS 43 CraftEngine public reload and completed reload-event rebind preserved capability scope
[16:07:12] [Server thread/INFO]: [Phase8E-Harness] PHASE8E-Q PASS 44 PlaceholderAPI Paper lifecycle loss/return signals were capability-local with correct scope
[16:07:13] [Server thread/INFO]: [Phase8E-Harness] PHASE8E-Q PASS 45 EconomyShopGUI diagnostic-only listener withdrew and rebound exactly once; it exposes no progression callback/reload authority and unrelated progression remained usable
[16:07:13] [Server thread/INFO]: [Phase8E-Harness] PHASE8E-Q PASS 46 QuickShop-Hikari diagnostic-only listener withdrew and rebound exactly once; it exposes no progression callback/reload authority and unrelated progression remained usable
[16:07:13] [Server thread/WARN]: [MaddPrestige] Canonical configuration remains fail-closed for revision <REVISION> while a required provider generation is unavailable
[16:07:13] [Server thread/WARN]: [MaddPrestige] Canonical configuration remains fail-closed for revision <REVISION> while a required provider generation is unavailable
[16:07:13] [Server thread/WARN]: [MaddPrestige] Canonical configuration remains fail-closed for revision <REVISION> while a required provider generation is unavailable
[16:07:13] [Server thread/WARN]: [MaddPrestige] Canonical configuration remains fail-closed for revision <REVISION> while a required provider generation is unavailable
[16:07:13] [Server thread/WARN]: [MaddPrestige] Canonical configuration remains fail-closed for revision <REVISION> while a required provider generation is unavailable
[16:07:13] [Server thread/WARN]: [MaddPrestige] Canonical configuration remains fail-closed for revision <REVISION> while a required provider generation is unavailable
[16:07:13] [Server thread/INFO]: [Phase8E-Harness] PHASE8E-Q PASS 47 Vault Paper lifecycle loss/return signals were capability-local with correct scope
[16:07:13] [Server thread/INFO]: [Phase8E-Harness] PHASE8E-Q PASS 48 fault matrix completed with all unrelated providers available and no false clean success
[16:07:13] [Server thread/INFO]: [Phase8E-Harness] PHASE8E-FAULT COMPLETE pass-count=48 withdrawals=9 timings-ms={sync-rebind-recovery=48, sync-rebind-beta-max=100, alpha-hang=3100}
[16:07:14] [Server thread/INFO]: Stopping server
[16:07:14] [Server thread/INFO]: [Phase8E-Harness] Disabling Phase8E-Harness v1.0.0
[16:07:14] [Server thread/INFO]: [Phase8E-Harness] PHASE8E-FAULT shutdown mode=fault pass-count=48 withdrawals=9 deposits=0 timings-ms={sync-rebind-recovery=48, sync-rebind-beta-max=100, alpha-hang=3100}
[16:07:14] [Server thread/INFO]: [Phase8E-Alpha] Disabling Phase8E-Alpha v1.0.0
[16:07:14] [Server thread/INFO]: [Phase8E-Alpha] PHASE8E-ALPHA disabled reads=44 cancellations=1
[16:07:14] [maddprestige-provider-callback-2/INFO]: [Phase8E-Alpha] PHASE8E-ALPHA unregistered callback
[16:07:14] [Server thread/INFO]: [Phase8E-Beta] Disabling Phase8E-Beta v1.0.0
[16:07:14] [Server thread/INFO]: [Phase8E-Beta] PHASE8E-BETA disabled reads=8
[16:07:14] [maddprestige-provider-callback-2/INFO]: [Phase8E-Beta] PHASE8E-BETA unregistered callback
[16:07:14] [Server thread/INFO]: [MaddPrestige] Disabling MaddPrestige v2.0.0-SNAPSHOT
[16:07:14] [Server thread/INFO]: [Phase8E-Economy] Disabling Phase8E-Economy v1.0.0
[16:07:14] [Server thread/INFO]: [Phase8E-Economy] PHASE8E-ECONOMY service unregistered
[16:07:14] [Server thread/INFO]: [Phase8E-Economy] PHASE8E-ECONOMY disabled withdrawals=9 deposits=0
[16:07:14] [Server thread/INFO]: Saving chunks for level 'ServerLevel[compat-world]'/minecraft:overworld
[16:07:14] [Server thread/INFO]: Saving chunks for level 'ServerLevel[compat-world]'/minecraft:the_nether
[16:07:14] [Server thread/INFO]: Saving chunks for level 'ServerLevel[compat-world]'/minecraft:the_end
