[16:12:49] [ServerMain/INFO]: [bootstrap] Running Java 25 (OpenJDK 64-Bit Server VM 25.0.3+9-LTS; Eclipse Adoptium Temurin-25.0.3+9) on Windows 11 10.0 (amd64)
[16:12:49] [ServerMain/INFO]: [bootstrap] Loading Paper 26.1.2-74-ver/26.1.2@e4e17fc (2026-07-06T16:51:09Z) for Minecraft 26.1.2
[16:12:49] [ServerMain/INFO]: [PluginInitializerManager] Initializing plugins...
[16:12:50] [ServerMain/INFO]: [PluginInitializerManager] Initialized 4 plugins
[16:12:50] [ServerMain/INFO]: [PluginInitializerManager] Bukkit plugins (4):
 - MaddPrestige (2.0.0-SNAPSHOT), Phase8E-Alpha (1.0.0), Phase8E-Beta (1.0.0), Phase8E-Harness (1.0.0)
[16:12:53] [Server thread/INFO]: [MaddPrestige] Loading server plugin MaddPrestige v2.0.0-SNAPSHOT
[16:12:53] [Server thread/INFO]: [Phase8E-Alpha] Loading server plugin Phase8E-Alpha v1.0.0
[16:12:53] [Server thread/INFO]: [Phase8E-Beta] Loading server plugin Phase8E-Beta v1.0.0
[16:12:53] [Server thread/INFO]: [Phase8E-Harness] Loading server plugin Phase8E-Harness v1.0.0
[16:12:53] [Server thread/INFO]: Preparing level "compat-world"
[16:12:54] [Server thread/INFO]: Done preparing level "compat-world" (0.769s)
[16:12:54] [Server thread/INFO]: [MaddPrestige] Enabling MaddPrestige v2.0.0-SNAPSHOT
[16:12:54] [Server thread/INFO]: [MaddPrestige] LuckPerms plugin is absent; rank projection remains fail-closed when configured.
[16:12:54] [Server thread/INFO]: [MaddPrestige] MaddPrestige V2 Phase 8D candidate ready; configuration is safely dormant; startup recovery inspected 0 operation(s).
[16:12:54] [Server thread/INFO]: [Phase8E-Alpha] Enabling Phase8E-Alpha v1.0.0
[16:12:54] [Server thread/INFO]: [Phase8E-Alpha] PHASE8E-ALPHA enabled after MaddPrestige startup
[16:12:54] [Server thread/INFO]: [Phase8E-Beta] Enabling Phase8E-Beta v1.0.0
[16:12:54] [Server thread/INFO]: [Phase8E-Beta] PHASE8E-BETA enabled after MaddPrestige startup
[16:12:54] [Server thread/INFO]: [Phase8E-Harness] Enabling Phase8E-Harness v1.0.0
[16:12:54] [maddprestige-provider-callback-1/INFO]: [Phase8E-Alpha] PHASE8E-ALPHA registered id=phase8e_alpha:alpha qualification-generation=1
[16:12:54] [maddprestige-provider-callback-1/INFO]: [Phase8E-Beta] PHASE8E-BETA registered id=phase8e_beta:beta
[16:12:54] [Server thread/INFO]: Saving chunks for level 'ServerLevel[compat-world]'/minecraft:overworld
[16:12:54] [Server thread/INFO]: Saving chunks for level 'ServerLevel[compat-world]'/minecraft:the_nether
[16:12:54] [Server thread/INFO]: Saving chunks for level 'ServerLevel[compat-world]'/minecraft:the_end
[16:12:54] [Server thread/INFO]: Done (5.641s)! For help, type "help"
[16:12:58] [Server thread/INFO]: [Phase8E-Harness] PHASE8E-Q PASS 1 all optional dependencies were absent at boot and published no false capability
[16:12:58] [Server thread/INFO]: [Phase8E-Harness] PHASE8E-COMMAND maddprestige setup start -> [Setup session: <UUID>, Choose an existing rank provider or internal mode, then add at least two stages.]
[16:12:58] [Server thread/INFO]: [Phase8E-Harness] PHASE8E-Q PASS 2 absence canonical setup session started
[16:12:59] [Server thread/INFO]: [Phase8E-Harness] PHASE8E-COMMAND maddprestige setup provider <UUID> internal -> [Provider selection was saved; no external groups were created.]
[16:12:59] [Server thread/INFO]: [Phase8E-Harness] PHASE8E-Q PASS 3 absence internal rank authority selected
[16:12:59] [Server thread/INFO]: [Phase8E-Harness] PHASE8E-COMMAND maddprestige setup stage <UUID> base Base -> [Stage added to the resumable setup draft; production remains unchanged.]
[16:12:59] [Server thread/INFO]: [Phase8E-Harness] PHASE8E-Q PASS 4 absence base stage added
[16:12:59] [Server thread/INFO]: [Phase8E-Harness] PHASE8E-COMMAND maddprestige setup stage <UUID> alpha Alpha -> [Stage added to the resumable setup draft; production remains unchanged.]
[16:12:59] [Server thread/INFO]: [Phase8E-Harness] PHASE8E-Q PASS 5 absence Alpha-qualified stage added
[16:12:59] [Server thread/INFO]: [Phase8E-Harness] PHASE8E-COMMAND maddprestige setup stage <UUID> target Target -> [Stage added to the resumable setup draft; production remains unchanged.]
[16:12:59] [Server thread/INFO]: [Phase8E-Harness] PHASE8E-Q PASS 6 absence Beta-qualified target stage added
[16:12:59] [Server thread/INFO]: [Phase8E-Harness] PHASE8E-COMMAND maddprestige setup baseline <UUID> base -> [Setup baseline selected.]
[16:12:59] [Server thread/INFO]: [Phase8E-Harness] PHASE8E-Q PASS 7 absence base stage selected
[16:12:59] [Server thread/INFO]: [Phase8E-Harness] PHASE8E-COMMAND maddprestige setup requirement <UUID> alpha alpha_points phase8e_alpha:alpha points GREATER_OR_EQUAL 1 ABSOLUTE LIVE -> [Eligibility requirement configured; preview validates provider and stage semantics.]
[16:12:59] [Server thread/INFO]: [Phase8E-Harness] PHASE8E-Q PASS 8 absence Alpha requirement attached
[16:12:59] [Server thread/INFO]: [Phase8E-Harness] PHASE8E-COMMAND maddprestige setup requirement <UUID> target beta_tokens phase8e_beta:beta tokens GREATER_OR_EQUAL 1 ABSOLUTE LIVE -> [Eligibility requirement configured; preview validates provider and stage semantics.]
[16:12:59] [Server thread/INFO]: [Phase8E-Harness] PHASE8E-Q PASS 9 absence Beta requirement attached
[16:12:59] [Server thread/INFO]: [Phase8E-Harness] PHASE8E-COMMAND maddprestige setup prestige <UUID> disabled -> [Prestige eligibility and reset behavior configured; preview the consequences.]
[16:12:59] [Server thread/INFO]: [Phase8E-Harness] PHASE8E-Q PASS 10 absence Prestige disabled
[16:12:59] [Server thread/INFO]: [Phase8E-Harness] PHASE8E-COMMAND maddprestige setup preview <UUID> -> [Draft <UUID>; base NONE; hash aaf94c28c7aa91ac7dbc37619e5fe9c2f74c4b073524bbe00679a9481e18f169, Draft version: 1, Changed documents: integrations.yml, lifecycle.yml, progression.yml, requirements.yml, rewards.yml, Validation: VALID, ACKNOWLEDGEMENT_REQUIRED progression.order [stage.order.semantic_change]: the ordered stage or rank-projection definition is inconsistent and could strand player progression., Next: correct the stage identity, ordering, projection, or sealed remap at progression.order, then preview again., ACKNOWLEDGEMENT_REQUIRED progression.stages [stage.projection.mapping_change]: the ordered stage or rank-projection definition is inconsistent and could strand player progression., Next: correct the stage identity, ordering, projection, or sealed remap at progression.stages, then preview again., DIFF ADDED progression.stages.alpha: ABSENT → alpha, DIFF ADDED progression.stages.base: ABSENT → base, DIFF ADDED progression.stages.target: ABSENT → target, DIFF REORDERED progression.order: (empty) → base -> alpha -> target, DIFF CHANGED progression.stages.alpha.projection: ABSENT → StageProjection[policy=NONE, providerId=Optional.empty, groupName=Optional.empty], DIFF CHANGED progression.stages.base.projection: ABSENT → StageProjection[policy=NONE, providerId=Optional.empty, groupName=Optional.empty], DIFF CHANGED progression.stages.target.projection: ABSENT → StageProjection[policy=NONE, providerId=Optional.empty, groupName=Optional.empty], Base → Alpha, Alpha → Target, Requirement: NONE, Requirement for alpha: alpha_points, Requirement for target: beta_tokens, Cost: NONE, Reward: NONE, Prestige: disabled]
[16:12:59] [Server thread/INFO]: [Phase8E-Harness] PHASE8E-Q PASS 11 absence profile preview compiled without optional dependencies
[16:12:59] [Server thread/INFO]: [Phase8E-Harness] PHASE8E-COMMAND maddprestige setup acknowledge <UUID> -> [ACKNOWLEDGEMENT_REQUIRED progression.order [stage.order.semantic_change]: the ordered stage or rank-projection definition is inconsistent and could strand player progression., Next: correct the stage identity, ordering, projection, or sealed remap at progression.order, then preview again., ACKNOWLEDGEMENT_REQUIRED progression.stages [stage.projection.mapping_change]: the ordered stage or rank-projection definition is inconsistent and could strand player progression., Next: correct the stage identity, ordering, projection, or sealed remap at progression.stages, then preview again., Server acknowledgement: <UUID>, Confirm the server acknowledgement before 2026-08-23T23:17:59.885336600Z.]
[16:12:59] [Server thread/INFO]: [Phase8E-Harness] PHASE8E-Q PASS 12 absence setup risk acknowledged with server-issued token
[16:13:00] [Server thread/INFO]: [Phase8E-Harness] PHASE8E-COMMAND maddprestige setup confirm <UUID> phase8e absence profile -> [Setup applied as revision <REVISION>.]
[16:13:00] [Server thread/INFO]: [Phase8E-Harness] PHASE8E-Q PASS 13 absence profile applied as <REVISION>
[16:13:00] [Server thread/INFO]: [Phase8E-Harness] PHASE8E-Q PASS 14 absence environment published the configured external-provider profile
[16:13:00] [Server thread/INFO]: [Phase8E-Harness] PHASE8E-Q PASS 15 unrelated configured progression remained usable with all optional dependencies absent
[16:13:00] [Server thread/INFO]: [Phase8E-Harness] PHASE8E-ABSENCE COMPLETE pass-count=15
[16:13:01] [Server thread/INFO]: Stopping server
[16:13:01] [Server thread/INFO]: [Phase8E-Harness] Disabling Phase8E-Harness v1.0.0
[16:13:01] [Server thread/INFO]: [Phase8E-Harness] PHASE8E-FAULT shutdown mode=absence pass-count=15 withdrawals=0 deposits=0 timings-ms={}
[16:13:01] [Server thread/INFO]: [Phase8E-Beta] Disabling Phase8E-Beta v1.0.0
[16:13:01] [Server thread/INFO]: [Phase8E-Beta] PHASE8E-BETA disabled reads=0
[16:13:01] [Server thread/INFO]: [Phase8E-Alpha] Disabling Phase8E-Alpha v1.0.0
[16:13:01] [maddprestige-provider-callback-1/INFO]: [Phase8E-Beta] PHASE8E-BETA unregistered callback
[16:13:01] [Server thread/INFO]: [Phase8E-Alpha] PHASE8E-ALPHA disabled reads=1 cancellations=0
[16:13:01] [maddprestige-provider-callback-1/INFO]: [Phase8E-Alpha] PHASE8E-ALPHA unregistered callback
[16:13:01] [Server thread/INFO]: [MaddPrestige] Disabling MaddPrestige v2.0.0-SNAPSHOT
[16:13:01] [Server thread/INFO]: Saving chunks for level 'ServerLevel[compat-world]'/minecraft:overworld
[16:13:01] [Server thread/INFO]: Saving chunks for level 'ServerLevel[compat-world]'/minecraft:the_nether
[16:13:01] [Server thread/INFO]: Saving chunks for level 'ServerLevel[compat-world]'/minecraft:the_end
