[16:06:01] [ServerMain/INFO]: [bootstrap] Running Java 25 (OpenJDK 64-Bit Server VM 25.0.3+9-LTS; Eclipse Adoptium Temurin-25.0.3+9) on Windows 11 10.0 (amd64)
[16:06:01] [ServerMain/INFO]: [bootstrap] Loading Paper 26.1.2-74-ver/26.1.2@e4e17fc (2026-07-06T16:51:09Z) for Minecraft 26.1.2
[16:06:01] [ServerMain/INFO]: [PluginInitializerManager] Initializing plugins...
[16:06:02] [ServerMain/INFO]: [PluginInitializerManager] Initialized 15 plugins
[16:06:02] [ServerMain/INFO]: [PluginInitializerManager] Paper plugins (2):
 - CraftEngine (26.7.4), EconomyShopGUI (7.2.0)
[16:06:02] [ServerMain/INFO]: [PluginInitializerManager] Bukkit plugins (13):
 - GriefPrevention (16.18.7), LuckPerms (5.5.71), MaddPrestige (2.0.0-SNAPSHOT), Phase8E-Alpha (1.0.0), Phase8E-Beta (1.0.0), Phase8E-Economy (1.0.0), Phase8E-Harness (1.0.0), PlaceholderAPI (2.12.2), QuickShop-Hikari (6.2.0.11), Vault (2.20.2), WorldEdit (7.4.4+7546-f9e033f), WorldGuard (7.0.18+2392-fa605e6), mcMMO (2.2.053)
[16:06:09] [Server thread/INFO]: [Phase8E-Economy] Loading server plugin Phase8E-Economy v1.0.0
[16:06:12] [Server thread/INFO]: [MaddPrestige] Loading server plugin MaddPrestige v2.0.0-SNAPSHOT
[16:06:12] [Server thread/INFO]: [Phase8E-Beta] Loading server plugin Phase8E-Beta v1.0.0
[16:06:12] [Server thread/INFO]: [Phase8E-Alpha] Loading server plugin Phase8E-Alpha v1.0.0
[16:06:12] [Server thread/INFO]: [Phase8E-Harness] Loading server plugin Phase8E-Harness v1.0.0
[16:06:13] [Server thread/INFO]: Preparing level "compat-world"
[16:06:13] [Server thread/INFO]: Done preparing level "compat-world" (0.821s)
[16:06:14] [Server thread/INFO]: [Phase8E-Economy] Enabling Phase8E-Economy v1.0.0
[16:06:14] [Server thread/INFO]: [Phase8E-Economy] PHASE8E-ECONOMY service registered
[16:06:14] [Server thread/INFO]: [Phase8E-Economy] PHASE8E-ECONOMY enabled before MaddPrestige
[16:06:15] [Server thread/INFO]: [MaddPrestige] Enabling MaddPrestige v2.0.0-SNAPSHOT
[16:06:15] [Server thread/INFO]: [MaddPrestige] MaddPrestige V2 Phase 8D candidate ready; configuration is safely dormant; startup recovery inspected 0 operation(s).
[16:06:15] [Server thread/INFO]: [Phase8E-Beta] Enabling Phase8E-Beta v1.0.0
[16:06:15] [Server thread/INFO]: [Phase8E-Beta] PHASE8E-BETA enabled after MaddPrestige startup
[16:06:15] [Server thread/INFO]: [Phase8E-Alpha] Enabling Phase8E-Alpha v1.0.0
[16:06:15] [Server thread/INFO]: [Phase8E-Alpha] PHASE8E-ALPHA enabled after MaddPrestige startup
[16:06:15] [Server thread/INFO]: [Phase8E-Harness] Enabling Phase8E-Harness v1.0.0
[16:06:15] [maddprestige-provider-callback-1/INFO]: [Phase8E-Beta] PHASE8E-BETA registered id=phase8e_beta:beta
[16:06:15] [maddprestige-provider-callback-1/INFO]: [Phase8E-Alpha] PHASE8E-ALPHA registered id=phase8e_alpha:alpha qualification-generation=1
[16:06:15] [Server thread/INFO]: Saving chunks for level 'ServerLevel[compat-world]'/minecraft:overworld
[16:06:15] [Server thread/INFO]: Saving chunks for level 'ServerLevel[compat-world]'/minecraft:the_nether
[16:06:16] [Server thread/INFO]: Saving chunks for level 'ServerLevel[compat-world]'/minecraft:the_end
[16:06:16] [Server thread/INFO]: Done (15.469s)! For help, type "help"
[16:06:20] [Server thread/INFO]: [Phase8E-Harness] PHASE8E-Q PASS 1 setup discovery exposed every exact built-in integration candidate
[16:06:20] [Server thread/INFO]: [Phase8E-Harness] PHASE8E-COMMAND maddprestige setup discover -> [Active V2 configuration present: false, craftengine_item_count: active=true, healthy=true, rank=false, metrics=[item_count], craftengine_item_reward: active=true, healthy=true, rank=false, metrics=[], griefprevention_claim_blocks_reward: active=true, healthy=true, rank=false, metrics=[], griefprevention_claims: active=true, healthy=true, rank=false, metrics=[accrued_claim_blocks, bonus_claim_blocks, owned_claim_count, remaining_claim_blocks], luckperms: active=true, healthy=true, rank=true, metrics=[], mcmmo: active=true, healthy=true, rank=false, metrics=[power_level, skill_level], paper_statistics: active=true, healthy=true, rank=false, metrics=[animals_bred, armor_cleaned, aviate_one_cm, banner_cleaned, beacon_interaction, bell_ring, boat_one_cm, break_item, brewingstand_interaction, cake_slices_eaten, cauldron_filled, cauldron_used, chest_opened, clean_shulker_box, climb_one_cm, craft_item, crafting_table_interaction, crouch_one_cm, damage_absorbed, damage_blocked_by_shield, damage_dealt, damage_dealt_absorbed, damage_dealt_resisted, damage_resisted, damage_taken, deaths, dispenser_inspected, drop, drop_count, dropper_inspected, enderchest_opene…, paper_world_context: active=true, healthy=true, rank=false, metrics=[environment, in_world_set, world_name, world_uuid], phase5_events: active=true, healthy=true, rank=false, metrics=[mcmmo_adjusted_xp_total], phase8e_alpha:alpha: active=true, healthy=true, rank=false, metrics=[bonus, points], phase8e_beta:beta: active=true, healthy=true, rank=false, metrics=[online_only, tokens], vault_balance: active=true, healthy=true, rank=false, metrics=[balance], vault_economy_cost: active=true, healthy=true, rank=false, metrics=[], vault_economy_reward: active=true, healthy=true, rank=false, metrics=[], worldguard_region: active=true, healthy=true, rank=false, metrics=[inside_region], Setup validates existing external groups and never creates permission groups.]
[16:06:20] [Server thread/INFO]: [Phase8E-Harness] PHASE8E-Q PASS 2 setup discovery advertised phase5_events:mcmmo_adjusted_xp_total
[16:06:20] [Server thread/INFO]: [Phase8E-Harness] PHASE8E-COMMAND maddprestige setup start -> [Setup session: <UUID>, Choose an existing rank provider or internal mode, then add at least two stages.]
[16:06:20] [Server thread/INFO]: [Phase8E-Harness] PHASE8E-Q PASS 3 setup-audit canonical session started
[16:06:20] [Server thread/INFO]: [Phase8E-Harness] PHASE8E-COMMAND maddprestige setup provider <UUID> internal -> [Provider selection was saved; no external groups were created.]
[16:06:20] [Server thread/INFO]: [Phase8E-Harness] PHASE8E-Q PASS 4 setup-audit internal rank authority selected
[16:06:20] [Server thread/INFO]: [Phase8E-Harness] PHASE8E-COMMAND maddprestige setup stage <UUID> base Base -> [Stage added to the resumable setup draft; production remains unchanged.]
[16:06:20] [Server thread/INFO]: [Phase8E-Harness] PHASE8E-Q PASS 5 setup-audit base stage added
[16:06:20] [Server thread/INFO]: [Phase8E-Harness] PHASE8E-COMMAND maddprestige setup stage <UUID> manual Manual -> [Stage added to the resumable setup draft; production remains unchanged.]
[16:06:20] [Server thread/INFO]: [Phase8E-Harness] PHASE8E-Q PASS 6 setup-audit manual mcMMO event stage added
[16:06:20] [Server thread/INFO]: [Phase8E-Harness] PHASE8E-COMMAND maddprestige setup stage <UUID> vault Vault -> [Stage added to the resumable setup draft; production remains unchanged.]
[16:06:20] [Server thread/INFO]: [Phase8E-Harness] PHASE8E-Q PASS 7 setup-audit Vault stage added
[16:06:20] [Server thread/INFO]: [Phase8E-Harness] PHASE8E-COMMAND maddprestige setup stage <UUID> mcmmo McMMO -> [Stage added to the resumable setup draft; production remains unchanged.]
[16:06:20] [Server thread/INFO]: [Phase8E-Harness] PHASE8E-Q PASS 8 setup-audit mcMMO stage added
[16:06:21] [Server thread/INFO]: [Phase8E-Harness] PHASE8E-COMMAND maddprestige setup stage <UUID> claims Claims -> [Stage added to the resumable setup draft; production remains unchanged.]
[16:06:21] [Server thread/INFO]: [Phase8E-Harness] PHASE8E-Q PASS 9 setup-audit GriefPrevention stage added
[16:06:21] [Server thread/INFO]: [Phase8E-Harness] PHASE8E-COMMAND maddprestige setup baseline <UUID> base -> [Setup baseline selected.]
[16:06:21] [Server thread/INFO]: [Phase8E-Harness] PHASE8E-Q PASS 10 setup-audit baseline selected
[16:06:21] [Server thread/INFO]: [Phase8E-Harness] PHASE8E-COMMAND-EXPECTED-FAILURE maddprestige setup requirement <UUID> vault wg worldguard_region inside_region EQUAL true ABSOLUTE LIVE -> [Provider worldguard_region requires worldguard configuration that simple setup cannot generate: region-id filter. Diagnostic code: setup.integration.unconfigurable., Next: choose a provider supported by simple setup, or use the canonical configuration workflow to supply the required integration metadata.]
[16:06:21] [Server thread/INFO]: [Phase8E-Harness] PHASE8E-Q PASS 11 WorldGuard region-id requirement was rejected before preview/publication with an actionable diagnostic
[16:06:21] [Server thread/INFO]: [Phase8E-Harness] PHASE8E-COMMAND-EXPECTED-FAILURE maddprestige setup requirement <UUID> vault ce craftengine_item_count item_count GREATER_OR_EQUAL 1 ABSOLUTE LIVE -> [Provider craftengine_item_count requires craftengine configuration that simple setup cannot generate: item-id filter. Diagnostic code: setup.integration.unconfigurable., Next: choose a provider supported by simple setup, or use the canonical configuration workflow to supply the required integration metadata.]
[16:06:21] [Server thread/INFO]: [Phase8E-Harness] PHASE8E-Q PASS 12 CraftEngine item-id requirement was rejected before preview/publication with an actionable diagnostic
[16:06:21] [Server thread/INFO]: [Phase8E-Harness] PHASE8E-COMMAND-EXPECTED-FAILURE maddprestige setup requirement <UUID> vault papi placeholder_input sample GREATER_OR_EQUAL 1 ABSOLUTE LIVE -> [Provider placeholder_input requires placeholderapi configuration that simple setup cannot generate: placeholder, value type, and maximum age. Diagnostic code: setup.integration.unconfigurable., Next: choose a provider supported by simple setup, or use the canonical configuration workflow to supply the required integration metadata.]
[16:06:21] [Server thread/INFO]: [Phase8E-Harness] PHASE8E-Q PASS 13 Placeholder input binding was rejected before preview/publication with an actionable diagnostic
[16:06:21] [Server thread/INFO]: [Phase8E-Harness] PHASE8E-COMMAND-EXPECTED-FAILURE maddprestige setup reward <UUID> ce_gift craftengine_item_reward custom_item COUNT 1 Gift -> [Provider craftengine_item_reward requires craftengine configuration that simple setup cannot generate: item-id metadata. Diagnostic code: setup.integration.unconfigurable., Next: choose a provider supported by simple setup, or use the canonical configuration workflow to supply the required integration metadata.]
[16:06:21] [Server thread/INFO]: [Phase8E-Harness] PHASE8E-Q PASS 14 CraftEngine item-id reward was rejected before preview/publication with an actionable diagnostic
[16:06:21] [Server thread/INFO]: [Phase8E-Harness] PHASE8E-COMMAND maddprestige setup requirement <UUID> manual manual_xp phase5_events mcmmo_adjusted_xp_total GREATER_OR_EQUAL 0 ABSOLUTE LIVE -> [Eligibility requirement configured; preview validates provider and stage semantics.]
[16:06:21] [Server thread/INFO]: [Phase8E-Harness] PHASE8E-Q PASS 15 mcMMO-backed manual progress requirement selected
[16:06:21] [Server thread/INFO]: [Phase8E-Harness] PHASE8E-COMMAND maddprestige setup requirement <UUID> vault vault_balance vault_balance balance GREATER_OR_EQUAL 0 ABSOLUTE LIVE -> [Eligibility requirement configured; preview validates provider and stage semantics.]
[16:06:21] [Server thread/INFO]: [Phase8E-Harness] PHASE8E-Q PASS 16 Vault balance requirement selected
[16:06:21] [Server thread/INFO]: [Phase8E-Harness] PHASE8E-COMMAND maddprestige setup requirement <UUID> mcmmo mcmmo_power mcmmo power_level GREATER_OR_EQUAL 0 ABSOLUTE LIVE -> [Eligibility requirement configured; preview validates provider and stage semantics.]
[16:06:21] [Server thread/INFO]: [Phase8E-Harness] PHASE8E-Q PASS 17 mcMMO power-level requirement selected
[16:06:21] [Server thread/INFO]: [Phase8E-Harness] PHASE8E-COMMAND maddprestige setup requirement <UUID> claims gp_claims griefprevention_claims owned_claim_count GREATER_OR_EQUAL 0 ABSOLUTE LIVE -> [Eligibility requirement configured; preview validates provider and stage semantics.]
[16:06:21] [Server thread/INFO]: [Phase8E-Harness] PHASE8E-Q PASS 18 GriefPrevention claim requirement selected
[16:06:22] [Server thread/INFO]: [Phase8E-Harness] PHASE8E-COMMAND maddprestige setup cost <UUID> fee vault_economy_cost vault_economy CURRENCY_AMOUNT 1 Fee -> [Stage cost configured; preview validates it.]
[16:06:22] [Server thread/INFO]: [Phase8E-Harness] PHASE8E-Q PASS 19 Vault cost selected
[16:06:22] [Server thread/INFO]: [Phase8E-Harness] PHASE8E-COMMAND maddprestige setup reward <UUID> claim_blocks griefprevention_claim_blocks_reward bonus_claim_blocks COUNT 1 ClaimBlocks -> [Stage reward configured; preview validates it.]
[16:06:22] [Server thread/INFO]: [Phase8E-Harness] PHASE8E-Q PASS 20 GriefPrevention reward selected
[16:06:22] [Server thread/INFO]: [Phase8E-Harness] PHASE8E-COMMAND maddprestige setup prestige <UUID> disabled -> [Prestige eligibility and reset behavior configured; preview the consequences.]
[16:06:22] [Server thread/INFO]: [Phase8E-Harness] PHASE8E-Q PASS 21 setup-audit Prestige disabled
[16:06:22] [Server thread/INFO]: [Phase8E-Harness] PHASE8E-COMMAND maddprestige setup preview <UUID> -> [Draft <UUID>; base NONE; hash 00cbed440e16777fa40515e6d3036d701c1b92c8f9960989d6b2be28e82d9b33, Draft version: 1, Changed documents: integrations.yml, lifecycle.yml, progression.yml, requirements.yml, rewards.yml, Validation: VALID, ACKNOWLEDGEMENT_REQUIRED progression.order [stage.order.semantic_change]: the ordered stage or rank-projection definition is inconsistent and could strand player progression., Next: correct the stage identity, ordering, projection, or sealed remap at progression.order, then preview again., ACKNOWLEDGEMENT_REQUIRED progression.stages [stage.projection.mapping_change]: the ordered stage or rank-projection definition is inconsistent and could strand player progression., Next: correct the stage identity, ordering, projection, or sealed remap at progression.stages, then preview again., DIFF ADDED progression.stages.claims: ABSENT → claims, DIFF ADDED progression.stages.mcmmo: ABSENT → mcmmo, DIFF ADDED progression.stages.vault: ABSENT → vault, DIFF ADDED progression.stages.manual: ABSENT → manual, DIFF ADDED progression.stages.base: ABSENT → base, DIFF REORDERED progression.order: (empty) → base -> manual -> vault -> mcmmo -> claims, DIFF CHANGED progression.stages.claims.projection: ABSENT → StageProjection[policy=NONE, providerId=Optional.empty, groupName=Optional.empty], DIFF CHANGED progression.stages.mcmmo.projection: ABSENT → StageProjection[policy=NONE, providerId=Optional.empty, groupName=Optional.empty], DIFF CHANGED progression.stages.vault.projection: ABSENT → StageProjection[policy=NONE, providerId=Optional.empty, groupName=Optional.empty], DIFF CHANGED progression.stages.manual.projection: ABSENT → StageProjection[policy=NONE, providerId=Optional.empty, groupName=Optional.empty], DIFF CHANGED progression.stages.base.projection: ABSENT → StageProjection[policy=NONE, providerId=Optional.empty, groupName=Optional.empty], Base → Manual, Manual → Vault, Vault → McMMO, McMMO → Claims, Requirement: NONE, Requirement for manual: manual_xp, Requirement for vault: vault_balance, Requirement for mcmmo: mcmmo_power, Requirement for claims: gp_claims, Cost: fee, Reward: claim_blocks, Prestige: disabled]
[16:06:22] [Server thread/INFO]: [Phase8E-Harness] PHASE8E-Q PASS 22 setup-audit generated configuration compiled
[16:06:22] [Server thread/INFO]: [Phase8E-Harness] PHASE8E-COMMAND maddprestige setup acknowledge <UUID> -> [ACKNOWLEDGEMENT_REQUIRED progression.order [stage.order.semantic_change]: the ordered stage or rank-projection definition is inconsistent and could strand player progression., Next: correct the stage identity, ordering, projection, or sealed remap at progression.order, then preview again., ACKNOWLEDGEMENT_REQUIRED progression.stages [stage.projection.mapping_change]: the ordered stage or rank-projection definition is inconsistent and could strand player progression., Next: correct the stage identity, ordering, projection, or sealed remap at progression.stages, then preview again., Server acknowledgement: <UUID>, Confirm the server acknowledgement before 2026-08-23T23:11:22.425839700Z.]
[16:06:22] [Server thread/INFO]: [Phase8E-Harness] PHASE8E-Q PASS 23 setup-audit risk acknowledged
[16:06:22] [Server thread/WARN]: [MaddPrestige] Canonical configuration remains fail-closed for revision <REVISION> while a required provider generation is unavailable
[16:06:22] [Server thread/WARN]: [MaddPrestige] Canonical configuration remains fail-closed for revision <REVISION> while a required provider generation is unavailable
[16:06:22] [Server thread/WARN]: [MaddPrestige] Canonical configuration remains fail-closed for revision <REVISION> while a required provider generation is unavailable
[16:06:22] [Server thread/WARN]: [MaddPrestige] Canonical configuration remains fail-closed for revision <REVISION> while a required provider generation is unavailable
[16:06:22] [Server thread/WARN]: [MaddPrestige] Canonical configuration remains fail-closed for revision <REVISION> while a required provider generation is unavailable
[16:06:22] [Server thread/WARN]: [MaddPrestige] Canonical configuration remains fail-closed for revision <REVISION> while a required provider generation is unavailable
[16:06:22] [Server thread/WARN]: [MaddPrestige] Canonical configuration remains fail-closed for revision <REVISION> while a required provider generation is unavailable
[16:06:22] [Server thread/WARN]: [MaddPrestige] Canonical configuration remains fail-closed for revision <REVISION> while a required provider generation is unavailable
[16:06:22] [Server thread/WARN]: [MaddPrestige] Canonical configuration remains fail-closed for revision <REVISION> while a required provider generation is unavailable
[16:06:22] [Server thread/WARN]: [MaddPrestige] Canonical configuration remains fail-closed for revision <REVISION> while a required provider generation is unavailable
[16:06:22] [Server thread/WARN]: [MaddPrestige] Canonical configuration remains fail-closed for revision <REVISION> while a required provider generation is unavailable
[16:06:22] [Server thread/WARN]: [MaddPrestige] Canonical configuration remains fail-closed for revision <REVISION> while a required provider generation is unavailable
[16:06:22] [Server thread/WARN]: [MaddPrestige] Canonical configuration remains fail-closed for revision <REVISION> while a required provider generation is unavailable
[16:06:22] [Server thread/WARN]: [MaddPrestige] Canonical configuration remains fail-closed for revision <REVISION> while a required provider generation is unavailable
[16:06:22] [Server thread/WARN]: [MaddPrestige] Canonical configuration remains fail-closed for revision <REVISION> while a required provider generation is unavailable
[16:06:22] [Server thread/WARN]: [MaddPrestige] Canonical configuration remains fail-closed for revision <REVISION> while a required provider generation is unavailable
[16:06:22] [Server thread/WARN]: [MaddPrestige] Canonical configuration remains fail-closed for revision <REVISION> while a required provider generation is unavailable
[16:06:22] [Server thread/INFO]: [Phase8E-Harness] PHASE8E-COMMAND maddprestige setup confirm <UUID> phase8e setup audit -> [Setup applied as revision <REVISION>.]
[16:06:22] [Server thread/INFO]: [Phase8E-Harness] PHASE8E-Q PASS 24 setup-audit configuration published as <REVISION>
[16:06:23] [Server thread/INFO]: [Phase8E-Harness] PHASE8E-Q PASS 25 phase5_events:mcmmo_adjusted_xp_total remained usable after generated mcMMO integration state survived apply/reconciliation; the active profile completed a real transition and unrelated integrations remained disabled
[16:06:23] [Server thread/INFO]: [Phase8E-Harness] PHASE8E-Q PASS 26 setup provider/integration persistence audit completed without publishing an incomplete choice
[16:06:23] [Server thread/INFO]: [Phase8E-Harness] PHASE8E-SETUP-AUDIT COMPLETE pass-count=26
[16:06:24] [Server thread/INFO]: Stopping server
[16:06:24] [Server thread/INFO]: [Phase8E-Harness] Disabling Phase8E-Harness v1.0.0
[16:06:24] [Server thread/INFO]: [Phase8E-Harness] PHASE8E-FAULT shutdown mode=setup-audit pass-count=26 withdrawals=1 deposits=0 timings-ms={}
[16:06:24] [Server thread/INFO]: [Phase8E-Alpha] Disabling Phase8E-Alpha v1.0.0
[16:06:24] [Server thread/INFO]: [Phase8E-Alpha] PHASE8E-ALPHA disabled reads=0 cancellations=0
[16:06:24] [maddprestige-provider-callback-1/INFO]: [Phase8E-Alpha] PHASE8E-ALPHA unregistered callback
[16:06:24] [Server thread/INFO]: [Phase8E-Beta] Disabling Phase8E-Beta v1.0.0
[16:06:24] [Server thread/INFO]: [Phase8E-Beta] PHASE8E-BETA disabled reads=0
[16:06:24] [maddprestige-provider-callback-1/INFO]: [Phase8E-Beta] PHASE8E-BETA unregistered callback
[16:06:24] [Server thread/INFO]: [MaddPrestige] Disabling MaddPrestige v2.0.0-SNAPSHOT
[16:06:24] [Server thread/INFO]: [Phase8E-Economy] Disabling Phase8E-Economy v1.0.0
[16:06:24] [Server thread/INFO]: [Phase8E-Economy] PHASE8E-ECONOMY service unregistered
[16:06:24] [Server thread/INFO]: [Phase8E-Economy] PHASE8E-ECONOMY disabled withdrawals=1 deposits=0
[16:06:24] [Server thread/INFO]: Saving chunks for level 'ServerLevel[compat-world]'/minecraft:overworld
[16:06:24] [Server thread/INFO]: Saving chunks for level 'ServerLevel[compat-world]'/minecraft:the_nether
[16:06:24] [Server thread/INFO]: Saving chunks for level 'ServerLevel[compat-world]'/minecraft:the_end
