[INFO] Scanning for projects...
[INFO]
[INFO] ---------< net.maddkraft.qualification:phase8e-alpha-provider >---------
[INFO] Building phase8e-alpha-provider 1.0.0
[INFO]   from pom.xml
[INFO] --------------------------------[ jar ]---------------------------------
[INFO]
[INFO] --- clean:3.2.0:clean (default-clean) @ phase8e-alpha-provider ---
[INFO] Deleting <WORKSPACE>\qualification\phase8e-alpha-provider\target
[INFO]
[INFO] --- resources:3.4.0:resources (default-resources) @ phase8e-alpha-provider ---
[INFO] Copying 1 resource from src\main\resources to target\classes
[INFO]
[INFO] --- compiler:3.14.1:compile (default-compile) @ phase8e-alpha-provider ---
[INFO] Recompiling the module because of changed source code.
[INFO] Compiling 1 source file with javac [debug parameters release 25] to target\classes
[INFO]
[INFO] --- resources:3.4.0:testResources (default-testResources) @ phase8e-alpha-provider ---
[INFO] skip non existing resourceDirectory <WORKSPACE>\qualification\phase8e-alpha-provider\src\test\resources
[INFO]
[INFO] --- compiler:3.14.1:testCompile (default-testCompile) @ phase8e-alpha-provider ---
[INFO] No sources to compile
[INFO]
[INFO] --- surefire:3.5.4:test (default-test) @ phase8e-alpha-provider ---
[INFO] No tests to run.
[INFO]
[INFO] --- jar:3.5.0:jar (default-jar) @ phase8e-alpha-provider ---
[INFO] Building jar: <WORKSPACE>\qualification\phase8e-alpha-provider\target\Phase8E-Alpha-Provider.jar
[INFO] ------------------------------------------------------------------------
[INFO] BUILD SUCCESS
[INFO] ------------------------------------------------------------------------
[INFO] Total time:  2.471 s
[INFO] Finished at: 2026-08-23T16:05:23-07:00
[INFO] ------------------------------------------------------------------------
