[INFO] Scanning for projects...
[INFO]
[INFO] ---------------< org.example:example-progress-provider >----------------
[INFO] Building example-progress-provider 1.0.0
[INFO]   from pom.xml
[INFO] --------------------------------[ jar ]---------------------------------
[INFO]
[INFO] --- clean:3.2.0:clean (default-clean) @ example-progress-provider ---
[INFO] Deleting <WORKSPACE>\examples\provider-sdk\target
[INFO]
[INFO] --- resources:3.4.0:resources (default-resources) @ example-progress-provider ---
[INFO] Copying 1 resource from src\main\resources to target\classes
[INFO]
[INFO] --- compiler:3.14.1:compile (default-compile) @ example-progress-provider ---
[INFO] Recompiling the module because of changed source code.
[INFO] Compiling 1 source file with javac [debug parameters release 25] to target\classes
[INFO]
[INFO] --- resources:3.4.0:testResources (default-testResources) @ example-progress-provider ---
[INFO] skip non existing resourceDirectory <WORKSPACE>\examples\provider-sdk\src\test\resources
[INFO]
[INFO] --- compiler:3.14.1:testCompile (default-testCompile) @ example-progress-provider ---
[INFO] No sources to compile
[INFO]
[INFO] --- surefire:3.5.4:test (default-test) @ example-progress-provider ---
[INFO] No tests to run.
[INFO]
[INFO] --- jar:3.5.0:jar (default-jar) @ example-progress-provider ---
[INFO] Building jar: <WORKSPACE>\examples\provider-sdk\target\ExampleProgressProvider.jar
[INFO] ------------------------------------------------------------------------
[INFO] BUILD SUCCESS
[INFO] ------------------------------------------------------------------------
[INFO] Total time:  1.171 s
[INFO] Finished at: 2026-08-24T02:23:34-07:00
[INFO] ------------------------------------------------------------------------
