[INFO] Scanning for projects...
[INFO]
[INFO] ---------< net.maddkraft.qualification:phase8d-paper-harness >----------
[INFO] Building phase8d-paper-harness 1.0.0
[INFO]   from pom.xml
[INFO] --------------------------------[ jar ]---------------------------------
[INFO]
[INFO] --- resources:3.4.0:resources (default-resources) @ phase8d-paper-harness ---
[INFO] Copying 1 resource from src\main\resources to target\classes
[INFO]
[INFO] --- compiler:3.14.1:compile (default-compile) @ phase8d-paper-harness ---
[INFO] Nothing to compile - all classes are up to date.
[INFO]
[INFO] --- resources:3.4.0:testResources (default-testResources) @ phase8d-paper-harness ---
[INFO] skip non existing resourceDirectory <WORKSPACE>\qualification\phase8d-paper-harness\src\test\resources
[INFO]
[INFO] --- compiler:3.14.1:testCompile (default-testCompile) @ phase8d-paper-harness ---
[INFO] No sources to compile
[INFO]
[INFO] --- surefire:3.5.4:test (default-test) @ phase8d-paper-harness ---
[INFO] No tests to run.
[INFO]
[INFO] --- jar:3.5.0:jar (default-jar) @ phase8d-paper-harness ---
[INFO] ------------------------------------------------------------------------
[INFO] BUILD SUCCESS
[INFO] ------------------------------------------------------------------------
[INFO] Total time:  0.806 s
[INFO] Finished at: 2026-08-28T14:50:29-07:00
[INFO] ------------------------------------------------------------------------
