Starting org.bukkit.craftbukkit.Main
[01:30:12 INFO]: [bootstrap] Running Java 25 (OpenJDK 64-Bit Server VM 25.0.3+9-LTS; Eclipse Adoptium Temurin-25.0.3+9) on Windows 11 10.0 (amd64)
[01:30:12 INFO]: [bootstrap] Loading Paper 26.1.2-74-ver/26.1.2@e4e17fc (2026-07-06T16:51:09Z) for Minecraft 26.1.2
[01:30:12 WARN]: [oshi.driver.windows.perfmon.PerfmonDisabled] Invalid registry value type detected for PerfOS counters. Should be REG_DWORD. Ignoring: HKEY_LOCAL_MACHINE\SYSTEM\CurrentControlSet\Services\PerfOS\Performance\Disable Performance Counters.
[01:30:12 INFO]: [PluginInitializerManager] Initializing plugins...
[01:30:13 INFO]: [PluginInitializerManager] Initialized 3 plugins
[01:30:13 INFO]: [PluginInitializerManager] Bukkit plugins (3):
 - LuckPerms (5.5.71), MaddPrestige (2.0.0-rc.1), Phase8D-Harness (1.0.0)
WARNING: A terminally deprecated method in sun.misc.Unsafe has been called
WARNING: sun.misc.Unsafe::objectFieldOffset has been called by org.joml.MemUtil$MemUtilUnsafe (file:/<WORKSPACE>/qualification/phase8d-paper-harness/target/phase8f-a76-correction-runtime/libraries/org/joml/joml/1.10.8/joml-1.10.8.jar)
WARNING: Please consider reporting this to the maintainers of class org.joml.MemUtil$MemUtilUnsafe
WARNING: sun.misc.Unsafe::objectFieldOffset will be removed in a future release
[01:30:15 INFO]: Environment: Environment[sessionHost=https://sessionserver.mojang.com, servicesHost=https://api.minecraftservices.com, profilesHost=https://api.mojang.com, name=PROD]
[01:30:16 INFO]: Loaded 1515 recipes
[01:30:16 INFO]: Loaded 1617 advancements
[01:30:16 INFO]: [ca.spottedleaf.dataconverter.minecraft.datatypes.MCTypeRegistry] Initialising converters for DataConverter...
[01:30:16 INFO]: [ca.spottedleaf.dataconverter.minecraft.datatypes.MCTypeRegistry] Finished initialising converters for DataConverter in 187.8ms
[01:30:16 INFO]: Starting minecraft server version 26.1.2
[01:30:16 INFO]: Loading properties
[01:30:16 INFO]: This server is running Paper version 26.1.2-74-ver/26.1.2@e4e17fc (2026-07-06T16:51:09Z) (Implementing API version 26.1.2.build.74-stable)
[01:30:16 INFO]: [spark] This server bundles the spark profiler. For more information please visit https://docs.papermc.io/paper/profiling
[01:30:16 INFO]: Server Ping Player Sample Count: 12
[01:30:16 INFO]: Using 4 threads for Netty based IO
[01:30:17 INFO]: [MoonriseCommon] Paper is using 2 worker threads, 1 I/O threads
[01:30:17 INFO]: Default game type: SURVIVAL
[01:30:17 INFO]: Generating keypair

[01:30:17 INFO]: Starting Minecraft server on *:0

[01:30:17 INFO]: Paper: Using Java compression from Velocity.

[01:30:17 INFO]: Paper: Using Java cipher from Velocity.

[01:30:17 INFO]: [LuckPerms] Loading server plugin LuckPerms v5.5.71

[01:30:17 INFO]: [LuckPerms] Loading configuration...

[01:30:17 INFO]: [MaddPrestige] Loading server plugin MaddPrestige v2.0.0-rc.1

[01:30:17 INFO]: [Phase8D-Harness] Loading server plugin Phase8D-Harness v1.0.0

[01:30:17 INFO]: Server permissions file permissions.yml is empty, ignoring it

[01:30:17 INFO]: [LuckPerms] Enabling LuckPerms v5.5.71

[01:30:17 INFO]:         __

[01:30:17 INFO]:   |    |__)   LuckPerms v5.5.71

[01:30:17 INFO]:   |___ |      Running on Bukkit - Paper

[01:30:17 INFO]:

[01:30:17 INFO]: [LuckPerms] Loading storage provider... [H2]

[01:30:17 INFO]: [LuckPerms] Loading internal permission managers...

[01:30:17 INFO]: [LuckPerms] Performing initial data load...

[01:30:17 INFO]: [LuckPerms] Successfully enabled. (took 377ms)

[01:30:17 WARN]: **** SERVER IS RUNNING IN OFFLINE/INSECURE MODE!

[01:30:17 WARN]: The server will make no attempt to authenticate usernames. Beware.

[01:30:17 WARN]: While this makes the game possible to play without internet access, it also opens up the ability for hackers to connect with any username they choose.

[01:30:17 WARN]: To change this, set "online-mode" to "true" in the server.properties file.

[01:30:17 INFO]: Preparing level "phase8f-a76-correction-world"

[01:30:18 INFO]: Loading 0 persistent chunks for level 'minecraft:overworld'...

[01:30:18 INFO]: Prepared spawn area in 1 ms

[01:30:18 INFO]: Loading 0 persistent chunks for level 'minecraft:the_nether'...

[01:30:18 INFO]: Prepared spawn area in 0 ms

[01:30:18 INFO]: Loading 0 persistent chunks for level 'minecraft:the_end'...

[01:30:18 INFO]: Prepared spawn area in 0 ms

[01:30:18 INFO]: Done preparing level "phase8f-a76-correction-world" (0.265s)

[01:30:18 INFO]: [MaddPrestige] Enabling MaddPrestige v2.0.0-rc.1

[01:30:18 INFO]: [MaddPrestige] MaddPrestige V2 2.0.0-rc.1 release candidate ready; configuration is active at r_1f35d52880fe4fc5bb425fe9e13d83b2; startup recovery inspected 0 operation(s).

[01:30:18 INFO]: [Phase8D-Harness] Enabling Phase8D-Harness v1.0.0

[01:30:18 INFO]: [spark] Starting background profiler...

[01:30:18 INFO]: [spark] The async-profiler engine is not supported for your os/arch (windows11/amd64), so the built-in Java engine will be used instead.

[01:30:18 INFO]: Saving chunks for level 'ServerLevel[phase8f-a76-correction-world]'/minecraft:overworld

[01:30:18 INFO]: Saving chunks for level 'ServerLevel[phase8f-a76-correction-world]'/minecraft:the_nether

[01:30:18 INFO]: Saving chunks for level 'ServerLevel[phase8f-a76-correction-world]'/minecraft:the_end

[01:30:18 INFO]: ThreadedAnvilChunkStorage (world): All chunks are saved

[01:30:18 INFO]: ThreadedAnvilChunkStorage (DIM-1): All chunks are saved

[01:30:18 INFO]: ThreadedAnvilChunkStorage (DIM1): All chunks are saved

[01:30:18 INFO]: ThreadedAnvilChunkStorage: All dimensions are saved

[01:30:18 INFO]: Running delayed init tasks

[01:30:18 INFO]: Done (6.843s)! For help, type "help"

[01:30:18 WARN]: *************************************************************************************

[01:30:18 WARN]: You are running the latest build for your Minecraft version (26.1.2)

[01:30:18 WARN]: However, you are 2 release(s) behind the latest stable release (26.2)!

[01:30:18 WARN]: It is recommended that you update as soon as possible

[01:30:18 WARN]: https://papermc.io/downloads/paper

[01:30:18 WARN]: *************************************************************************************

[01:30:20 INFO]: [Phase8D-Harness] PHASE8D-Q PASS 1 unchanged restart recovered stage Member, Prestige 1, exact revision/history/statistic/LP state

[01:30:21 INFO]: [Phase8D-Harness] PHASE8D-Q PASS 2 restart retained the current-Prestige baseline and blocked premature Adventurer

[01:30:21 INFO]: [Phase8D-Harness] PHASE8D-Q PASS 3 restart Doctor remained healthy

[01:30:21 INFO]: [Phase8D-Harness] PHASE8D-Q COMPLETE two-boot A70 qualification pass-count=3

[01:30:22 INFO]: Stopping server

[01:30:22 INFO]: [Phase8D-Harness] Disabling Phase8D-Harness v1.0.0

[01:30:22 INFO]: [Phase8D-Harness] PHASE8D-Q shutdown pass-count=3

[01:30:22 INFO]: [MaddPrestige] Disabling MaddPrestige v2.0.0-rc.1

[01:30:22 INFO]: [LuckPerms] Disabling LuckPerms v5.5.71

[01:30:22 INFO]: [LuckPerms] Starting shutdown process...

[01:30:22 INFO]: [LuckPerms] Closing storage...

[01:30:22 INFO]: [LuckPerms] Goodbye!

[01:30:22 INFO]: Saving players
> [01:30:22 INFO]: Saving worlds
[01:30:22 INFO]: Saving chunks for level 'ServerLevel[phase8f-a76-correction-world]'/minecraft:overworld
[01:30:22 INFO]: [ChunkHolderManager] Waiting 60s for chunk system to halt for world 'minecraft:overworld'
[01:30:22 INFO]: [ChunkHolderManager] Halted chunk system for world 'minecraft:overworld'
[01:30:22 INFO]: [ChunkHolderManager] Saving all chunkholders for world 'minecraft:overworld'
[01:30:22 INFO]: [ChunkHolderManager] Saved 0 block chunks, 0 entity chunks, 0 poi chunks in world 'minecraft:overworld' in 0.00s
[01:30:22 INFO]: [ChunkHolderManager] Waiting 60s for chunk I/O to halt for world 'minecraft:overworld'
[01:30:22 INFO]: [ChunkHolderManager] Halted I/O scheduler for world 'minecraft:overworld'
[01:30:22 INFO]: Saving chunks for level 'ServerLevel[phase8f-a76-correction-world]'/minecraft:the_nether
[01:30:22 INFO]: [ChunkHolderManager] Waiting 60s for chunk system to halt for world 'minecraft:the_nether'
[01:30:22 INFO]: [ChunkHolderManager] Halted chunk system for world 'minecraft:the_nether'
[01:30:22 INFO]: [ChunkHolderManager] Saving all chunkholders for world 'minecraft:the_nether'
[01:30:22 INFO]: [ChunkHolderManager] Saved 0 block chunks, 0 entity chunks, 0 poi chunks in world 'minecraft:the_nether' in 0.00s
[01:30:22 INFO]: [ChunkHolderManager] Waiting 60s for chunk I/O to halt for world 'minecraft:the_nether'
[01:30:22 INFO]: [ChunkHolderManager] Halted I/O scheduler for world 'minecraft:the_nether'
[01:30:22 INFO]: Saving chunks for level 'ServerLevel[phase8f-a76-correction-world]'/minecraft:the_end
[01:30:22 INFO]: [ChunkHolderManager] Waiting 60s for chunk system to halt for world 'minecraft:the_end'
[01:30:22 INFO]: [ChunkHolderManager] Halted chunk system for world 'minecraft:the_end'
[01:30:22 INFO]: [ChunkHolderManager] Saving all chunkholders for world 'minecraft:the_end'
[01:30:22 INFO]: [ChunkHolderManager] Saved 0 block chunks, 0 entity chunks, 0 poi chunks in world 'minecraft:the_end' in 0.00s
[01:30:22 INFO]: [ChunkHolderManager] Waiting 60s for chunk I/O to halt for world 'minecraft:the_end'
[01:30:22 INFO]: [ChunkHolderManager] Halted I/O scheduler for world 'minecraft:the_end'
[01:30:22 INFO]: ThreadedAnvilChunkStorage (world): All chunks are saved
[01:30:22 INFO]: ThreadedAnvilChunkStorage (DIM-1): All chunks are saved
[01:30:22 INFO]: ThreadedAnvilChunkStorage (DIM1): All chunks are saved
[01:30:22 INFO]: ThreadedAnvilChunkStorage: All dimensions are saved
[01:30:22 INFO]: Waiting for all RegionFile I/O tasks to complete...
[01:30:22 INFO]: All RegionFile I/O tasks to complete
[01:30:22 INFO]: [MoonriseCommon] Awaiting termination of worker pool for up to 60s...
[01:30:22 INFO]: [MoonriseCommon] Awaiting termination of I/O pool for up to 60s...
