Phase 8F A76 setup correction Owner Review 2 final scope and hygiene audit.
date=2026-08-28
branch=v2/phase-8f
head=993599dc47cacc76b6372302d338d1850bf2896e
baseline=993599dc47cacc76b6372302d338d1850bf2896e
manifest_review_paths=118
tracked_changed_paths=54
untracked_review_paths=64
staged_paths=0
unstaged_tracked_paths=54
production_java_paths_complete_phase8f_delta=9
production_java_paths_correction=8
production_java_paths_preexisting_accepted_phase8f=1
qualification_harness_java_paths=1
diagnostic_correction_production_java_paths=3
protected_v1_java_changes=0
stable_sdk_source_changes=0
stable_paper_event_source_changes=0
external_sql_production_paths=0
phase9_paths=0
system_scope_or_systemPath_dependencies=0
sonar_suppression_or_exclusion_additions=0
setup_draft_invalid_eager_requirement_uses=0
setup_draft_invalid_production_throw_sites=1
setup_draft_invalid_throw_site=ConfigurationAdministrationService.java:432 (active/rollback ancestry only)
requirement_input_diagnostic_identities=setup.requirement.target.invalid,setup.requirement.operator.invalid,setup.requirement.scope.invalid,setup.requirement.completion.invalid
git_diff_check=PASS
focused=87 tests / 5 suites / 0 failures / 0 errors / 0 skips
clean_verify_1=551 tests / 102 suites / 0 failures / 0 errors / 0 skips / Checkstyle 0
clean_verify_2=551 tests / 102 suites / 0 failures / 0 errors / 0 skips / Checkstyle 0
isolated_changed_paper_harness=PASS
paper_fresh_assertions=29/29
paper_restart_assertions=3/3
distribution_bytes=16505971
distribution_sha256=C5646F927789CFF95C8F8F8663ADB264C1498D8D8EA927F4C027369085A656D3
aggregate_sbom_bytes=190831
aggregate_sbom_sha256=3797F16C617B3207229EFD8A846BE2EC31FB9CD56BE681A2069447A859D5568E
artifacts_byte_reproducible=yes
commit_push_pr_merge=none
force_push_or_branch_protection_bypass=none
phase9_started=no
a76_status=Partial / Blocked; corrected candidate not owner-run
