[INFO] Scanning for projects...
[INFO] ------------------------------------------------------------------------
[INFO] Reactor Build Order:
[INFO]
[INFO] MaddPrestige V2 Parent                                             [pom]
[INFO] MaddPrestige V2 API                                                [jar]
[INFO] MaddPrestige V2 Core                                               [jar]
[INFO] MaddPrestige V2 Persistence                                        [jar]
[INFO] MaddPrestige V2 Integration Contracts                              [jar]
[INFO] MaddPrestige V2 Paper Boundary                                     [jar]
[INFO] MaddPrestige V2 Testkit                                            [jar]
[INFO] MaddPrestige Distribution                                          [jar]
[INFO]
[INFO] -----------------< net.maddkraft:maddprestige-parent >------------------
[INFO] Building MaddPrestige V2 Parent 2.0.0-rc.1                         [1/8]
[INFO]   from pom.xml
[INFO] --------------------------------[ pom ]---------------------------------
[INFO]
[INFO] --- clean:3.2.0:clean (default-clean) @ maddprestige-parent ---
[INFO] Deleting [repository-root]\target
[INFO]
[INFO] --- enforcer:3.6.2:enforce (phase1-build-invariants) @ maddprestige-parent ---
[INFO] Rule 0: org.apache.maven.enforcer.rules.version.RequireJavaVersion passed
[INFO] Rule 1: org.apache.maven.enforcer.rules.version.RequireMavenVersion passed
[INFO] Rule 2: org.apache.maven.enforcer.rules.dependency.DependencyConvergence passed
[INFO] Rule 3: org.apache.maven.enforcer.rules.BanDuplicatePomDependencyVersions passed
[INFO]
[INFO] --- jacoco:0.8.13:prepare-agent (prepare-agent) @ maddprestige-parent ---
[INFO] argLine set to "-javaagent:[maven-cache]\\repository\\org\\jacoco\\org.jacoco.agent\\0.8.13\\org.jacoco.agent-0.8.13-runtime.jar=destfile=[repository-root]\\target\\jacoco.exec"
[INFO]
[INFO] --- checkstyle:3.6.0:check (checkstyle) @ maddprestige-parent ---
[INFO] You have 0 Checkstyle violations.
[INFO]
[INFO] --- jacoco:0.8.13:report (report) @ maddprestige-parent ---
[INFO] Skipping JaCoCo execution due to missing execution data file.
[INFO]
[INFO] --- cyclonedx:2.9.1:makeAggregateBom (phase1-sbom) @ maddprestige-parent ---
[INFO] CycloneDX: Resolving Aggregated Dependencies
[INFO] CycloneDX: Creating BOM version 1.6 with 74 component(s)
[INFO] CycloneDX: Writing and validating BOM (JSON): [repository-root]\target\bom.json
[WARNING] Unknown keyword meta:enum - you should define your own Meta Schema. If the keyword is irrelevant for validation, just use a NonValidationKeyword or if it should generate annotations AnnotationKeyword
[WARNING] Unknown keyword deprecated - you should define your own Meta Schema. If the keyword is irrelevant for validation, just use a NonValidationKeyword or if it should generate annotations AnnotationKeyword
[INFO]            attaching as maddprestige-parent-2.0.0-rc.1-cyclonedx.json
[INFO]
[INFO] -------------------< net.maddkraft:maddprestige-api >-------------------
[INFO] Building MaddPrestige V2 API 2.0.0-rc.1                            [2/8]
[INFO]   from maddprestige-api\pom.xml
[INFO] --------------------------------[ jar ]---------------------------------
[INFO]
[INFO] --- clean:3.2.0:clean (default-clean) @ maddprestige-api ---
[INFO] Deleting [repository-root]\maddprestige-api\target
[INFO]
[INFO] --- enforcer:3.6.2:enforce (phase1-build-invariants) @ maddprestige-api ---
[INFO] Rule 2: org.apache.maven.enforcer.rules.dependency.DependencyConvergence passed
[INFO] Rule 3: org.apache.maven.enforcer.rules.BanDuplicatePomDependencyVersions passed
[INFO]
[INFO] --- jacoco:0.8.13:prepare-agent (prepare-agent) @ maddprestige-api ---
[INFO] argLine set to "-javaagent:[maven-cache]\\repository\\org\\jacoco\\org.jacoco.agent\\0.8.13\\org.jacoco.agent-0.8.13-runtime.jar=destfile=[repository-root]\\maddprestige-api\\target\\jacoco.exec"
[INFO]
[INFO] --- resources:3.4.0:resources (default-resources) @ maddprestige-api ---
[INFO] skip non existing resourceDirectory [repository-root]\maddprestige-api\src\main\resources
[INFO]
[INFO] --- compiler:3.14.1:compile (default-compile) @ maddprestige-api ---
[INFO] Recompiling the module because of changed source code.
[INFO] Compiling 114 source files with javac [debug parameters release 25] to target\classes
[INFO]
[INFO] --- resources:3.4.0:testResources (default-testResources) @ maddprestige-api ---
[INFO] skip non existing resourceDirectory [repository-root]\maddprestige-api\src\test\resources
[INFO]
[INFO] --- compiler:3.14.1:testCompile (default-testCompile) @ maddprestige-api ---
[INFO] Recompiling the module because of changed dependency.
[INFO] Compiling 8 source files with javac [debug parameters release 25] to target\test-classes
[INFO]
[INFO] --- surefire:3.5.3:test (default-test) @ maddprestige-api ---
[INFO] Using auto detected provider org.apache.maven.surefire.junitplatform.JUnitPlatformProvider
[INFO]
[INFO] -------------------------------------------------------
[INFO]  T E S T S
[INFO] -------------------------------------------------------
[INFO] Running net.maddkraft.maddprestige.api.audit.AuditValueTest
[INFO] Tests run: 1, Failures: 0, Errors: 0, Skipped: 0, Time elapsed: 0.044 s -- in net.maddkraft.maddprestige.api.audit.AuditValueTest
[INFO] Running net.maddkraft.maddprestige.api.id.IdentifierTest
[INFO] Tests run: 1, Failures: 0, Errors: 0, Skipped: 0, Time elapsed: 0.007 s -- in net.maddkraft.maddprestige.api.id.IdentifierTest
[INFO] Running net.maddkraft.maddprestige.api.metric.MetricValueTest
[INFO] Tests run: 3, Failures: 0, Errors: 0, Skipped: 0, Time elapsed: 0.023 s -- in net.maddkraft.maddprestige.api.metric.MetricValueTest
[INFO] Running net.maddkraft.maddprestige.api.service.StableApiCompatibilityBaselineTest
[INFO] Tests run: 1, Failures: 0, Errors: 0, Skipped: 0, Time elapsed: 0.127 s -- in net.maddkraft.maddprestige.api.service.StableApiCompatibilityBaselineTest
[INFO] Running net.maddkraft.maddprestige.api.service.StableApiLeakageTest
[INFO] Tests run: 1, Failures: 0, Errors: 0, Skipped: 0, Time elapsed: 0.004 s -- in net.maddkraft.maddprestige.api.service.StableApiLeakageTest
[INFO] Running net.maddkraft.maddprestige.api.service.StableServiceContractTest
[INFO] Tests run: 4, Failures: 0, Errors: 0, Skipped: 0, Time elapsed: 0.034 s -- in net.maddkraft.maddprestige.api.service.StableServiceContractTest
[INFO] Running net.maddkraft.maddprestige.api.validation.ValidationReportTest
[INFO] Tests run: 1, Failures: 0, Errors: 0, Skipped: 0, Time elapsed: 0.003 s -- in net.maddkraft.maddprestige.api.validation.ValidationReportTest
[INFO] Running net.maddkraft.maddprestige.api.value.ExactDecimalTest
[INFO] Tests run: 1, Failures: 0, Errors: 0, Skipped: 0, Time elapsed: 0.001 s -- in net.maddkraft.maddprestige.api.value.ExactDecimalTest
[INFO]
[INFO] Results:
[INFO]
[INFO] Tests run: 13, Failures: 0, Errors: 0, Skipped: 0
[INFO]
[INFO]
[INFO] --- jar:3.5.0:jar (default-jar) @ maddprestige-api ---
[INFO] Building jar: [repository-root]\maddprestige-api\target\maddprestige-api-2.0.0-rc.1.jar
[INFO]
[INFO] --- checkstyle:3.6.0:check (checkstyle) @ maddprestige-api ---
[INFO] You have 0 Checkstyle violations.
[INFO]
[INFO] --- jacoco:0.8.13:report (report) @ maddprestige-api ---
[INFO] Loading execution data file [repository-root]\maddprestige-api\target\jacoco.exec
[INFO] Analyzed bundle 'MaddPrestige V2 API' with 98 classes
[INFO]
[INFO] --- cyclonedx:2.9.1:makeAggregateBom (phase1-sbom) @ maddprestige-api ---
[INFO] CycloneDX: Resolving Dependencies
[INFO] CycloneDX: Creating BOM version 1.6 with 0 component(s)
[INFO] CycloneDX: Writing and validating BOM (JSON): [repository-root]\maddprestige-api\target\bom.json
[INFO]            attaching as maddprestige-api-2.0.0-rc.1-cyclonedx.json
[INFO]
[INFO] ------------------< net.maddkraft:maddprestige-core >-------------------
[INFO] Building MaddPrestige V2 Core 2.0.0-rc.1                           [3/8]
[INFO]   from maddprestige-core\pom.xml
[INFO] --------------------------------[ jar ]---------------------------------
[INFO]
[INFO] --- clean:3.2.0:clean (default-clean) @ maddprestige-core ---
[INFO] Deleting [repository-root]\maddprestige-core\target
[INFO]
[INFO] --- enforcer:3.6.2:enforce (phase1-build-invariants) @ maddprestige-core ---
[INFO] Rule 2: org.apache.maven.enforcer.rules.dependency.DependencyConvergence passed
[INFO] Rule 3: org.apache.maven.enforcer.rules.BanDuplicatePomDependencyVersions passed
[INFO]
[INFO] --- jacoco:0.8.13:prepare-agent (prepare-agent) @ maddprestige-core ---
[INFO] argLine set to "-javaagent:[maven-cache]\\repository\\org\\jacoco\\org.jacoco.agent\\0.8.13\\org.jacoco.agent-0.8.13-runtime.jar=destfile=[repository-root]\\maddprestige-core\\target\\jacoco.exec"
[INFO]
[INFO] --- resources:3.4.0:resources (default-resources) @ maddprestige-core ---
[INFO] Copying 4 resources from src\main\resources to target\classes
[INFO]
[INFO] --- compiler:3.14.1:compile (default-compile) @ maddprestige-core ---
[INFO] Recompiling the module because of changed dependency.
[INFO] Compiling 311 source files with javac [debug parameters release 25] to target\classes
[WARNING] [repository-root]/maddprestige-core/src/main/java/net/maddkraft/maddprestige/core/admin/AdministrationException.java:[14,39] non-transient instance field of a serializable class declared with a non-serializable type
[WARNING] [repository-root]/maddprestige-core/src/main/java/net/maddkraft/maddprestige/core/admin/AdministrationException.java:[15,46] non-transient instance field of a serializable class declared with a non-serializable type
[WARNING] [repository-root]/maddprestige-core/src/main/java/net/maddkraft/maddprestige/core/admin/AdministrationException.java:[16,59] non-transient instance field of a serializable class declared with a non-serializable type
[INFO]
[INFO] --- resources:3.4.0:testResources (default-testResources) @ maddprestige-core ---
[INFO] Copying 2 resources from src\test\resources to target\test-classes
[INFO]
[INFO] --- compiler:3.14.1:testCompile (default-testCompile) @ maddprestige-core ---
[INFO] Recompiling the module because of changed dependency.
[INFO] Compiling 36 source files with javac [debug parameters release 25] to target\test-classes
[WARNING] [repository-root]/maddprestige-core/src/test/java/net/maddkraft/maddprestige/core/provider/ProviderRegistryTest.java:[102,28] auto-closeable resource ignored is never referenced in body of corresponding try statement
[WARNING] [repository-root]/maddprestige-core/src/test/java/net/maddkraft/maddprestige/core/provider/ProviderRegistryTest.java:[131,28] auto-closeable resource listener is never referenced in body of corresponding try statement
[WARNING] [repository-root]/maddprestige-core/src/test/java/net/maddkraft/maddprestige/core/provider/ProviderRegistryTest.java:[143,28] auto-closeable resource ignored is never referenced in body of corresponding try statement
[INFO]
[INFO] --- surefire:3.5.3:test (default-test) @ maddprestige-core ---
[INFO] Using auto detected provider org.apache.maven.surefire.junitplatform.JUnitPlatformProvider
[INFO]
[INFO] -------------------------------------------------------
[INFO]  T E S T S
[INFO] -------------------------------------------------------
[INFO] Running net.maddkraft.maddprestige.core.admin.config.ConfigurationPathResolverTest
[INFO] Tests run: 4, Failures: 0, Errors: 0, Skipped: 0, Time elapsed: 0.125 s -- in net.maddkraft.maddprestige.core.admin.config.ConfigurationPathResolverTest
[INFO] Running net.maddkraft.maddprestige.core.admin.PhaseSixAdministrationUxTest
[INFO] Tests run: 11, Failures: 0, Errors: 0, Skipped: 0, Time elapsed: 0.222 s -- in net.maddkraft.maddprestige.core.admin.PhaseSixAdministrationUxTest
[INFO] Running net.maddkraft.maddprestige.core.admin.PhaseSixCommandServiceTest
[INFO] Tests run: 11, Failures: 0, Errors: 0, Skipped: 0, Time elapsed: 0.279 s -- in net.maddkraft.maddprestige.core.admin.PhaseSixCommandServiceTest
[INFO] Running net.maddkraft.maddprestige.core.admin.PhaseSixConfigurationAdministrationTest
[INFO] Tests run: 27, Failures: 0, Errors: 0, Skipped: 0, Time elapsed: 0.220 s -- in net.maddkraft.maddprestige.core.admin.PhaseSixConfigurationAdministrationTest
[INFO] Running net.maddkraft.maddprestige.core.admin.PhaseSixSimulationAndConfirmationTest
[INFO] Tests run: 8, Failures: 0, Errors: 0, Skipped: 0, Time elapsed: 0.036 s -- in net.maddkraft.maddprestige.core.admin.PhaseSixSimulationAndConfirmationTest
[INFO] Running net.maddkraft.maddprestige.core.admin.setup.SetupWizardBuiltInMappingTest
[INFO] Tests run: 1, Failures: 0, Errors: 0, Skipped: 0, Time elapsed: 0.002 s -- in net.maddkraft.maddprestige.core.admin.setup.SetupWizardBuiltInMappingTest
[INFO] Running net.maddkraft.maddprestige.core.command.CommandActionValidatorTest
[INFO] Tests run: 7, Failures: 0, Errors: 0, Skipped: 0, Time elapsed: 0.014 s -- in net.maddkraft.maddprestige.core.command.CommandActionValidatorTest
[INFO] Running net.maddkraft.maddprestige.core.competition.CompetitionFeatureBoundaryTest
[INFO] Tests run: 1, Failures: 0, Errors: 0, Skipped: 0, Time elapsed: 0.002 s -- in net.maddkraft.maddprestige.core.competition.CompetitionFeatureBoundaryTest
[INFO] Running net.maddkraft.maddprestige.core.config.ConfigurationServiceTest
[INFO] Tests run: 1, Failures: 0, Errors: 0, Skipped: 0, Time elapsed: 0.002 s -- in net.maddkraft.maddprestige.core.config.ConfigurationServiceTest
[INFO] Running net.maddkraft.maddprestige.core.config.phase3.PhaseThreeConfigurationCompilerTest
[INFO] Tests run: 5, Failures: 0, Errors: 0, Skipped: 0, Time elapsed: 0.009 s -- in net.maddkraft.maddprestige.core.config.phase3.PhaseThreeConfigurationCompilerTest
[INFO] Running net.maddkraft.maddprestige.core.config.phase3.PhaseThreeConfigurationValidatorTest
[INFO] Tests run: 5, Failures: 0, Errors: 0, Skipped: 0, Time elapsed: 0.008 s -- in net.maddkraft.maddprestige.core.config.phase3.PhaseThreeConfigurationValidatorTest
[INFO] Running net.maddkraft.maddprestige.core.config.phase4.PhaseFourConfigurationCompilerTest
[INFO] Tests run: 3, Failures: 0, Errors: 0, Skipped: 0, Time elapsed: 0.009 s -- in net.maddkraft.maddprestige.core.config.phase4.PhaseFourConfigurationCompilerTest
[INFO] Running net.maddkraft.maddprestige.core.config.phase4.PhaseFourConfigurationValidatorTest
[INFO] Tests run: 3, Failures: 0, Errors: 0, Skipped: 0, Time elapsed: 0.003 s -- in net.maddkraft.maddprestige.core.config.phase4.PhaseFourConfigurationValidatorTest
[INFO] Running net.maddkraft.maddprestige.core.config.phase4.PhaseFourProviderReachabilityTest
[INFO] Tests run: 2, Failures: 0, Errors: 0, Skipped: 0, Time elapsed: 0.003 s -- in net.maddkraft.maddprestige.core.config.phase4.PhaseFourProviderReachabilityTest
[INFO] Running net.maddkraft.maddprestige.core.documentation.PhaseEightDPublicDocumentationTest
[INFO] Tests run: 4, Failures: 0, Errors: 0, Skipped: 0, Time elapsed: 0.040 s -- in net.maddkraft.maddprestige.core.documentation.PhaseEightDPublicDocumentationTest
[INFO] Running net.maddkraft.maddprestige.core.documentation.PhaseEightFEvidenceIntegrityTest
[INFO] Tests run: 3, Failures: 0, Errors: 0, Skipped: 0, Time elapsed: 0.227 s -- in net.maddkraft.maddprestige.core.documentation.PhaseEightFEvidenceIntegrityTest
[INFO] Running net.maddkraft.maddprestige.core.economy.PeerTransferProgressionPolicyTest
[INFO] Tests run: 1, Failures: 0, Errors: 0, Skipped: 0, Time elapsed: 0.002 s -- in net.maddkraft.maddprestige.core.economy.PeerTransferProgressionPolicyTest
[INFO] Running net.maddkraft.maddprestige.core.entitlement.EntitlementMergeEngineTest
[INFO] Tests run: 3, Failures: 0, Errors: 0, Skipped: 0, Time elapsed: 0.007 s -- in net.maddkraft.maddprestige.core.entitlement.EntitlementMergeEngineTest
[INFO] Running net.maddkraft.maddprestige.core.legacy.LegacyStageMigrationPlannerTest
[INFO] Tests run: 3, Failures: 0, Errors: 0, Skipped: 0, Time elapsed: 0.009 s -- in net.maddkraft.maddprestige.core.legacy.LegacyStageMigrationPlannerTest
[INFO] Running net.maddkraft.maddprestige.core.manual.ManualProgressProviderTest
[INFO] Tests run: 7, Failures: 0, Errors: 0, Skipped: 0, Time elapsed: 0.079 s -- in net.maddkraft.maddprestige.core.manual.ManualProgressProviderTest
[INFO] Running net.maddkraft.maddprestige.core.operation.OperationStateMachineTest
[INFO] Tests run: 1, Failures: 0, Errors: 0, Skipped: 0, Time elapsed: 0.002 s -- in net.maddkraft.maddprestige.core.operation.OperationStateMachineTest
[INFO] Running net.maddkraft.maddprestige.core.prestige.PrestigeAuthorizationServiceTest
[INFO] Tests run: 6, Failures: 0, Errors: 0, Skipped: 0, Time elapsed: 0.048 s -- in net.maddkraft.maddprestige.core.prestige.PrestigeAuthorizationServiceTest
[INFO] Running net.maddkraft.maddprestige.core.prestige.PrestigeProviderHealthTest
[INFO] Tests run: 3, Failures: 0, Errors: 0, Skipped: 0, Time elapsed: 0.007 s -- in net.maddkraft.maddprestige.core.prestige.PrestigeProviderHealthTest
[INFO] Running net.maddkraft.maddprestige.core.provider.ProviderRegistryTest
[INFO] Tests run: 5, Failures: 0, Errors: 0, Skipped: 0, Time elapsed: 0.015 s -- in net.maddkraft.maddprestige.core.provider.ProviderRegistryTest
[INFO] Running net.maddkraft.maddprestige.core.rank.ManagedMembershipPolicyTest
[INFO] Tests run: 2, Failures: 0, Errors: 0, Skipped: 0, Time elapsed: 0.006 s -- in net.maddkraft.maddprestige.core.rank.ManagedMembershipPolicyTest
[INFO] Running net.maddkraft.maddprestige.core.rank.RankReconcilerTest
[INFO] Tests run: 5, Failures: 0, Errors: 0, Skipped: 0, Time elapsed: 0.015 s -- in net.maddkraft.maddprestige.core.rank.RankReconcilerTest
[INFO] Running net.maddkraft.maddprestige.core.requirement.RequirementEngineTest
[INFO] Tests run: 8, Failures: 0, Errors: 0, Skipped: 0, Time elapsed: 0.021 s -- in net.maddkraft.maddprestige.core.requirement.RequirementEngineTest
[INFO] Running net.maddkraft.maddprestige.core.requirement.RequirementMetricCollectorTest
[INFO] Tests run: 2, Failures: 0, Errors: 0, Skipped: 0, Time elapsed: 0.007 s -- in net.maddkraft.maddprestige.core.requirement.RequirementMetricCollectorTest
[INFO] Running net.maddkraft.maddprestige.core.requirement.RequirementMetricMatrixTest
[INFO] Tests run: 2, Failures: 0, Errors: 0, Skipped: 0, Time elapsed: 0.002 s -- in net.maddkraft.maddprestige.core.requirement.RequirementMetricMatrixTest
[INFO] Running net.maddkraft.maddprestige.core.requirement.RequirementSemanticsTest
[INFO] Tests run: 3, Failures: 0, Errors: 0, Skipped: 0, Time elapsed: 0.002 s -- in net.maddkraft.maddprestige.core.requirement.RequirementSemanticsTest
[INFO] Running net.maddkraft.maddprestige.core.requirement.ScalingCatchUpTest
[INFO] Tests run: 4, Failures: 0, Errors: 0, Skipped: 0, Time elapsed: 0.007 s -- in net.maddkraft.maddprestige.core.requirement.ScalingCatchUpTest
[INFO] Running net.maddkraft.maddprestige.core.schema.SchemaRegistryTest
[INFO] Tests run: 3, Failures: 0, Errors: 0, Skipped: 0, Time elapsed: 0.003 s -- in net.maddkraft.maddprestige.core.schema.SchemaRegistryTest
[INFO] Running net.maddkraft.maddprestige.core.stage.StageChangeImpactAnalyzerTest
[INFO] Tests run: 10, Failures: 0, Errors: 0, Skipped: 0, Time elapsed: 0.010 s -- in net.maddkraft.maddprestige.core.stage.StageChangeImpactAnalyzerTest
[INFO] Running net.maddkraft.maddprestige.core.stage.StageConfigurationCompilerTest
[INFO] Tests run: 9, Failures: 0, Errors: 0, Skipped: 0, Time elapsed: 0.053 s -- in net.maddkraft.maddprestige.core.stage.StageConfigurationCompilerTest
[INFO] Running net.maddkraft.maddprestige.core.stage.StageConfigurationWorkflowTest
[INFO] Tests run: 6, Failures: 0, Errors: 0, Skipped: 0, Time elapsed: 0.011 s -- in net.maddkraft.maddprestige.core.stage.StageConfigurationWorkflowTest
[INFO] Running net.maddkraft.maddprestige.core.yaml.LosslessYamlDocumentTest
[INFO] Tests run: 9, Failures: 0, Errors: 0, Skipped: 0, Time elapsed: 0.013 s -- in net.maddkraft.maddprestige.core.yaml.LosslessYamlDocumentTest
[INFO]
[INFO] Results:
[INFO]
[INFO] Tests run: 188, Failures: 0, Errors: 0, Skipped: 0
[INFO]
[INFO]
[INFO] --- jar:3.5.0:jar (default-jar) @ maddprestige-core ---
[INFO] Building jar: [repository-root]\maddprestige-core\target\maddprestige-core-2.0.0-rc.1.jar
[INFO]
[INFO] --- checkstyle:3.6.0:check (checkstyle) @ maddprestige-core ---
[INFO] You have 0 Checkstyle violations.
[INFO]
[INFO] --- jacoco:0.8.13:report (report) @ maddprestige-core ---
[INFO] Loading execution data file [repository-root]\maddprestige-core\target\jacoco.exec
[INFO] Analyzed bundle 'MaddPrestige V2 Core' with 310 classes
[INFO]
[INFO] --- cyclonedx:2.9.1:makeAggregateBom (phase1-sbom) @ maddprestige-core ---
[INFO] CycloneDX: Resolving Dependencies
[INFO] CycloneDX: Creating BOM version 1.6 with 2 component(s)
[INFO] CycloneDX: Writing and validating BOM (JSON): [repository-root]\maddprestige-core\target\bom.json
[INFO]            attaching as maddprestige-core-2.0.0-rc.1-cyclonedx.json
[INFO]
[INFO] ---------------< net.maddkraft:maddprestige-persistence >---------------
[INFO] Building MaddPrestige V2 Persistence 2.0.0-rc.1                    [4/8]
[INFO]   from maddprestige-persistence\pom.xml
[INFO] --------------------------------[ jar ]---------------------------------
[INFO]
[INFO] --- clean:3.2.0:clean (default-clean) @ maddprestige-persistence ---
[INFO] Deleting [repository-root]\maddprestige-persistence\target
[INFO]
[INFO] --- enforcer:3.6.2:enforce (phase1-build-invariants) @ maddprestige-persistence ---
[INFO] Rule 2: org.apache.maven.enforcer.rules.dependency.DependencyConvergence passed
[INFO] Rule 3: org.apache.maven.enforcer.rules.BanDuplicatePomDependencyVersions passed
[INFO]
[INFO] --- jacoco:0.8.13:prepare-agent (prepare-agent) @ maddprestige-persistence ---
[INFO] argLine set to "-javaagent:[maven-cache]\\repository\\org\\jacoco\\org.jacoco.agent\\0.8.13\\org.jacoco.agent-0.8.13-runtime.jar=destfile=[repository-root]\\maddprestige-persistence\\target\\jacoco.exec"
[INFO]
[INFO] --- resources:3.4.0:resources (default-resources) @ maddprestige-persistence ---
[INFO] skip non existing resourceDirectory [repository-root]\maddprestige-persistence\src\main\resources
[INFO]
[INFO] --- compiler:3.14.1:compile (default-compile) @ maddprestige-persistence ---
[INFO] Recompiling the module because of changed dependency.
[INFO] Compiling 59 source files with javac [debug parameters release 25] to target\classes
[INFO]
[INFO] --- resources:3.4.0:testResources (default-testResources) @ maddprestige-persistence ---
[INFO] skip non existing resourceDirectory [repository-root]\maddprestige-persistence\src\test\resources
[INFO]
[INFO] --- compiler:3.14.1:testCompile (default-testCompile) @ maddprestige-persistence ---
[INFO] Recompiling the module because of changed dependency.
[INFO] Compiling 19 source files with javac [debug parameters release 25] to target\test-classes
[INFO]
[INFO] --- surefire:3.5.3:test (default-test) @ maddprestige-persistence ---
[INFO] Using auto detected provider org.apache.maven.surefire.junitplatform.JUnitPlatformProvider
[INFO]
[INFO] -------------------------------------------------------
[INFO]  T E S T S
[INFO] -------------------------------------------------------
[INFO] Running net.maddkraft.maddprestige.persistence.admin.AtomicConfigurationFileStoreTest
[INFO] Tests run: 4, Failures: 0, Errors: 0, Skipped: 0, Time elapsed: 0.191 s -- in net.maddkraft.maddprestige.persistence.admin.AtomicConfigurationFileStoreTest
[INFO] Running net.maddkraft.maddprestige.persistence.admin.SqlitePhaseSixAdministrationTest
WARNING: A restricted method in java.lang.System has been called
WARNING: java.lang.System::load has been called by org.sqlite.SQLiteJDBCLoader in an unnamed module (file:[maven-cache]/repository/org/xerial/sqlite-jdbc/3.50.3.0/sqlite-jdbc-3.50.3.0.jar)
WARNING: Use --enable-native-access=ALL-UNNAMED to avoid a warning for callers in this module
WARNING: Restricted methods will be blocked in a future release unless native access is enabled

[INFO] Tests run: 3, Failures: 0, Errors: 0, Skipped: 0, Time elapsed: 0.323 s -- in net.maddkraft.maddprestige.persistence.admin.SqlitePhaseSixAdministrationTest
[INFO] Running net.maddkraft.maddprestige.persistence.admin.SqlitePhaseSixStageRemovalIntegrationTest
[INFO] Tests run: 11, Failures: 0, Errors: 0, Skipped: 0, Time elapsed: 1.588 s -- in net.maddkraft.maddprestige.persistence.admin.SqlitePhaseSixStageRemovalIntegrationTest
[INFO] Running net.maddkraft.maddprestige.persistence.admin.SqliteStageReferenceMigrationStoreTest
[INFO] Tests run: 17, Failures: 0, Errors: 0, Skipped: 0, Time elapsed: 1.119 s -- in net.maddkraft.maddprestige.persistence.admin.SqliteStageReferenceMigrationStoreTest
[INFO] Running net.maddkraft.maddprestige.persistence.FileBackupServiceTest
[INFO] Tests run: 1, Failures: 0, Errors: 0, Skipped: 0, Time elapsed: 0.009 s -- in net.maddkraft.maddprestige.persistence.FileBackupServiceTest
[INFO] Running net.maddkraft.maddprestige.persistence.rank.RankProjectionOperationExecutorTest
[INFO] Tests run: 13, Failures: 0, Errors: 0, Skipped: 0, Time elapsed: 0.868 s -- in net.maddkraft.maddprestige.persistence.rank.RankProjectionOperationExecutorTest
[INFO] Running net.maddkraft.maddprestige.persistence.recovery.StageTransitionLeaseRecoveryTest
[INFO] Tests run: 2, Failures: 0, Errors: 0, Skipped: 0, Time elapsed: 0.131 s -- in net.maddkraft.maddprestige.persistence.recovery.StageTransitionLeaseRecoveryTest
[INFO] Running net.maddkraft.maddprestige.persistence.sqlite.SqliteBackupServiceTest
[INFO] Tests run: 19, Failures: 0, Errors: 0, Skipped: 0, Time elapsed: 3.003 s -- in net.maddkraft.maddprestige.persistence.sqlite.SqliteBackupServiceTest
[INFO] Running net.maddkraft.maddprestige.persistence.sqlite.SqliteCurrencyLedgerStoreTest
[INFO] Tests run: 6, Failures: 0, Errors: 0, Skipped: 0, Time elapsed: 0.248 s -- in net.maddkraft.maddprestige.persistence.sqlite.SqliteCurrencyLedgerStoreTest
[INFO] Running net.maddkraft.maddprestige.persistence.sqlite.SqliteMigrationQualificationTest
[INFO] Tests run: 4, Failures: 0, Errors: 0, Skipped: 0, Time elapsed: 1.736 s -- in net.maddkraft.maddprestige.persistence.sqlite.SqliteMigrationQualificationTest
[INFO] Running net.maddkraft.maddprestige.persistence.sqlite.SqliteMigrationTest
[INFO] Tests run: 25, Failures: 0, Errors: 0, Skipped: 0, Time elapsed: 0.905 s -- in net.maddkraft.maddprestige.persistence.sqlite.SqliteMigrationTest
[INFO] Running net.maddkraft.maddprestige.persistence.sqlite.SqlitePhaseThreeStateTest
[INFO] Tests run: 2, Failures: 0, Errors: 0, Skipped: 0, Time elapsed: 0.074 s -- in net.maddkraft.maddprestige.persistence.sqlite.SqlitePhaseThreeStateTest
[INFO] Running net.maddkraft.maddprestige.persistence.sqlite.SqlitePlayerInitializationStoreTest
[INFO] Tests run: 1, Failures: 0, Errors: 0, Skipped: 0, Time elapsed: 0.041 s -- in net.maddkraft.maddprestige.persistence.sqlite.SqlitePlayerInitializationStoreTest
[INFO] Running net.maddkraft.maddprestige.persistence.sqlite.SqlitePlayerStageRepositoryTest
[INFO] Tests run: 5, Failures: 0, Errors: 0, Skipped: 0, Time elapsed: 0.193 s -- in net.maddkraft.maddprestige.persistence.sqlite.SqlitePlayerStageRepositoryTest
[INFO] Running net.maddkraft.maddprestige.persistence.sqlite.SqliteRepositoryTest
[INFO] Tests run: 3, Failures: 0, Errors: 0, Skipped: 0, Time elapsed: 0.068 s -- in net.maddkraft.maddprestige.persistence.sqlite.SqliteRepositoryTest
[INFO] Running net.maddkraft.maddprestige.persistence.sqlite.SqliteSeasonLifecycleTest
[INFO] Tests run: 4, Failures: 0, Errors: 0, Skipped: 0, Time elapsed: 0.239 s -- in net.maddkraft.maddprestige.persistence.sqlite.SqliteSeasonLifecycleTest
[INFO] Running net.maddkraft.maddprestige.persistence.sqlite.SqliteStageHistoryActorTest
[INFO] Tests run: 1, Failures: 0, Errors: 0, Skipped: 0, Time elapsed: 0.052 s -- in net.maddkraft.maddprestige.persistence.sqlite.SqliteStageHistoryActorTest
[INFO]
[INFO] Results:
[INFO]
[INFO] Tests run: 121, Failures: 0, Errors: 0, Skipped: 0
[INFO]
[INFO]
[INFO] --- jar:3.5.0:jar (default-jar) @ maddprestige-persistence ---
[INFO] Building jar: [repository-root]\maddprestige-persistence\target\maddprestige-persistence-2.0.0-rc.1.jar
[INFO]
[INFO] --- checkstyle:3.6.0:check (checkstyle) @ maddprestige-persistence ---
[INFO] You have 0 Checkstyle violations.
[INFO]
[INFO] --- jacoco:0.8.13:report (report) @ maddprestige-persistence ---
[INFO] Loading execution data file [repository-root]\maddprestige-persistence\target\jacoco.exec
[INFO] Analyzed bundle 'MaddPrestige V2 Persistence' with 63 classes
[INFO]
[INFO] --- cyclonedx:2.9.1:makeAggregateBom (phase1-sbom) @ maddprestige-persistence ---
[INFO] CycloneDX: Resolving Dependencies
[INFO] CycloneDX: Creating BOM version 1.6 with 4 component(s)
[INFO] CycloneDX: Writing and validating BOM (JSON): [repository-root]\maddprestige-persistence\target\bom.json
[INFO]            attaching as maddprestige-persistence-2.0.0-rc.1-cyclonedx.json
[INFO]
[INFO] --------------< net.maddkraft:maddprestige-integrations >---------------
[INFO] Building MaddPrestige V2 Integration Contracts 2.0.0-rc.1          [5/8]
[INFO]   from maddprestige-integrations\pom.xml
[INFO] --------------------------------[ jar ]---------------------------------
[INFO]
[INFO] --- clean:3.2.0:clean (default-clean) @ maddprestige-integrations ---
[INFO] Deleting [repository-root]\maddprestige-integrations\target
[INFO]
[INFO] --- enforcer:3.6.2:enforce (phase1-build-invariants) @ maddprestige-integrations ---
[INFO] Rule 2: org.apache.maven.enforcer.rules.dependency.DependencyConvergence passed
[INFO] Rule 3: org.apache.maven.enforcer.rules.BanDuplicatePomDependencyVersions passed
[INFO]
[INFO] --- jacoco:0.8.13:prepare-agent (prepare-agent) @ maddprestige-integrations ---
[INFO] argLine set to "-javaagent:[maven-cache]\\repository\\org\\jacoco\\org.jacoco.agent\\0.8.13\\org.jacoco.agent-0.8.13-runtime.jar=destfile=[repository-root]\\maddprestige-integrations\\target\\jacoco.exec"
[INFO]
[INFO] --- resources:3.4.0:resources (default-resources) @ maddprestige-integrations ---
[INFO] Copying 1 resource from src\main\resources to target\classes
[INFO]
[INFO] --- compiler:3.14.1:compile (default-compile) @ maddprestige-integrations ---
[INFO] Recompiling the module because of changed dependency.
[INFO] Compiling 40 source files with javac [debug parameters release 25] to target\classes
[INFO]
[INFO] --- resources:3.4.0:testResources (default-testResources) @ maddprestige-integrations ---
[INFO] skip non existing resourceDirectory [repository-root]\maddprestige-integrations\src\test\resources
[INFO]
[INFO] --- compiler:3.14.1:testCompile (default-testCompile) @ maddprestige-integrations ---
[INFO] Recompiling the module because of changed dependency.
[INFO] Compiling 10 source files with javac [debug parameters release 25] to target\test-classes
[INFO]
[INFO] --- surefire:3.5.3:test (default-test) @ maddprestige-integrations ---
[INFO] Using auto detected provider org.apache.maven.surefire.junitplatform.JUnitPlatformProvider
[INFO]
[INFO] -------------------------------------------------------
[INFO]  T E S T S
[INFO] -------------------------------------------------------
[INFO] Running net.maddkraft.maddprestige.integrations.DependencyHealthEvaluatorTest
[INFO] Tests run: 1, Failures: 0, Errors: 0, Skipped: 0, Time elapsed: 0.050 s -- in net.maddkraft.maddprestige.integrations.DependencyHealthEvaluatorTest
[INFO] Running net.maddkraft.maddprestige.integrations.luckperms.LuckPermsRankAdapterTest
[INFO] Tests run: 8, Failures: 0, Errors: 0, Skipped: 0, Time elapsed: 0.091 s -- in net.maddkraft.maddprestige.integrations.luckperms.LuckPermsRankAdapterTest
[INFO] Running net.maddkraft.maddprestige.integrations.McMmoAndPlaceholderProviderTest
[INFO] Tests run: 10, Failures: 0, Errors: 0, Skipped: 0, Time elapsed: 0.040 s -- in net.maddkraft.maddprestige.integrations.McMmoAndPlaceholderProviderTest
[INFO] Running net.maddkraft.maddprestige.integrations.PhaseFiveConfigurationAndLifecycleTest
[INFO] Tests run: 5, Failures: 0, Errors: 0, Skipped: 0, Time elapsed: 0.072 s -- in net.maddkraft.maddprestige.integrations.PhaseFiveConfigurationAndLifecycleTest
[INFO] Running net.maddkraft.maddprestige.integrations.PhaseFiveCorrectionPassTest
[INFO] Tests run: 10, Failures: 0, Errors: 0, Skipped: 0, Time elapsed: 0.018 s -- in net.maddkraft.maddprestige.integrations.PhaseFiveCorrectionPassTest
[INFO] Running net.maddkraft.maddprestige.integrations.PhaseFiveOutageHardeningTest
[INFO] Tests run: 5, Failures: 0, Errors: 0, Skipped: 0, Time elapsed: 0.026 s -- in net.maddkraft.maddprestige.integrations.PhaseFiveOutageHardeningTest
[INFO] Running net.maddkraft.maddprestige.integrations.PhaseSevenNativeProviderTest
Mockito is currently self-attaching to enable the inline-mock-maker. This will no longer work in future releases of the JDK. Please add Mockito as an agent to your build as described in Mockito's documentation: https://javadoc.io/doc/org.mockito/mockito-core/latest/org.mockito/org/mockito/Mockito.html#0.3
OpenJDK 64-Bit Server VM warning: Sharing is only supported for boot loader classes because bootstrap classpath has been appended
WARNING: A Java agent has been loaded dynamically ([maven-cache]\repository\net\bytebuddy\byte-buddy-agent\1.17.7\byte-buddy-agent-1.17.7.jar)
WARNING: If a serviceability tool is in use, please run with -XX:+EnableDynamicAgentLoading to hide this warning
WARNING: If a serviceability tool is not in use, please run with -Djdk.instrument.traceUsage for more information
WARNING: Dynamic loading of agents will be disallowed by default in a future release
[INFO] Tests run: 10, Failures: 0, Errors: 0, Skipped: 0, Time elapsed: 1.590 s -- in net.maddkraft.maddprestige.integrations.PhaseSevenNativeProviderTest
[INFO] Running net.maddkraft.maddprestige.integrations.PhaseSixIntegrationAdministrationTest
[INFO] Tests run: 2, Failures: 0, Errors: 0, Skipped: 0, Time elapsed: 0.018 s -- in net.maddkraft.maddprestige.integrations.PhaseSixIntegrationAdministrationTest
[INFO] Running net.maddkraft.maddprestige.integrations.ShopAndMcMmoEventContractTest
[INFO] Tests run: 6, Failures: 0, Errors: 0, Skipped: 0, Time elapsed: 0.033 s -- in net.maddkraft.maddprestige.integrations.ShopAndMcMmoEventContractTest
[INFO] Running net.maddkraft.maddprestige.integrations.VaultEconomyProviderTest
[INFO] Tests run: 10, Failures: 0, Errors: 0, Skipped: 0, Time elapsed: 0.057 s -- in net.maddkraft.maddprestige.integrations.VaultEconomyProviderTest
[INFO]
[INFO] Results:
[INFO]
[INFO] Tests run: 67, Failures: 0, Errors: 0, Skipped: 0
[INFO]
[INFO]
[INFO] --- jar:3.5.0:jar (default-jar) @ maddprestige-integrations ---
[INFO] Building jar: [repository-root]\maddprestige-integrations\target\maddprestige-integrations-2.0.0-rc.1.jar
[INFO]
[INFO] --- checkstyle:3.6.0:check (checkstyle) @ maddprestige-integrations ---
[INFO] You have 0 Checkstyle violations.
[INFO]
[INFO] --- jacoco:0.8.13:report (report) @ maddprestige-integrations ---
[INFO] Loading execution data file [repository-root]\maddprestige-integrations\target\jacoco.exec
[INFO] Analyzed bundle 'MaddPrestige V2 Integration Contracts' with 46 classes
[INFO]
[INFO] --- cyclonedx:2.9.1:makeAggregateBom (phase1-sbom) @ maddprestige-integrations ---
[INFO] CycloneDX: Resolving Dependencies
[INFO] CycloneDX: Creating BOM version 1.6 with 68 component(s)
[INFO] CycloneDX: Writing and validating BOM (JSON): [repository-root]\maddprestige-integrations\target\bom.json
[INFO]            attaching as maddprestige-integrations-2.0.0-rc.1-cyclonedx.json
[INFO]
[INFO] -------------< net.maddkraft:maddprestige-platform-paper >--------------
[INFO] Building MaddPrestige V2 Paper Boundary 2.0.0-rc.1                 [6/8]
[INFO]   from maddprestige-platform-paper\pom.xml
[INFO] --------------------------------[ jar ]---------------------------------
[INFO]
[INFO] --- clean:3.2.0:clean (default-clean) @ maddprestige-platform-paper ---
[INFO] Deleting [repository-root]\maddprestige-platform-paper\target
[INFO]
[INFO] --- enforcer:3.6.2:enforce (phase1-build-invariants) @ maddprestige-platform-paper ---
[INFO] Rule 2: org.apache.maven.enforcer.rules.dependency.DependencyConvergence passed
[INFO] Rule 3: org.apache.maven.enforcer.rules.BanDuplicatePomDependencyVersions passed
[INFO]
[INFO] --- jacoco:0.8.13:prepare-agent (prepare-agent) @ maddprestige-platform-paper ---
[INFO] argLine set to "-javaagent:[maven-cache]\\repository\\org\\jacoco\\org.jacoco.agent\\0.8.13\\org.jacoco.agent-0.8.13-runtime.jar=destfile=[repository-root]\\maddprestige-platform-paper\\target\\jacoco.exec"
[INFO]
[INFO] --- resources:3.4.0:resources (default-resources) @ maddprestige-platform-paper ---
[INFO] Copying 1 resource from src\main\resources to target\classes
[INFO]
[INFO] --- compiler:3.14.1:compile (default-compile) @ maddprestige-platform-paper ---
[INFO] Recompiling the module because of changed dependency.
[INFO] Compiling 53 source files with javac [debug parameters release 25] to target\classes
[INFO]
[INFO] --- resources:3.4.0:testResources (default-testResources) @ maddprestige-platform-paper ---
[INFO] skip non existing resourceDirectory [repository-root]\maddprestige-platform-paper\src\test\resources
[INFO]
[INFO] --- compiler:3.14.1:testCompile (default-testCompile) @ maddprestige-platform-paper ---
[INFO] Recompiling the module because of changed dependency.
[INFO] Compiling 22 source files with javac [debug parameters release 25] to target\test-classes
[INFO]
[INFO] --- surefire:3.5.3:test (default-test) @ maddprestige-platform-paper ---
[INFO] Using auto detected provider org.apache.maven.surefire.junitplatform.JUnitPlatformProvider
[INFO]
[INFO] -------------------------------------------------------
[INFO]  T E S T S
[INFO] -------------------------------------------------------
[INFO] Running net.maddkraft.maddprestige.platform.paper.admin.PaperGuiInventoryGuardTest
[INFO] Tests run: 2, Failures: 0, Errors: 0, Skipped: 0, Time elapsed: 0.038 s -- in net.maddkraft.maddprestige.platform.paper.admin.PaperGuiInventoryGuardTest
[INFO] Running net.maddkraft.maddprestige.platform.paper.bootstrap.AuthoritativeProgressContextFactoryTest
Mockito is currently self-attaching to enable the inline-mock-maker. This will no longer work in future releases of the JDK. Please add Mockito as an agent to your build as described in Mockito's documentation: https://javadoc.io/doc/org.mockito/mockito-core/latest/org.mockito/org/mockito/Mockito.html#0.3
OpenJDK 64-Bit Server VM warning: Sharing is only supported for boot loader classes because bootstrap classpath has been appended
WARNING: A Java agent has been loaded dynamically ([maven-cache]\repository\net\bytebuddy\byte-buddy-agent\1.17.7\byte-buddy-agent-1.17.7.jar)
WARNING: If a serviceability tool is in use, please run with -XX:+EnableDynamicAgentLoading to hide this warning
WARNING: If a serviceability tool is not in use, please run with -Djdk.instrument.traceUsage for more information
WARNING: Dynamic loading of agents will be disallowed by default in a future release
[INFO] Tests run: 2, Failures: 0, Errors: 0, Skipped: 0, Time elapsed: 1.071 s -- in net.maddkraft.maddprestige.platform.paper.bootstrap.AuthoritativeProgressContextFactoryTest
[INFO] Running net.maddkraft.maddprestige.platform.paper.bootstrap.FailureLogThrottleTest
[INFO] Tests run: 1, Failures: 0, Errors: 0, Skipped: 0, Time elapsed: 0.002 s -- in net.maddkraft.maddprestige.platform.paper.bootstrap.FailureLogThrottleTest
[INFO] Running net.maddkraft.maddprestige.platform.paper.bootstrap.InitialManualProgressActivationTest
[INFO] Tests run: 1, Failures: 0, Errors: 0, Skipped: 0, Time elapsed: 0.014 s -- in net.maddkraft.maddprestige.platform.paper.bootstrap.InitialManualProgressActivationTest
[INFO] Running net.maddkraft.maddprestige.platform.paper.bootstrap.OperationPlaceholderRefreshPolicyTest
[INFO] Tests run: 1, Failures: 0, Errors: 0, Skipped: 0, Time elapsed: 0.003 s -- in net.maddkraft.maddprestige.platform.paper.bootstrap.OperationPlaceholderRefreshPolicyTest
[INFO] Running net.maddkraft.maddprestige.platform.paper.bootstrap.PhaseSevenCommandExecutorPresentationTest
[INFO] Tests run: 1, Failures: 0, Errors: 0, Skipped: 0, Time elapsed: 0.450 s -- in net.maddkraft.maddprestige.platform.paper.bootstrap.PhaseSevenCommandExecutorPresentationTest
[INFO] Running net.maddkraft.maddprestige.platform.paper.bootstrap.StartupConfigurationLoaderTest
[INFO] Tests run: 3, Failures: 0, Errors: 0, Skipped: 0, Time elapsed: 0.055 s -- in net.maddkraft.maddprestige.platform.paper.bootstrap.StartupConfigurationLoaderTest
[INFO] Running net.maddkraft.maddprestige.platform.paper.bootstrap.StartupPersistenceCompatibilityTest
WARNING: A restricted method in java.lang.System has been called
WARNING: java.lang.System::load has been called by org.sqlite.SQLiteJDBCLoader in an unnamed module (file:[maven-cache]/repository/org/xerial/sqlite-jdbc/3.50.3.0/sqlite-jdbc-3.50.3.0.jar)
WARNING: Use --enable-native-access=ALL-UNNAMED to avoid a warning for callers in this module
WARNING: Restricted methods will be blocked in a future release unless native access is enabled

SLF4J(W): No SLF4J providers were found.
SLF4J(W): Defaulting to no-operation (NOP) logger implementation
SLF4J(W): See https://www.slf4j.org/codes.html#noProviders for further details.
[INFO] Tests run: 11, Failures: 0, Errors: 0, Skipped: 0, Time elapsed: 0.766 s -- in net.maddkraft.maddprestige.platform.paper.bootstrap.StartupPersistenceCompatibilityTest
[INFO] Running net.maddkraft.maddprestige.platform.paper.event.PaperOperationLifecycleTest
[INFO] Tests run: 1, Failures: 0, Errors: 0, Skipped: 0, Time elapsed: 0.138 s -- in net.maddkraft.maddprestige.platform.paper.event.PaperOperationLifecycleTest
[INFO] Running net.maddkraft.maddprestige.platform.paper.event.StablePaperEventCompatibilityBaselineTest
[INFO] Tests run: 1, Failures: 0, Errors: 0, Skipped: 0, Time elapsed: 0.006 s -- in net.maddkraft.maddprestige.platform.paper.event.StablePaperEventCompatibilityBaselineTest
[INFO] Running net.maddkraft.maddprestige.platform.paper.event.StablePaperEventSurfaceTest
[INFO] Tests run: 1, Failures: 0, Errors: 0, Skipped: 0, Time elapsed: 0.006 s -- in net.maddkraft.maddprestige.platform.paper.event.StablePaperEventSurfaceTest
[INFO] Running net.maddkraft.maddprestige.platform.paper.i18n.PaperMessageServiceTest
[INFO] Tests run: 34, Failures: 0, Errors: 0, Skipped: 0, Time elapsed: 2.023 s -- in net.maddkraft.maddprestige.platform.paper.i18n.PaperMessageServiceTest
[INFO] Running net.maddkraft.maddprestige.platform.paper.integration.BindingAttemptGuardTest
[INFO] Tests run: 1, Failures: 0, Errors: 0, Skipped: 0, Time elapsed: 0.002 s -- in net.maddkraft.maddprestige.platform.paper.integration.BindingAttemptGuardTest
[INFO] Running net.maddkraft.maddprestige.platform.paper.integration.PhaseSevenOptionalCompositionTest
[INFO] Tests run: 5, Failures: 0, Errors: 0, Skipped: 0, Time elapsed: 0.023 s -- in net.maddkraft.maddprestige.platform.paper.integration.PhaseSevenOptionalCompositionTest
[INFO] Running net.maddkraft.maddprestige.platform.paper.PaperTaskSchedulerContractTest
[INFO] Tests run: 1, Failures: 0, Errors: 0, Skipped: 0, Time elapsed: 0.002 s -- in net.maddkraft.maddprestige.platform.paper.PaperTaskSchedulerContractTest
[INFO] Running net.maddkraft.maddprestige.platform.paper.PhaseSevenWorldLifecycleOwnershipTest
[INFO] Tests run: 2, Failures: 0, Errors: 0, Skipped: 0, Time elapsed: 0.012 s -- in net.maddkraft.maddprestige.platform.paper.PhaseSevenWorldLifecycleOwnershipTest
[INFO] Running net.maddkraft.maddprestige.platform.paper.placeholder.MaddPrestigePlaceholderExpansionTest
[INFO] Tests run: 3, Failures: 0, Errors: 0, Skipped: 0, Time elapsed: 0.020 s -- in net.maddkraft.maddprestige.platform.paper.placeholder.MaddPrestigePlaceholderExpansionTest
[INFO] Running net.maddkraft.maddprestige.platform.paper.placeholder.PlaceholderSnapshotPublisherTest
[INFO] Tests run: 2, Failures: 0, Errors: 0, Skipped: 0, Time elapsed: 0.801 s -- in net.maddkraft.maddprestige.platform.paper.placeholder.PlaceholderSnapshotPublisherTest
[INFO] Running net.maddkraft.maddprestige.platform.paper.provider.PaperProviderBridgeTest
Aug 28, 2026 6:42:42 PM net.maddkraft.maddprestige.platform.paper.provider.PaperProviderBridge logFailure
WARNING: Provider callback failed safely for Court_Plugin during owner namespace collision: SecurityException
Aug 28, 2026 6:42:42 PM net.maddkraft.maddprestige.platform.paper.provider.PaperProviderBridge logFailure
WARNING: Provider callback failed safely for Boundary-Plugin during metadata: CompletionException
Aug 28, 2026 6:42:42 PM net.maddkraft.maddprestige.platform.paper.provider.PaperProviderBridge logFailure
WARNING: Provider callback failed safely for Claimed-Plugin during implementation owner attestation: SecurityException
[INFO] Tests run: 7, Failures: 0, Errors: 0, Skipped: 0, Time elapsed: 0.127 s -- in net.maddkraft.maddprestige.platform.paper.provider.PaperProviderBridgeTest
[INFO] Running net.maddkraft.maddprestige.platform.paper.provider.ProviderCallbackBulkheadTest
[INFO] Tests run: 2, Failures: 0, Errors: 0, Skipped: 0, Time elapsed: 0.001 s -- in net.maddkraft.maddprestige.platform.paper.provider.ProviderCallbackBulkheadTest
[INFO] Running net.maddkraft.maddprestige.platform.paper.service.ProductionMaddPrestigeServiceTest
[INFO] Tests run: 7, Failures: 0, Errors: 0, Skipped: 0, Time elapsed: 0.011 s -- in net.maddkraft.maddprestige.platform.paper.service.ProductionMaddPrestigeServiceTest
[INFO] Running net.maddkraft.maddprestige.platform.paper.VanillaStatisticsProviderTest
[INFO] Tests run: 4, Failures: 0, Errors: 0, Skipped: 0, Time elapsed: 0.087 s -- in net.maddkraft.maddprestige.platform.paper.VanillaStatisticsProviderTest
[INFO]
[INFO] Results:
[INFO]
[INFO] Tests run: 93, Failures: 0, Errors: 0, Skipped: 0
[INFO]
[INFO]
[INFO] --- jar:3.5.0:jar (default-jar) @ maddprestige-platform-paper ---
[INFO] Building jar: [repository-root]\maddprestige-platform-paper\target\maddprestige-platform-paper-2.0.0-rc.1.jar
[INFO]
[INFO] --- checkstyle:3.6.0:check (checkstyle) @ maddprestige-platform-paper ---
[INFO] You have 0 Checkstyle violations.
[INFO]
[INFO] --- jacoco:0.8.13:report (report) @ maddprestige-platform-paper ---
[INFO] Loading execution data file [repository-root]\maddprestige-platform-paper\target\jacoco.exec
[INFO] Analyzed bundle 'MaddPrestige V2 Paper Boundary' with 68 classes
[INFO]
[INFO] --- cyclonedx:2.9.1:makeAggregateBom (phase1-sbom) @ maddprestige-platform-paper ---
[INFO] CycloneDX: Resolving Dependencies
[INFO] CycloneDX: Creating BOM version 1.6 with 71 component(s)
[INFO] CycloneDX: Writing and validating BOM (JSON): [repository-root]\maddprestige-platform-paper\target\bom.json
[INFO]            attaching as maddprestige-platform-paper-2.0.0-rc.1-cyclonedx.json
[INFO]
[INFO] -----------------< net.maddkraft:maddprestige-testkit >-----------------
[INFO] Building MaddPrestige V2 Testkit 2.0.0-rc.1                        [7/8]
[INFO]   from maddprestige-testkit\pom.xml
[INFO] --------------------------------[ jar ]---------------------------------
[INFO]
[INFO] --- clean:3.2.0:clean (default-clean) @ maddprestige-testkit ---
[INFO] Deleting [repository-root]\maddprestige-testkit\target
[INFO]
[INFO] --- enforcer:3.6.2:enforce (phase1-build-invariants) @ maddprestige-testkit ---
[INFO] Rule 2: org.apache.maven.enforcer.rules.dependency.DependencyConvergence passed
[INFO] Rule 3: org.apache.maven.enforcer.rules.BanDuplicatePomDependencyVersions passed
[INFO]
[INFO] --- jacoco:0.8.13:prepare-agent (prepare-agent) @ maddprestige-testkit ---
[INFO] argLine set to "-javaagent:[maven-cache]\\repository\\org\\jacoco\\org.jacoco.agent\\0.8.13\\org.jacoco.agent-0.8.13-runtime.jar=destfile=[repository-root]\\maddprestige-testkit\\target\\jacoco.exec"
[INFO]
[INFO] --- resources:3.4.0:resources (default-resources) @ maddprestige-testkit ---
[INFO] skip non existing resourceDirectory [repository-root]\maddprestige-testkit\src\main\resources
[INFO]
[INFO] --- compiler:3.14.1:compile (default-compile) @ maddprestige-testkit ---
[INFO] Recompiling the module because of changed dependency.
[INFO] Compiling 12 source files with javac [debug parameters release 25] to target\classes
[INFO]
[INFO] --- resources:3.4.0:testResources (default-testResources) @ maddprestige-testkit ---
[INFO] skip non existing resourceDirectory [repository-root]\maddprestige-testkit\src\test\resources
[INFO]
[INFO] --- compiler:3.14.1:testCompile (default-testCompile) @ maddprestige-testkit ---
[INFO] Recompiling the module because of changed dependency.
[INFO] Compiling 4 source files with javac [debug parameters release 25] to target\test-classes
[INFO]
[INFO] --- surefire:3.5.3:test (default-test) @ maddprestige-testkit ---
[INFO] Using auto detected provider org.apache.maven.surefire.junitplatform.JUnitPlatformProvider
[INFO]
[INFO] -------------------------------------------------------
[INFO]  T E S T S
[INFO] -------------------------------------------------------
[INFO] Running net.maddkraft.maddprestige.testkit.PhaseFourLifecycleTest
WARNING: A restricted method in java.lang.System has been called
WARNING: java.lang.System::load has been called by org.sqlite.SQLiteJDBCLoader in an unnamed module (file:[maven-cache]/repository/org/xerial/sqlite-jdbc/3.50.3.0/sqlite-jdbc-3.50.3.0.jar)
WARNING: Use --enable-native-access=ALL-UNNAMED to avoid a warning for callers in this module
WARNING: Restricted methods will be blocked in a future release unless native access is enabled

[INFO] Tests run: 20, Failures: 0, Errors: 0, Skipped: 0, Time elapsed: 3.040 s -- in net.maddkraft.maddprestige.testkit.PhaseFourLifecycleTest
[INFO] Running net.maddkraft.maddprestige.testkit.PhaseSevenAcceptanceFixtureTest
[INFO] Tests run: 3, Failures: 0, Errors: 0, Skipped: 0, Time elapsed: 0.149 s -- in net.maddkraft.maddprestige.testkit.PhaseSevenAcceptanceFixtureTest
[INFO] Running net.maddkraft.maddprestige.testkit.RankUpEngineTest
[INFO] Tests run: 32, Failures: 0, Errors: 0, Skipped: 0, Time elapsed: 2.021 s -- in net.maddkraft.maddprestige.testkit.RankUpEngineTest
[INFO] Running net.maddkraft.maddprestige.testkit.TestkitTest
[INFO] Tests run: 3, Failures: 0, Errors: 0, Skipped: 0, Time elapsed: 0.025 s -- in net.maddkraft.maddprestige.testkit.TestkitTest
[INFO]
[INFO] Results:
[INFO]
[INFO] Tests run: 58, Failures: 0, Errors: 0, Skipped: 0
[INFO]
[INFO]
[INFO] --- jar:3.5.0:jar (default-jar) @ maddprestige-testkit ---
[INFO] Building jar: [repository-root]\maddprestige-testkit\target\maddprestige-testkit-2.0.0-rc.1.jar
[INFO]
[INFO] --- checkstyle:3.6.0:check (checkstyle) @ maddprestige-testkit ---
[INFO] You have 0 Checkstyle violations.
[INFO]
[INFO] --- jacoco:0.8.13:report (report) @ maddprestige-testkit ---
[INFO] Loading execution data file [repository-root]\maddprestige-testkit\target\jacoco.exec
[INFO] Analyzed bundle 'MaddPrestige V2 Testkit' with 15 classes
[INFO]
[INFO] --- cyclonedx:2.9.1:makeAggregateBom (phase1-sbom) @ maddprestige-testkit ---
[INFO] CycloneDX: Resolving Dependencies
[INFO] CycloneDX: Creating BOM version 1.6 with 5 component(s)
[INFO] CycloneDX: Writing and validating BOM (JSON): [repository-root]\maddprestige-testkit\target\bom.json
[INFO]            attaching as maddprestige-testkit-2.0.0-rc.1-cyclonedx.json
[INFO]
[INFO] --------------< net.maddkraft:maddprestige-distribution >---------------
[INFO] Building MaddPrestige Distribution 2.0.0-rc.1                      [8/8]
[INFO]   from maddprestige-distribution\pom.xml
[INFO] --------------------------------[ jar ]---------------------------------
[INFO]
[INFO] --- clean:3.2.0:clean (default-clean) @ maddprestige-distribution ---
[INFO] Deleting [repository-root]\maddprestige-distribution\target
[INFO]
[INFO] --- enforcer:3.6.2:enforce (phase1-build-invariants) @ maddprestige-distribution ---
[INFO] Rule 2: org.apache.maven.enforcer.rules.dependency.DependencyConvergence passed
[INFO] Rule 3: org.apache.maven.enforcer.rules.BanDuplicatePomDependencyVersions passed
[INFO]
[INFO] --- jacoco:0.8.13:prepare-agent (prepare-agent) @ maddprestige-distribution ---
[INFO] argLine set to "-javaagent:[maven-cache]\\repository\\org\\jacoco\\org.jacoco.agent\\0.8.13\\org.jacoco.agent-0.8.13-runtime.jar=destfile=[repository-root]\\maddprestige-distribution\\target\\jacoco.exec"
[INFO]
[INFO] --- build-helper:3.6.1:add-source (retain-v1-main) @ maddprestige-distribution ---
[INFO] Source directory: [repository-root]\src\main\java added.
[INFO]
[INFO] --- build-helper:3.6.1:add-resource (retain-v1-resources) @ maddprestige-distribution ---
[INFO]
[INFO] --- resources:3.4.0:resources (default-resources) @ maddprestige-distribution ---
[INFO] Copying 1 resource from src\main\resources to target\classes
[INFO] Copying 2 resources from ..\src\main\resources to target\classes
[INFO]
[INFO] --- compiler:3.14.1:compile (default-compile) @ maddprestige-distribution ---
[INFO] Recompiling the module because of changed dependency.
[INFO] Compiling 47 source files with javac [debug parameters release 25] to target\classes
[WARNING] [repository-root]/src/main/java/gg/maddkraft/prestige/ui/MenuService.java:[427,61] HIDE_ADDITIONAL_TOOLTIP in org.bukkit.inventory.ItemFlag has been deprecated
[WARNING] [repository-root]/src/main/java/gg/maddkraft/prestige/ui/StaffMenuService.java:[346,61] HIDE_ADDITIONAL_TOOLTIP in org.bukkit.inventory.ItemFlag has been deprecated
[INFO]
[INFO] --- build-helper:3.6.1:add-test-source (retain-v1-tests) @ maddprestige-distribution ---
[INFO] Test Source directory: [repository-root]\src\test\java added.
[INFO]
[INFO] --- resources:3.4.0:testResources (default-testResources) @ maddprestige-distribution ---
[INFO] skip non existing resourceDirectory [repository-root]\maddprestige-distribution\src\test\resources
[INFO]
[INFO] --- compiler:3.14.1:testCompile (default-testCompile) @ maddprestige-distribution ---
[INFO] Recompiling the module because of changed dependency.
[INFO] Compiling 6 source files with javac [debug parameters release 25] to target\test-classes
[INFO]
[INFO] --- surefire:3.5.3:test (default-test) @ maddprestige-distribution ---
[INFO] Using auto detected provider org.apache.maven.surefire.junitplatform.JUnitPlatformProvider
[INFO]
[INFO] -------------------------------------------------------
[INFO]  T E S T S
[INFO] -------------------------------------------------------
[INFO] Running gg.maddkraft.prestige.config.PluginSettingsTest
[INFO] Tests run: 2, Failures: 0, Errors: 0, Skipped: 0, Time elapsed: 0.358 s -- in gg.maddkraft.prestige.config.PluginSettingsTest
[INFO] Running gg.maddkraft.prestige.model.PlayerStateTest
[INFO] Tests run: 2, Failures: 0, Errors: 0, Skipped: 0, Time elapsed: 0.031 s -- in gg.maddkraft.prestige.model.PlayerStateTest
[INFO] Running gg.maddkraft.prestige.model.RequirementsTest
[INFO] Tests run: 2, Failures: 0, Errors: 0, Skipped: 0, Time elapsed: 0.003 s -- in gg.maddkraft.prestige.model.RequirementsTest
[INFO] Running gg.maddkraft.prestige.storage.DatabaseTest
WARNING: A restricted method in java.lang.System has been called
WARNING: java.lang.System::load has been called by org.sqlite.SQLiteJDBCLoader in an unnamed module (file:[maven-cache]/repository/org/xerial/sqlite-jdbc/3.50.3.0/sqlite-jdbc-3.50.3.0.jar)
WARNING: Use --enable-native-access=ALL-UNNAMED to avoid a warning for callers in this module
WARNING: Restricted methods will be blocked in a future release unless native access is enabled

SLF4J(W): No SLF4J providers were found.
SLF4J(W): Defaulting to no-operation (NOP) logger implementation
SLF4J(W): See https://www.slf4j.org/codes.html#noProviders for further details.
[INFO] Tests run: 1, Failures: 0, Errors: 0, Skipped: 0, Time elapsed: 0.192 s -- in gg.maddkraft.prestige.storage.DatabaseTest
[INFO] Running net.maddkraft.maddprestige.distribution.V1CharacterizationTest
[INFO] Tests run: 5, Failures: 0, Errors: 0, Skipped: 0, Time elapsed: 0.063 s -- in net.maddkraft.maddprestige.distribution.V1CharacterizationTest
[INFO]
[INFO] Results:
[INFO]
[INFO] Tests run: 12, Failures: 0, Errors: 0, Skipped: 0
[INFO]
[INFO]
[INFO] --- jar:3.5.0:jar (default-jar) @ maddprestige-distribution ---
[INFO] Building jar: [repository-root]\maddprestige-distribution\target\MaddPrestige-2.0.0-rc.1.jar
[INFO]
[INFO] --- shade:3.6.0:shade (default) @ maddprestige-distribution ---
[INFO] Including net.maddkraft:maddprestige-api:jar:2.0.0-rc.1 in the shaded jar.
[INFO] Including net.maddkraft:maddprestige-core:jar:2.0.0-rc.1 in the shaded jar.
[INFO] Including org.snakeyaml:snakeyaml-engine:jar:3.0.1 in the shaded jar.
[INFO] Including net.maddkraft:maddprestige-persistence:jar:2.0.0-rc.1 in the shaded jar.
[INFO] Including net.maddkraft:maddprestige-platform-paper:jar:2.0.0-rc.1 in the shaded jar.
[INFO] Including net.maddkraft:maddprestige-integrations:jar:2.0.0-rc.1 in the shaded jar.
[INFO] Including org.xerial:sqlite-jdbc:jar:3.50.3.0 in the shaded jar.
[WARNING] Discovered module-info.class. Shading will break its strong encapsulation.
[WARNING] MaddPrestige-2.0.0-rc.1.jar, maddprestige-api-2.0.0-rc.1.jar, maddprestige-core-2.0.0-rc.1.jar, maddprestige-integrations-2.0.0-rc.1.jar, maddprestige-persistence-2.0.0-rc.1.jar, maddprestige-platform-paper-2.0.0-rc.1.jar, snakeyaml-engine-3.0.1.jar, sqlite-jdbc-3.50.3.0.jar define 1 overlapping resource:
[WARNING]   - META-INF/MANIFEST.MF
[WARNING] maven-shade-plugin has detected that some files are
[WARNING] present in two or more JARs. When this happens, only one
[WARNING] single version of the file is copied to the uber jar.
[WARNING] Usually this is not harmful and you can skip these warnings,
[WARNING] otherwise try to manually exclude artifacts based on
[WARNING] mvn dependency:tree -Ddetail=true and the above output.
[WARNING] See https://maven.apache.org/plugins/maven-shade-plugin/
[INFO] Replacing original artifact with shaded artifact.
[INFO] Replacing [repository-root]\maddprestige-distribution\target\MaddPrestige-2.0.0-rc.1.jar with [repository-root]\maddprestige-distribution\target\maddprestige-distribution-2.0.0-rc.1-shaded.jar
[INFO]
[INFO] --- failsafe:3.5.3:integration-test (default) @ maddprestige-distribution ---
[INFO] Using auto detected provider org.apache.maven.surefire.junitplatform.JUnitPlatformProvider
[INFO]
[INFO] -------------------------------------------------------
[INFO]  T E S T S
[INFO] -------------------------------------------------------
[INFO] Running net.maddkraft.maddprestige.distribution.PhaseEightFReleasePackageIT
[INFO] Tests run: 1, Failures: 0, Errors: 0, Skipped: 0, Time elapsed: 0.088 s -- in net.maddkraft.maddprestige.distribution.PhaseEightFReleasePackageIT
[INFO]
[INFO] Results:
[INFO]
[INFO] Tests run: 1, Failures: 0, Errors: 0, Skipped: 0
[INFO]
[INFO]
[INFO] --- checkstyle:3.6.0:check (checkstyle) @ maddprestige-distribution ---
[INFO]
[INFO] --- jacoco:0.8.13:report (report) @ maddprestige-distribution ---
[INFO] Loading execution data file [repository-root]\maddprestige-distribution\target\jacoco.exec
[INFO] Analyzed bundle 'MaddPrestige Distribution' with 79 classes
[INFO]
[INFO] --- cyclonedx:2.9.1:makeAggregateBom (phase1-sbom) @ maddprestige-distribution ---
[INFO] CycloneDX: Resolving Dependencies
[INFO] CycloneDX: Creating BOM version 1.6 with 62 component(s)
[INFO] CycloneDX: Writing and validating BOM (JSON): [repository-root]\maddprestige-distribution\target\bom.json
[INFO]            attaching as maddprestige-distribution-2.0.0-rc.1-cyclonedx.json
[INFO]
[INFO] --- failsafe:3.5.3:verify (default) @ maddprestige-distribution ---
[INFO] ------------------------------------------------------------------------
[INFO] Reactor Summary for MaddPrestige V2 Parent 2.0.0-rc.1:
[INFO]
[INFO] MaddPrestige V2 Parent ............................. SUCCESS [  4.542 s]
[INFO] MaddPrestige V2 API ................................ SUCCESS [  5.070 s]
[INFO] MaddPrestige V2 Core ............................... SUCCESS [ 12.715 s]
[INFO] MaddPrestige V2 Persistence ........................ SUCCESS [ 15.406 s]
[INFO] MaddPrestige V2 Integration Contracts .............. SUCCESS [  7.303 s]
[INFO] MaddPrestige V2 Paper Boundary ..................... SUCCESS [ 11.780 s]
[INFO] MaddPrestige V2 Testkit ............................ SUCCESS [  8.020 s]
[INFO] MaddPrestige Distribution .......................... SUCCESS [  8.961 s]
[INFO] ------------------------------------------------------------------------
[INFO] BUILD SUCCESS
[INFO] ------------------------------------------------------------------------
[INFO] Total time:  01:13 min
[INFO] Finished at: 2026-08-28T18:43:02-07:00
[INFO] ------------------------------------------------------------------------
