Phase 8F Correction Pass 1 scope and hygiene audit
Date: 2026-08-24

Branch: v2/phase-8f
HEAD: 993599dc47cacc76b6372302d338d1850bf2896e
Staged paths: 0
Tracked unstaged paths: 35
Untracked paths: 48

Protected V1 Java changes: 0
Stable SDK source changes: 0
Stable Paper-event source changes: 0
Phase 8F overall production Java changes: 1
Phase 8F overall production Java path: maddprestige-platform-paper/src/main/java/net/maddkraft/maddprestige/platform/paper/bootstrap/MaddPrestigeV2Plugin.java
Correction Pass 1 production Java changes: 0; the listed banner correction predates and was accepted by Owner Review 1
External-SQL production/change paths: 0
Phase 9 paths: 0
System-scope/systemPath dependencies: 0
Sonar suppression/exclusion configuration additions: 0
git diff --check findings: 0
Remote v2/phase-8f branch: absent (git ls-remote)
Pull requests with head v2/phase-8f: 0 (GitHub CLI)
Commit/push/PR/merge performed by Correction Pass 1: no
A76 run: no
