[INFO] Scanning for projects...
[INFO]
[INFO] ---------< net.maddkraft.qualification:phase8e-beta-provider >----------
[INFO] Building phase8e-beta-provider 1.0.0
[INFO]   from pom.xml
[INFO] --------------------------------[ jar ]---------------------------------
[INFO]
[INFO] --- clean:3.2.0:clean (default-clean) @ phase8e-beta-provider ---
[INFO] Deleting <WORKSPACE>\qualification\phase8e-beta-provider\target
[INFO]
[INFO] --- build-helper:3.6.1:add-source (phase8e-provider-support) @ phase8e-beta-provider ---
[INFO] Source directory: <WORKSPACE>\qualification\phase8e-provider-support\src\main\java added.
[INFO]
[INFO] --- resources:3.4.0:resources (default-resources) @ phase8e-beta-provider ---
[INFO] Copying 1 resource from src\main\resources to target\classes
[INFO]
[INFO] --- compiler:3.14.1:compile (default-compile) @ phase8e-beta-provider ---
[INFO] Recompiling the module because of changed source code.
[INFO] Compiling 2 source files with javac [debug parameters release 25] to target\classes
[INFO]
[INFO] --- resources:3.4.0:testResources (default-testResources) @ phase8e-beta-provider ---
[INFO] skip non existing resourceDirectory <WORKSPACE>\qualification\phase8e-beta-provider\src\test\resources
[INFO]
[INFO] --- compiler:3.14.1:testCompile (default-testCompile) @ phase8e-beta-provider ---
[INFO] No sources to compile
[INFO]
[INFO] --- surefire:3.5.4:test (default-test) @ phase8e-beta-provider ---
[INFO] No tests to run.
[INFO]
[INFO] --- jar:3.5.0:jar (default-jar) @ phase8e-beta-provider ---
[INFO] Building jar: <WORKSPACE>\qualification\phase8e-beta-provider\target\Phase8E-Beta-Provider.jar
[INFO] ------------------------------------------------------------------------
[INFO] BUILD SUCCESS
[INFO] ------------------------------------------------------------------------
[INFO] Total time:  1.292 s
[INFO] Finished at: 2026-08-24T02:23:57-07:00
[INFO] ------------------------------------------------------------------------
