[18:32:02] [ServerMain/INFO]: [bootstrap] Running Java 25 (OpenJDK 64-Bit Server VM 25.0.3+9-LTS; Eclipse Adoptium Temurin-25.0.3+9) on Windows 11 10.0 (amd64)
[18:32:02] [ServerMain/INFO]: [bootstrap] Loading Paper 26.1.2-74-ver/26.1.2@e4e17fc (2026-07-06T16:51:09Z) for Minecraft 26.1.2
[18:32:02] [ServerMain/WARN]: [oshi.driver.windows.perfmon.PerfmonDisabled] Invalid registry value type detected for PerfOS counters. Should be REG_DWORD. Ignoring: HKEY_LOCAL_MACHINE\SYSTEM\CurrentControlSet\Services\PerfOS\Performance\Disable Performance Counters.
[18:32:02] [ServerMain/INFO]: [PluginInitializerManager] Initializing plugins...
[18:32:02] [ServerMain/INFO]: [PluginInitializerManager] Initialized 3 plugins
[18:32:02] [ServerMain/INFO]: [PluginInitializerManager] Bukkit plugins (3):
 - LuckPerms (5.5.71), MaddPrestige (2.0.0-rc.1), Phase8D-Harness (1.0.0)
[18:32:05] [ServerMain/INFO]: Environment: Environment[sessionHost=https://sessionserver.mojang.com, servicesHost=https://api.minecraftservices.com, profilesHost=https://api.mojang.com, name=PROD]
[18:32:06] [ServerMain/INFO]: Loaded 1515 recipes
[18:32:06] [ServerMain/INFO]: Loaded 1617 advancements
[18:32:06] [ServerMain/INFO]: [ca.spottedleaf.dataconverter.minecraft.datatypes.MCTypeRegistry] Initialising converters for DataConverter...
[18:32:06] [ServerMain/INFO]: [ca.spottedleaf.dataconverter.minecraft.datatypes.MCTypeRegistry] Finished initialising converters for DataConverter in 215.0ms
[18:32:06] [Server thread/INFO]: Starting minecraft server version 26.1.2
[18:32:06] [Server thread/INFO]: Loading properties
[18:32:06] [Server thread/INFO]: This server is running Paper version 26.1.2-74-ver/26.1.2@e4e17fc (2026-07-06T16:51:09Z) (Implementing API version 26.1.2.build.74-stable)
[18:32:06] [Server thread/INFO]: [spark] This server bundles the spark profiler. For more information please visit https://docs.papermc.io/paper/profiling
[18:32:06] [Server thread/INFO]: Using 4 threads for Netty based IO
[18:32:06] [Server thread/INFO]: Server Ping Player Sample Count: 12
[18:32:06] [Server thread/INFO]: [MoonriseCommon] Paper is using 2 worker threads, 1 I/O threads
[18:32:07] [Server thread/INFO]: Default game type: SURVIVAL
[18:32:07] [Server thread/INFO]: Generating keypair
[18:32:07] [Server thread/INFO]: Starting Minecraft server on *:25580
[18:32:07] [Server thread/INFO]: Paper: Using Java compression from Velocity.
[18:32:07] [Server thread/INFO]: Paper: Using Java cipher from Velocity.
[18:32:07] [Server thread/INFO]: [LuckPerms] Loading server plugin LuckPerms v5.5.71
[18:32:07] [Server thread/INFO]: [LuckPerms] Loading configuration...
[18:32:07] [Server thread/INFO]: [MaddPrestige] Loading server plugin MaddPrestige v2.0.0-rc.1
[18:32:07] [Server thread/INFO]: [Phase8D-Harness] Loading server plugin Phase8D-Harness v1.0.0
[18:32:07] [Server thread/INFO]: Server permissions file permissions.yml is empty, ignoring it
[18:32:07] [Server thread/INFO]: [LuckPerms] Enabling LuckPerms v5.5.71
[18:32:07] [Server thread/INFO]:         __
[18:32:07] [Server thread/INFO]:   |    |__)   LuckPerms v5.5.71
[18:32:07] [Server thread/INFO]:   |___ |      Running on Bukkit - Paper
[18:32:07] [Server thread/INFO]:
[18:32:07] [Server thread/INFO]: [LuckPerms] Loading storage provider... [H2]
[18:32:07] [Server thread/INFO]: [LuckPerms] Loading internal permission managers...
[18:32:07] [Server thread/INFO]: [LuckPerms] Performing initial data load...
[18:32:07] [Server thread/INFO]: [LuckPerms] Successfully enabled. (took 386ms)
[18:32:07] [Server thread/WARN]: **** SERVER IS RUNNING IN OFFLINE/INSECURE MODE!
[18:32:07] [Server thread/WARN]: The server will make no attempt to authenticate usernames. Beware.
[18:32:07] [Server thread/WARN]: While this makes the game possible to play without internet access, it also opens up the ability for hackers to connect with any username they choose.
[18:32:07] [Server thread/WARN]: To change this, set "online-mode" to "true" in the server.properties file.
[18:32:07] [Server thread/INFO]: Preparing level "phase8f-a76-or3-world"
[18:32:08] [Server thread/INFO]: Loading 0 persistent chunks for level 'minecraft:overworld'...
[18:32:08] [Server thread/INFO]: Prepared spawn area in 1 ms
[18:32:08] [Server thread/INFO]: Loading 0 persistent chunks for level 'minecraft:the_nether'...
[18:32:08] [Server thread/INFO]: Prepared spawn area in 2 ms
[18:32:08] [Server thread/INFO]: Loading 0 persistent chunks for level 'minecraft:the_end'...
[18:32:08] [Server thread/INFO]: Prepared spawn area in 0 ms
[18:32:08] [Server thread/INFO]: Done preparing level "phase8f-a76-or3-world" (0.251s)
[18:32:08] [Server thread/INFO]: [MaddPrestige] Enabling MaddPrestige v2.0.0-rc.1
[18:32:08] [Server thread/INFO]: [MaddPrestige] MaddPrestige V2 2.0.0-rc.1 release candidate ready; configuration is active at r_c7b7fca1d62945c39b1d2603c51e73a0; startup recovery inspected 0 operation(s).
[18:32:08] [Server thread/INFO]: [Phase8D-Harness] Enabling Phase8D-Harness v1.0.0
[18:32:08] [Server thread/INFO]: [spark] Starting background profiler...
[18:32:08] [Server thread/INFO]: [spark] The async-profiler engine is not supported for your os/arch (windows11/amd64), so the built-in Java engine will be used instead.
[18:32:08] [Server thread/INFO]: Saving chunks for level 'ServerLevel[phase8f-a76-or3-world]'/minecraft:overworld
[18:32:08] [Server thread/INFO]: Saving chunks for level 'ServerLevel[phase8f-a76-or3-world]'/minecraft:the_nether
[18:32:08] [Server thread/INFO]: Saving chunks for level 'ServerLevel[phase8f-a76-or3-world]'/minecraft:the_end
[18:32:08] [Server thread/INFO]: ThreadedAnvilChunkStorage (world): All chunks are saved
[18:32:08] [Server thread/INFO]: ThreadedAnvilChunkStorage (DIM-1): All chunks are saved
[18:32:08] [Server thread/INFO]: ThreadedAnvilChunkStorage (DIM1): All chunks are saved
[18:32:08] [Server thread/INFO]: ThreadedAnvilChunkStorage: All dimensions are saved
[18:32:08] [Server thread/INFO]: Running delayed init tasks
[18:32:08] [Server thread/INFO]: Done (6.602s)! For help, type "help"
[18:32:08] [Paper Async Task Handler Thread - 1/WARN]: *************************************************************************************
[18:32:08] [Paper Async Task Handler Thread - 1/WARN]: You are running the latest build for your Minecraft version (26.1.2)
[18:32:08] [Paper Async Task Handler Thread - 1/WARN]: However, you are 2 release(s) behind the latest stable release (26.2)!
[18:32:08] [Paper Async Task Handler Thread - 1/WARN]: It is recommended that you update as soon as possible
[18:32:08] [Paper Async Task Handler Thread - 1/WARN]: https://papermc.io/downloads/paper
[18:32:08] [Paper Async Task Handler Thread - 1/WARN]: *************************************************************************************
[18:32:10] [Server thread/INFO]: [Phase8D-Harness] PHASE8D-Q PASS 1 unchanged restart recovered stage Member, Prestige 1, exact revision/history/statistic/LP state
[18:32:10] [Server thread/INFO]: [Phase8D-Harness] PHASE8D-Q PASS 2 restart retained the current-Prestige baseline and blocked premature Adventurer
[18:32:10] [Server thread/INFO]: [Phase8D-Harness] PHASE8D-Q PASS 3 restart Doctor remained healthy
[18:32:10] [Server thread/INFO]: [Phase8D-Harness] PHASE8D-Q COMPLETE two-boot A70 qualification pass-count=3
[18:32:11] [Server thread/INFO]: Stopping server
[18:32:11] [Server thread/INFO]: [Phase8D-Harness] Disabling Phase8D-Harness v1.0.0
[18:32:11] [Server thread/INFO]: [Phase8D-Harness] PHASE8D-Q shutdown pass-count=3
[18:32:11] [Server thread/INFO]: [MaddPrestige] Disabling MaddPrestige v2.0.0-rc.1
[18:32:11] [Server thread/INFO]: [LuckPerms] Disabling LuckPerms v5.5.71
[18:32:11] [Server thread/INFO]: [LuckPerms] Starting shutdown process...
[18:32:11] [Server thread/INFO]: [LuckPerms] Closing storage...
[18:32:11] [Server thread/INFO]: [LuckPerms] Goodbye!
[18:32:11] [Server thread/INFO]: Saving players
[18:32:12] [Server thread/INFO]: Saving worlds
[18:32:12] [Server thread/INFO]: Saving chunks for level 'ServerLevel[phase8f-a76-or3-world]'/minecraft:overworld
[18:32:12] [Server thread/INFO]: [ChunkHolderManager] Waiting 60s for chunk system to halt for world 'minecraft:overworld'
[18:32:12] [Server thread/INFO]: [ChunkHolderManager] Halted chunk system for world 'minecraft:overworld'
[18:32:12] [Server thread/INFO]: [ChunkHolderManager] Saving all chunkholders for world 'minecraft:overworld'
[18:32:12] [Server thread/INFO]: [ChunkHolderManager] Saved 0 block chunks, 0 entity chunks, 0 poi chunks in world 'minecraft:overworld' in 0.00s
[18:32:12] [Server thread/INFO]: [ChunkHolderManager] Waiting 60s for chunk I/O to halt for world 'minecraft:overworld'
[18:32:12] [Server thread/INFO]: [ChunkHolderManager] Halted I/O scheduler for world 'minecraft:overworld'
[18:32:12] [Server thread/INFO]: Saving chunks for level 'ServerLevel[phase8f-a76-or3-world]'/minecraft:the_nether
[18:32:12] [Server thread/INFO]: [ChunkHolderManager] Waiting 60s for chunk system to halt for world 'minecraft:the_nether'
[18:32:12] [Server thread/INFO]: [ChunkHolderManager] Halted chunk system for world 'minecraft:the_nether'
[18:32:12] [Server thread/INFO]: [ChunkHolderManager] Saving all chunkholders for world 'minecraft:the_nether'
[18:32:12] [Server thread/INFO]: [ChunkHolderManager] Saved 0 block chunks, 0 entity chunks, 0 poi chunks in world 'minecraft:the_nether' in 0.00s
[18:32:12] [Server thread/INFO]: [ChunkHolderManager] Waiting 60s for chunk I/O to halt for world 'minecraft:the_nether'
[18:32:12] [Server thread/INFO]: [ChunkHolderManager] Halted I/O scheduler for world 'minecraft:the_nether'
[18:32:12] [Server thread/INFO]: Saving chunks for level 'ServerLevel[phase8f-a76-or3-world]'/minecraft:the_end
[18:32:12] [Server thread/INFO]: [ChunkHolderManager] Waiting 60s for chunk system to halt for world 'minecraft:the_end'
[18:32:12] [Server thread/INFO]: [ChunkHolderManager] Halted chunk system for world 'minecraft:the_end'
[18:32:12] [Server thread/INFO]: [ChunkHolderManager] Saving all chunkholders for world 'minecraft:the_end'
[18:32:12] [Server thread/INFO]: [ChunkHolderManager] Saved 0 block chunks, 0 entity chunks, 0 poi chunks in world 'minecraft:the_end' in 0.00s
[18:32:12] [Server thread/INFO]: [ChunkHolderManager] Waiting 60s for chunk I/O to halt for world 'minecraft:the_end'
[18:32:12] [Server thread/INFO]: [ChunkHolderManager] Halted I/O scheduler for world 'minecraft:the_end'
[18:32:12] [Server thread/INFO]: ThreadedAnvilChunkStorage (world): All chunks are saved
[18:32:12] [Server thread/INFO]: ThreadedAnvilChunkStorage (DIM-1): All chunks are saved
[18:32:12] [Server thread/INFO]: ThreadedAnvilChunkStorage (DIM1): All chunks are saved
[18:32:12] [Server thread/INFO]: ThreadedAnvilChunkStorage: All dimensions are saved
[18:32:12] [Server thread/INFO]: Waiting for all RegionFile I/O tasks to complete...
[18:32:12] [Server thread/INFO]: All RegionFile I/O tasks to complete
[18:32:12] [Server thread/INFO]: [MoonriseCommon] Awaiting termination of worker pool for up to 60s...
[18:32:12] [Server thread/INFO]: [MoonriseCommon] Awaiting termination of I/O pool for up to 60s...
