[INFO] Scanning for projects...
[INFO]
[INFO] ---------< net.maddkraft.qualification:phase8d-paper-harness >----------
[INFO] Building phase8d-paper-harness 1.0.0
[INFO]   from pom.xml
[INFO] --------------------------------[ jar ]---------------------------------
[INFO]
[INFO] --- clean:3.2.0:clean (default-clean) @ phase8d-paper-harness ---
[INFO] Deleting <WORKSPACE>\qualification\phase8d-paper-harness\target
[INFO]
[INFO] --- resources:3.4.0:resources (default-resources) @ phase8d-paper-harness ---
[INFO] Copying 1 resource from src\main\resources to target\classes
[INFO]
[INFO] --- compiler:3.14.1:compile (default-compile) @ phase8d-paper-harness ---
[INFO] Recompiling the module because of changed source code.
[INFO] Compiling 1 source file with javac [debug parameters release 25] to target\classes
[INFO]
[INFO] --- resources:3.4.0:testResources (default-testResources) @ phase8d-paper-harness ---
[INFO] skip non existing resourceDirectory <WORKSPACE>\qualification\phase8d-paper-harness\src\test\resources
[INFO]
[INFO] --- compiler:3.14.1:testCompile (default-testCompile) @ phase8d-paper-harness ---
[INFO] No sources to compile
[INFO]
[INFO] --- surefire:3.5.4:test (default-test) @ phase8d-paper-harness ---
[INFO] No tests to run.
[INFO]
[INFO] --- jar:3.5.0:jar (default-jar) @ phase8d-paper-harness ---
[INFO] Building jar: <WORKSPACE>\qualification\phase8d-paper-harness\target\Phase8D-Paper-Harness.jar
[INFO] ------------------------------------------------------------------------
[INFO] BUILD SUCCESS
[INFO] ------------------------------------------------------------------------
[INFO] Total time:  1.385 s
[INFO] Finished at: 2026-08-24T02:23:48-07:00
[INFO] ------------------------------------------------------------------------
