Starting org.bukkit.craftbukkit.Main
[02:46:08 INFO]: [bootstrap] Running Java 25 (OpenJDK 64-Bit Server VM 25.0.3+9-LTS; Eclipse Adoptium Temurin-25.0.3+9) on Windows 11 10.0 (amd64)
[02:46:08 INFO]: [bootstrap] Loading Paper 26.1.2-74-ver/26.1.2@e4e17fc (2026-07-06T16:51:09Z) for Minecraft 26.1.2
[02:46:08 WARN]: [oshi.driver.windows.perfmon.PerfmonDisabled] Invalid registry value type detected for PerfOS counters. Should be REG_DWORD. Ignoring: HKEY_LOCAL_MACHINE\SYSTEM\CurrentControlSet\Services\PerfOS\Performance\Disable Performance Counters.
[02:46:08 INFO]: [PluginInitializerManager] Initializing plugins...
[02:46:08 INFO]: [PluginInitializerManager] Initialized 3 plugins
[02:46:08 INFO]: [PluginInitializerManager] Bukkit plugins (3):
 - LuckPerms (5.5.71), MaddPrestige (2.0.0-rc.1), Phase8D-Harness (1.0.0)
WARNING: A terminally deprecated method in sun.misc.Unsafe has been called
WARNING: sun.misc.Unsafe::objectFieldOffset has been called by org.joml.MemUtil$MemUtilUnsafe (file:/<WORKSPACE>/qualification/phase8d-paper-harness/target/phase8f-release-runtime-final/libraries/org/joml/joml/1.10.8/joml-1.10.8.jar)
WARNING: Please consider reporting this to the maintainers of class org.joml.MemUtil$MemUtilUnsafe
WARNING: sun.misc.Unsafe::objectFieldOffset will be removed in a future release
[02:46:10 INFO]: Environment: Environment[sessionHost=https://sessionserver.mojang.com, servicesHost=https://api.minecraftservices.com, profilesHost=https://api.mojang.com, name=PROD]
[02:46:11 INFO]: Loaded 1515 recipes
[02:46:11 INFO]: Loaded 1617 advancements
[02:46:11 INFO]: [ca.spottedleaf.dataconverter.minecraft.datatypes.MCTypeRegistry] Initialising converters for DataConverter...
[02:46:11 INFO]: [ca.spottedleaf.dataconverter.minecraft.datatypes.MCTypeRegistry] Finished initialising converters for DataConverter in 167.0ms
[02:46:11 INFO]: Starting minecraft server version 26.1.2
[02:46:11 INFO]: Loading properties
[02:46:11 INFO]: This server is running Paper version 26.1.2-74-ver/26.1.2@e4e17fc (2026-07-06T16:51:09Z) (Implementing API version 26.1.2.build.74-stable)
[02:46:11 INFO]: [spark] This server bundles the spark profiler. For more information please visit https://docs.papermc.io/paper/profiling
[02:46:11 INFO]: Server Ping Player Sample Count: 12
[02:46:11 INFO]: Using 4 threads for Netty based IO
[02:46:11 INFO]: [MoonriseCommon] Paper is using 2 worker threads, 1 I/O threads
[02:46:11 INFO]: Default game type: SURVIVAL
[02:46:11 INFO]: Generating keypair
[02:46:11 INFO]: Starting Minecraft server on *:0
[02:46:11 INFO]: Paper: Using Java compression from Velocity.
[02:46:11 INFO]: Paper: Using Java cipher from Velocity.
[02:46:11 INFO]: [LuckPerms] Loading server plugin LuckPerms v5.5.71
[02:46:12 INFO]: [LuckPerms] Loading configuration...
[02:46:12 INFO]: [MaddPrestige] Loading server plugin MaddPrestige v2.0.0-rc.1
[02:46:12 INFO]: [Phase8D-Harness] Loading server plugin Phase8D-Harness v1.0.0
[02:46:12 INFO]: Server permissions file permissions.yml is empty, ignoring it
[02:46:12 INFO]: [LuckPerms] Enabling LuckPerms v5.5.71
[02:46:12 INFO]: [96m       [36m __    [0m
[02:46:12 INFO]: [96m  |    [36m|__)   [32mLuckPerms[0m [96mv5.5.71[0m
[02:46:12 INFO]: [96m  |___ [36m|      [90mRunning on Bukkit - Paper[0m
[02:46:12 INFO]:
[02:46:12 INFO]: [LuckPerms] Loading storage provider... [H2]
[02:46:12 INFO]: [LuckPerms] Loading internal permission managers...
[02:46:12 INFO]: [LuckPerms] Performing initial data load...
[02:46:12 INFO]: [LuckPerms] Successfully enabled. (took 309ms)
[02:46:12 WARN]: **** SERVER IS RUNNING IN OFFLINE/INSECURE MODE!
[02:46:12 WARN]: The server will make no attempt to authenticate usernames. Beware.
[02:46:12 WARN]: While this makes the game possible to play without internet access, it also opens up the ability for hackers to connect with any username they choose.
[02:46:12 WARN]: To change this, set "online-mode" to "true" in the server.properties file.
[02:46:12 INFO]: Preparing level "phase8b-world"
[02:46:12 INFO]: Loading 0 persistent chunks for level 'minecraft:overworld'...
[02:46:12 INFO]: Prepared spawn area in 2 ms
[02:46:12 INFO]: Loading 0 persistent chunks for level 'minecraft:the_nether'...
[02:46:12 INFO]: Preparing spawn area: 100%
[02:46:12 INFO]: Prepared spawn area in 1 ms
[02:46:12 INFO]: Loading 0 persistent chunks for level 'minecraft:the_end'...
[02:46:12 INFO]: Prepared spawn area in 0 ms
[02:46:12 INFO]: Done preparing level "phase8b-world" (0.202s)
[02:46:12 INFO]: [MaddPrestige] Enabling MaddPrestige v2.0.0-rc.1
[02:46:12 INFO]: [MaddPrestige] MaddPrestige V2 2.0.0-rc.1 release candidate ready; configuration is active at r_d2e434cd97844ab4b44a5954edc0186e; startup recovery inspected 0 operation(s).
[02:46:12 INFO]: [Phase8D-Harness] Enabling Phase8D-Harness v1.0.0
[02:46:12 INFO]: [spark] Starting background profiler...
[02:46:12 INFO]: [spark] The async-profiler engine is not supported for your os/arch (windows11/amd64), so the built-in Java engine will be used instead.
[02:46:12 INFO]: Saving chunks for level 'ServerLevel[phase8b-world]'/minecraft:overworld
[02:46:12 INFO]: Saving chunks for level 'ServerLevel[phase8b-world]'/minecraft:the_nether
[02:46:13 INFO]: Saving chunks for level 'ServerLevel[phase8b-world]'/minecraft:the_end
[02:46:13 INFO]: ThreadedAnvilChunkStorage (world): All chunks are saved
[02:46:13 INFO]: ThreadedAnvilChunkStorage (DIM-1): All chunks are saved
[02:46:13 INFO]: ThreadedAnvilChunkStorage (DIM1): All chunks are saved
[02:46:13 INFO]: ThreadedAnvilChunkStorage: All dimensions are saved
[02:46:13 INFO]: Running delayed init tasks
[02:46:13 INFO]: Done (5.344s)! For help, type "help"
[02:46:13 WARN]: *************************************************************************************
[02:46:13 WARN]: You are running the latest build for your Minecraft version (26.1.2)
[02:46:13 WARN]: However, you are 2 release(s) behind the latest stable release (26.2)!
[02:46:13 WARN]: It is recommended that you update as soon as possible
[02:46:13 WARN]: https://papermc.io/downloads/paper
[02:46:13 WARN]: *************************************************************************************
[02:46:15 INFO]: [Phase8D-Harness] PHASE8D-Q PASS 1 unchanged restart recovered stage Member, Prestige 1, exact revision/history/statistic/LP state
[02:46:15 INFO]: [Phase8D-Harness] PHASE8D-Q PASS 2 restart retained the current-Prestige baseline and blocked premature Adventurer
[02:46:15 INFO]: [Phase8D-Harness] PHASE8D-Q PASS 3 restart Doctor remained healthy
[02:46:15 INFO]: [Phase8D-Harness] PHASE8D-Q COMPLETE two-boot A70 qualification pass-count=3
[02:46:16 INFO]: Stopping server
[02:46:16 INFO]: [Phase8D-Harness] Disabling Phase8D-Harness v1.0.0
[02:46:16 INFO]: [Phase8D-Harness] PHASE8D-Q shutdown pass-count=3
[02:46:16 INFO]: [MaddPrestige] Disabling MaddPrestige v2.0.0-rc.1
[02:46:16 INFO]: [LuckPerms] Disabling LuckPerms v5.5.71
[02:46:16 INFO]: [LuckPerms] Starting shutdown process...
[02:46:16 INFO]: [LuckPerms] Closing storage...
[02:46:16 INFO]: [LuckPerms] Goodbye!
[02:46:16 INFO]: Saving players
[02:46:16 INFO]: Saving worlds
[02:46:16 INFO]: Saving chunks for level 'ServerLevel[phase8b-world]'/minecraft:overworld
[02:46:16 INFO]: [ChunkHolderManager] Waiting 60s for chunk system to halt for world 'minecraft:overworld'
[02:46:16 INFO]: [ChunkHolderManager] Halted chunk system for world 'minecraft:overworld'
[02:46:16 INFO]: [ChunkHolderManager] Saving all chunkholders for world 'minecraft:overworld'
[02:46:16 INFO]: [ChunkHolderManager] Saved 0 block chunks, 0 entity chunks, 0 poi chunks in world 'minecraft:overworld' in 0.00s
[02:46:16 INFO]: [ChunkHolderManager] Waiting 60s for chunk I/O to halt for world 'minecraft:overworld'
[02:46:16 INFO]: [ChunkHolderManager] Halted I/O scheduler for world 'minecraft:overworld'
[02:46:16 INFO]: Saving chunks for level 'ServerLevel[phase8b-world]'/minecraft:the_nether
[02:46:16 INFO]: [ChunkHolderManager] Waiting 60s for chunk system to halt for world 'minecraft:the_nether'
[02:46:16 INFO]: [ChunkHolderManager] Halted chunk system for world 'minecraft:the_nether'
[02:46:16 INFO]: [ChunkHolderManager] Saving all chunkholders for world 'minecraft:the_nether'
[02:46:16 INFO]: [ChunkHolderManager] Saved 0 block chunks, 0 entity chunks, 0 poi chunks in world 'minecraft:the_nether' in 0.00s
[02:46:16 INFO]: [ChunkHolderManager] Waiting 60s for chunk I/O to halt for world 'minecraft:the_nether'
[02:46:16 INFO]: [ChunkHolderManager] Halted I/O scheduler for world 'minecraft:the_nether'
[02:46:16 INFO]: Saving chunks for level 'ServerLevel[phase8b-world]'/minecraft:the_end
[02:46:16 INFO]: [ChunkHolderManager] Waiting 60s for chunk system to halt for world 'minecraft:the_end'
[02:46:16 INFO]: [ChunkHolderManager] Halted chunk system for world 'minecraft:the_end'
[02:46:16 INFO]: [ChunkHolderManager] Saving all chunkholders for world 'minecraft:the_end'
[02:46:16 INFO]: [ChunkHolderManager] Saved 0 block chunks, 0 entity chunks, 0 poi chunks in world 'minecraft:the_end' in 0.00s
[02:46:16 INFO]: [ChunkHolderManager] Waiting 60s for chunk I/O to halt for world 'minecraft:the_end'
[02:46:16 INFO]: [ChunkHolderManager] Halted I/O scheduler for world 'minecraft:the_end'
[02:46:16 INFO]: ThreadedAnvilChunkStorage (world): All chunks are saved
[02:46:16 INFO]: ThreadedAnvilChunkStorage (DIM-1): All chunks are saved
[02:46:16 INFO]: ThreadedAnvilChunkStorage (DIM1): All chunks are saved
[02:46:16 INFO]: ThreadedAnvilChunkStorage: All dimensions are saved
[02:46:16 INFO]: Waiting for all RegionFile I/O tasks to complete...
[02:46:16 INFO]: All RegionFile I/O tasks to complete
[02:46:16 INFO]: [MoonriseCommon] Awaiting termination of worker pool for up to 60s...
[02:46:16 INFO]: [MoonriseCommon] Awaiting termination of I/O pool for up to 60s...
