Phase 8F Correction Pass 1 package-content audit
Date: 2026-08-24
Artifact: MaddPrestige-2.0.0-rc.1.jar
Bytes: 16497928
SHA-256: 112A0534F6166D8842F470A6C898A452284362761BF5350578453AE198961111

Archive entries: 1353
Top-level files:
- config.yml: 16954 bytes
- integrations.yml: 420 bytes
- plugin.yml: 2584 bytes
- sqlite-jdbc.properties: 34 bytes
- THIRD-PARTY-NOTICES.txt: 871 bytes

Notable prefix entry counts:
- defaults/ 5
- locales/ 2
- META-INF/services/ 2
- gg/maddkraft/prestige/ 98
- net/maddkraft/maddprestige/ 752
- org/sqlite/ 187
- org/sqlite/native/ 55
- org/snakeyaml/ 251

Required notable entries missing: 0
Repository-only generic-example entries: 0
Forbidden qualification/test/external-SQL prefixes: 0
Package integration test: PASS
Active plugin bootstrap: net.maddkraft.maddprestige.platform.paper.bootstrap.MaddPrestigeV2Plugin
Legacy root config disposition: REQUIRED TRANSITIONAL / LEGACY
Generic example disposition: PUBLIC REPOSITORY-ONLY
Runtime JAR changed: NO
