[INFO] Scanning for projects...
[INFO] ------------------------------------------------------------------------
[INFO] Reactor Build Order:
[INFO]
[INFO] MaddPrestige V2 Parent                                             [pom]
[INFO] MaddPrestige V2 API                                                [jar]
[INFO] MaddPrestige V2 Core                                               [jar]
[INFO] MaddPrestige V2 Persistence                                        [jar]
[INFO] MaddPrestige V2 Integration Contracts                              [jar]
[INFO] MaddPrestige V2 Paper Boundary                                     [jar]
[INFO]
[INFO] -----------------< net.maddkraft:maddprestige-parent >------------------
[INFO] Building MaddPrestige V2 Parent 2.0.0-rc.1                         [1/6]
[INFO]   from pom.xml
[INFO] --------------------------------[ pom ]---------------------------------
[INFO]
[INFO] --- enforcer:3.6.2:enforce (phase1-build-invariants) @ maddprestige-parent ---
[INFO] Rule 0: org.apache.maven.enforcer.rules.version.RequireJavaVersion passed
[INFO] Rule 1: org.apache.maven.enforcer.rules.version.RequireMavenVersion passed
[INFO] Rule 2: org.apache.maven.enforcer.rules.dependency.DependencyConvergence passed
[INFO] Rule 3: org.apache.maven.enforcer.rules.BanDuplicatePomDependencyVersions passed
[INFO]
[INFO] --- jacoco:0.8.13:prepare-agent (prepare-agent) @ maddprestige-parent ---
[INFO] argLine set to "-javaagent:[maven-cache]\\repository\\org\\jacoco\\org.jacoco.agent\\0.8.13\\org.jacoco.agent-0.8.13-runtime.jar=destfile=[repository-root]\\target\\jacoco.exec"
[INFO]
[INFO] -------------------< net.maddkraft:maddprestige-api >-------------------
[INFO] Building MaddPrestige V2 API 2.0.0-rc.1                            [2/6]
[INFO]   from maddprestige-api\pom.xml
[INFO] --------------------------------[ jar ]---------------------------------
[INFO]
[INFO] --- enforcer:3.6.2:enforce (phase1-build-invariants) @ maddprestige-api ---
[INFO] Rule 2: org.apache.maven.enforcer.rules.dependency.DependencyConvergence passed
[INFO] Rule 3: org.apache.maven.enforcer.rules.BanDuplicatePomDependencyVersions passed
[INFO]
[INFO] --- jacoco:0.8.13:prepare-agent (prepare-agent) @ maddprestige-api ---
[INFO] argLine set to "-javaagent:[maven-cache]\\repository\\org\\jacoco\\org.jacoco.agent\\0.8.13\\org.jacoco.agent-0.8.13-runtime.jar=destfile=[repository-root]\\maddprestige-api\\target\\jacoco.exec"
[INFO]
[INFO] --- resources:3.4.0:resources (default-resources) @ maddprestige-api ---
[INFO] skip non existing resourceDirectory [repository-root]\maddprestige-api\src\main\resources
[INFO]
[INFO] --- compiler:3.14.1:compile (default-compile) @ maddprestige-api ---
[INFO] Nothing to compile - all classes are up to date.
[INFO]
[INFO] --- resources:3.4.0:testResources (default-testResources) @ maddprestige-api ---
[INFO] skip non existing resourceDirectory [repository-root]\maddprestige-api\src\test\resources
[INFO]
[INFO] --- compiler:3.14.1:testCompile (default-testCompile) @ maddprestige-api ---
[INFO] Nothing to compile - all classes are up to date.
[INFO]
[INFO] --- surefire:3.5.3:test (default-test) @ maddprestige-api ---
[INFO]
[INFO] ------------------< net.maddkraft:maddprestige-core >-------------------
[INFO] Building MaddPrestige V2 Core 2.0.0-rc.1                           [3/6]
[INFO]   from maddprestige-core\pom.xml
[INFO] --------------------------------[ jar ]---------------------------------
[INFO]
[INFO] --- enforcer:3.6.2:enforce (phase1-build-invariants) @ maddprestige-core ---
[INFO] Rule 2: org.apache.maven.enforcer.rules.dependency.DependencyConvergence passed
[INFO] Rule 3: org.apache.maven.enforcer.rules.BanDuplicatePomDependencyVersions passed
[INFO]
[INFO] --- jacoco:0.8.13:prepare-agent (prepare-agent) @ maddprestige-core ---
[INFO] argLine set to "-javaagent:[maven-cache]\\repository\\org\\jacoco\\org.jacoco.agent\\0.8.13\\org.jacoco.agent-0.8.13-runtime.jar=destfile=[repository-root]\\maddprestige-core\\target\\jacoco.exec"
[INFO]
[INFO] --- resources:3.4.0:resources (default-resources) @ maddprestige-core ---
[INFO] Copying 4 resources from src\main\resources to target\classes
[INFO]
[INFO] --- compiler:3.14.1:compile (default-compile) @ maddprestige-core ---
[INFO] Nothing to compile - all classes are up to date.
[INFO]
[INFO] --- resources:3.4.0:testResources (default-testResources) @ maddprestige-core ---
[INFO] Copying 2 resources from src\test\resources to target\test-classes
[INFO]
[INFO] --- compiler:3.14.1:testCompile (default-testCompile) @ maddprestige-core ---
[INFO] Nothing to compile - all classes are up to date.
[INFO]
[INFO] --- surefire:3.5.3:test (default-test) @ maddprestige-core ---
[INFO] Using auto detected provider org.apache.maven.surefire.junitplatform.JUnitPlatformProvider
[INFO]
[INFO] -------------------------------------------------------
[INFO]  T E S T S
[INFO] -------------------------------------------------------
[INFO] Running net.maddkraft.maddprestige.core.admin.PhaseSixAdministrationUxTest
[INFO] Tests run: 11, Failures: 0, Errors: 0, Skipped: 0, Time elapsed: 0.233 s -- in net.maddkraft.maddprestige.core.admin.PhaseSixAdministrationUxTest
[INFO] Running net.maddkraft.maddprestige.core.admin.PhaseSixCommandServiceTest
[INFO] Tests run: 11, Failures: 0, Errors: 0, Skipped: 0, Time elapsed: 0.287 s -- in net.maddkraft.maddprestige.core.admin.PhaseSixCommandServiceTest
[INFO] Running net.maddkraft.maddprestige.core.admin.PhaseSixConfigurationAdministrationTest
[INFO] Tests run: 27, Failures: 0, Errors: 0, Skipped: 0, Time elapsed: 0.234 s -- in net.maddkraft.maddprestige.core.admin.PhaseSixConfigurationAdministrationTest
[INFO] Running net.maddkraft.maddprestige.core.documentation.PhaseEightDPublicDocumentationTest
[INFO] Tests run: 4, Failures: 0, Errors: 0, Skipped: 0, Time elapsed: 0.039 s -- in net.maddkraft.maddprestige.core.documentation.PhaseEightDPublicDocumentationTest
[INFO]
[INFO] Results:
[INFO]
[INFO] Tests run: 53, Failures: 0, Errors: 0, Skipped: 0
[INFO]
[INFO]
[INFO] ---------------< net.maddkraft:maddprestige-persistence >---------------
[INFO] Building MaddPrestige V2 Persistence 2.0.0-rc.1                    [4/6]
[INFO]   from maddprestige-persistence\pom.xml
[INFO] --------------------------------[ jar ]---------------------------------
[INFO]
[INFO] --- enforcer:3.6.2:enforce (phase1-build-invariants) @ maddprestige-persistence ---
[INFO] Rule 2: org.apache.maven.enforcer.rules.dependency.DependencyConvergence passed
[INFO] Rule 3: org.apache.maven.enforcer.rules.BanDuplicatePomDependencyVersions passed
[INFO]
[INFO] --- jacoco:0.8.13:prepare-agent (prepare-agent) @ maddprestige-persistence ---
[INFO] argLine set to "-javaagent:[maven-cache]\\repository\\org\\jacoco\\org.jacoco.agent\\0.8.13\\org.jacoco.agent-0.8.13-runtime.jar=destfile=[repository-root]\\maddprestige-persistence\\target\\jacoco.exec"
[INFO]
[INFO] --- resources:3.4.0:resources (default-resources) @ maddprestige-persistence ---
[INFO] skip non existing resourceDirectory [repository-root]\maddprestige-persistence\src\main\resources
[INFO]
[INFO] --- compiler:3.14.1:compile (default-compile) @ maddprestige-persistence ---
[INFO] Nothing to compile - all classes are up to date.
[INFO]
[INFO] --- resources:3.4.0:testResources (default-testResources) @ maddprestige-persistence ---
[INFO] skip non existing resourceDirectory [repository-root]\maddprestige-persistence\src\test\resources
[INFO]
[INFO] --- compiler:3.14.1:testCompile (default-testCompile) @ maddprestige-persistence ---
[INFO] Nothing to compile - all classes are up to date.
[INFO]
[INFO] --- surefire:3.5.3:test (default-test) @ maddprestige-persistence ---
[INFO]
[INFO] --------------< net.maddkraft:maddprestige-integrations >---------------
[INFO] Building MaddPrestige V2 Integration Contracts 2.0.0-rc.1          [5/6]
[INFO]   from maddprestige-integrations\pom.xml
[INFO] --------------------------------[ jar ]---------------------------------
[INFO]
[INFO] --- enforcer:3.6.2:enforce (phase1-build-invariants) @ maddprestige-integrations ---
[INFO] Rule 2: org.apache.maven.enforcer.rules.dependency.DependencyConvergence passed
[INFO] Rule 3: org.apache.maven.enforcer.rules.BanDuplicatePomDependencyVersions passed
[INFO]
[INFO] --- jacoco:0.8.13:prepare-agent (prepare-agent) @ maddprestige-integrations ---
[INFO] argLine set to "-javaagent:[maven-cache]\\repository\\org\\jacoco\\org.jacoco.agent\\0.8.13\\org.jacoco.agent-0.8.13-runtime.jar=destfile=[repository-root]\\maddprestige-integrations\\target\\jacoco.exec"
[INFO]
[INFO] --- resources:3.4.0:resources (default-resources) @ maddprestige-integrations ---
[INFO] Copying 1 resource from src\main\resources to target\classes
[INFO]
[INFO] --- compiler:3.14.1:compile (default-compile) @ maddprestige-integrations ---
[INFO] Nothing to compile - all classes are up to date.
[INFO]
[INFO] --- resources:3.4.0:testResources (default-testResources) @ maddprestige-integrations ---
[INFO] skip non existing resourceDirectory [repository-root]\maddprestige-integrations\src\test\resources
[INFO]
[INFO] --- compiler:3.14.1:testCompile (default-testCompile) @ maddprestige-integrations ---
[INFO] Nothing to compile - all classes are up to date.
[INFO]
[INFO] --- surefire:3.5.3:test (default-test) @ maddprestige-integrations ---
[INFO]
[INFO] -------------< net.maddkraft:maddprestige-platform-paper >--------------
[INFO] Building MaddPrestige V2 Paper Boundary 2.0.0-rc.1                 [6/6]
[INFO]   from maddprestige-platform-paper\pom.xml
[INFO] --------------------------------[ jar ]---------------------------------
[INFO]
[INFO] --- enforcer:3.6.2:enforce (phase1-build-invariants) @ maddprestige-platform-paper ---
[INFO] Rule 2: org.apache.maven.enforcer.rules.dependency.DependencyConvergence passed
[INFO] Rule 3: org.apache.maven.enforcer.rules.BanDuplicatePomDependencyVersions passed
[INFO]
[INFO] --- jacoco:0.8.13:prepare-agent (prepare-agent) @ maddprestige-platform-paper ---
[INFO] argLine set to "-javaagent:[maven-cache]\\repository\\org\\jacoco\\org.jacoco.agent\\0.8.13\\org.jacoco.agent-0.8.13-runtime.jar=destfile=[repository-root]\\maddprestige-platform-paper\\target\\jacoco.exec"
[INFO]
[INFO] --- resources:3.4.0:resources (default-resources) @ maddprestige-platform-paper ---
[INFO] Copying 1 resource from src\main\resources to target\classes
[INFO]
[INFO] --- compiler:3.14.1:compile (default-compile) @ maddprestige-platform-paper ---
[INFO] Nothing to compile - all classes are up to date.
[INFO]
[INFO] --- resources:3.4.0:testResources (default-testResources) @ maddprestige-platform-paper ---
[INFO] skip non existing resourceDirectory [repository-root]\maddprestige-platform-paper\src\test\resources
[INFO]
[INFO] --- compiler:3.14.1:testCompile (default-testCompile) @ maddprestige-platform-paper ---
[INFO] Nothing to compile - all classes are up to date.
[INFO]
[INFO] --- surefire:3.5.3:test (default-test) @ maddprestige-platform-paper ---
[INFO] Using auto detected provider org.apache.maven.surefire.junitplatform.JUnitPlatformProvider
[INFO]
[INFO] -------------------------------------------------------
[INFO]  T E S T S
[INFO] -------------------------------------------------------
[INFO] Running net.maddkraft.maddprestige.platform.paper.i18n.PaperMessageServiceTest
[INFO] Tests run: 34, Failures: 0, Errors: 0, Skipped: 0, Time elapsed: 2.406 s -- in net.maddkraft.maddprestige.platform.paper.i18n.PaperMessageServiceTest
[INFO] Running net.maddkraft.maddprestige.platform.paper.placeholder.PlaceholderSnapshotPublisherTest
Mockito is currently self-attaching to enable the inline-mock-maker. This will no longer work in future releases of the JDK. Please add Mockito as an agent to your build as described in Mockito's documentation: https://javadoc.io/doc/org.mockito/mockito-core/latest/org.mockito/org/mockito/Mockito.html#0.3
OpenJDK 64-Bit Server VM warning: Sharing is only supported for boot loader classes because bootstrap classpath has been appended
WARNING: A Java agent has been loaded dynamically ([maven-cache]\repository\net\bytebuddy\byte-buddy-agent\1.17.7\byte-buddy-agent-1.17.7.jar)
WARNING: If a serviceability tool is in use, please run with -XX:+EnableDynamicAgentLoading to hide this warning
WARNING: If a serviceability tool is not in use, please run with -Djdk.instrument.traceUsage for more information
WARNING: Dynamic loading of agents will be disallowed by default in a future release
[INFO] Tests run: 2, Failures: 0, Errors: 0, Skipped: 0, Time elapsed: 2.027 s -- in net.maddkraft.maddprestige.platform.paper.placeholder.PlaceholderSnapshotPublisherTest
[INFO]
[INFO] Results:
[INFO]
[INFO] Tests run: 36, Failures: 0, Errors: 0, Skipped: 0
[INFO]
[INFO] ------------------------------------------------------------------------
[INFO] Reactor Summary for MaddPrestige V2 Parent 2.0.0-rc.1:
[INFO]
[INFO] MaddPrestige V2 Parent ............................. SUCCESS [  0.383 s]
[INFO] MaddPrestige V2 API ................................ SUCCESS [  0.472 s]
[INFO] MaddPrestige V2 Core ............................... SUCCESS [  1.972 s]
[INFO] MaddPrestige V2 Persistence ........................ SUCCESS [  0.141 s]
[INFO] MaddPrestige V2 Integration Contracts .............. SUCCESS [  0.419 s]
[INFO] MaddPrestige V2 Paper Boundary ..................... SUCCESS [  6.646 s]
[INFO] ------------------------------------------------------------------------
[INFO] BUILD SUCCESS
[INFO] ------------------------------------------------------------------------
[INFO] Total time:  10.164 s
[INFO] Finished at: 2026-08-28T18:40:11-07:00
[INFO] ------------------------------------------------------------------------
