Phase 8F A76 setup correction final scope and hygiene audit.
date=2026-08-28
branch=v2/phase-8f
head=993599dc47cacc76b6372302d338d1850bf2896e
baseline=993599dc47cacc76b6372302d338d1850bf2896e
manifest_review_paths=105
tracked_changed_paths=49
untracked_review_paths=56
staged_paths=0
unstaged_tracked_paths=49
production_java_paths_complete_phase8f_delta=7
production_java_paths_correction=6
production_java_paths_preexisting_accepted_phase8f=1
qualification_harness_java_paths=1
protected_v1_java_changes=0
stable_sdk_source_changes=0
stable_paper_event_source_changes=0
external_sql_production_paths=0
phase9_paths=0
system_scope_or_systemPath_dependencies=0
sonar_suppression_or_exclusion_additions=0
git_diff_check=PASS
manifest_check=PASS: resolved baseline 993599dc47cacc76b6372302d338d1850bf2896e; 105 exact review paths; no evidence placeholders.
focused=85 tests / 5 suites / 0 failures / 0 errors / 0 skips
clean_verify_1=549 tests / 102 suites / 0 failures / 0 errors / 0 skips / Checkstyle 0
clean_verify_2=549 tests / 102 suites / 0 failures / 0 errors / 0 skips / Checkstyle 0
paper_fresh_assertions=29/29
paper_restart_assertions=3/3
distribution_bytes=16504823
distribution_sha256=6C4CD6B9349CF7AB7EBD0E0330920C2DC34A024E27C81577CF6C93F05C8277E2
aggregate_sbom_bytes=190831
aggregate_sbom_sha256=3797F16C617B3207229EFD8A846BE2EC31FB9CD56BE681A2069447A859D5568E
sanitized_evidence_local_path_matches=0
commit_push_pr_merge=none
force_push_or_branch_protection_bypass=none
phase9_started=no
a76_status=Partial / Blocked; corrected candidate not owner-run
