[INFO] Scanning for projects...
[INFO] ------------------------------------------------------------------------
[INFO] Reactor Build Order:
[INFO]
[INFO] MaddPrestige V2 Parent                                             [pom]
[INFO] MaddPrestige V2 API                                                [jar]
[INFO] MaddPrestige V2 Core                                               [jar]
[INFO] MaddPrestige V2 Persistence                                        [jar]
[INFO] MaddPrestige V2 Integration Contracts                              [jar]
[INFO] MaddPrestige V2 Paper Boundary                                     [jar]
[INFO] MaddPrestige V2 Testkit                                            [jar]
[INFO] MaddPrestige Distribution                                          [jar]
[INFO]
[INFO] -----------------< net.maddkraft:maddprestige-parent >------------------
[INFO] Building MaddPrestige V2 Parent 2.0.0-rc.1                         [1/8]
[INFO]   from pom.xml
[INFO] --------------------------------[ pom ]---------------------------------
[INFO]
[INFO] --- dependency:3.7.0:tree (default-cli) @ maddprestige-parent ---
[INFO] net.maddkraft:maddprestige-parent:pom:2.0.0-rc.1
[INFO]
[INFO] -------------------< net.maddkraft:maddprestige-api >-------------------
[INFO] Building MaddPrestige V2 API 2.0.0-rc.1                            [2/8]
[INFO]   from maddprestige-api\pom.xml
[INFO] --------------------------------[ jar ]---------------------------------
[INFO]
[INFO] --- dependency:3.7.0:tree (default-cli) @ maddprestige-api ---
[INFO] net.maddkraft:maddprestige-api:jar:2.0.0-rc.1
[INFO] \- org.junit.jupiter:junit-jupiter:jar:5.13.4:test
[INFO]    +- org.junit.jupiter:junit-jupiter-api:jar:5.13.4:test
[INFO]    |  +- org.opentest4j:opentest4j:jar:1.3.0:test
[INFO]    |  +- org.junit.platform:junit-platform-commons:jar:1.13.4:test
[INFO]    |  \- org.apiguardian:apiguardian-api:jar:1.1.2:test
[INFO]    +- org.junit.jupiter:junit-jupiter-params:jar:5.13.4:test
[INFO]    \- org.junit.jupiter:junit-jupiter-engine:jar:5.13.4:test
[INFO]       \- org.junit.platform:junit-platform-engine:jar:1.13.4:test
[INFO]
[INFO] ------------------< net.maddkraft:maddprestige-core >-------------------
[INFO] Building MaddPrestige V2 Core 2.0.0-rc.1                           [3/8]
[INFO]   from maddprestige-core\pom.xml
[INFO] --------------------------------[ jar ]---------------------------------
[INFO]
[INFO] --- dependency:3.7.0:tree (default-cli) @ maddprestige-core ---
[INFO] net.maddkraft:maddprestige-core:jar:2.0.0-rc.1
[INFO] +- net.maddkraft:maddprestige-api:jar:2.0.0-rc.1:compile
[INFO] +- org.snakeyaml:snakeyaml-engine:jar:3.0.1:compile
[INFO] \- org.junit.jupiter:junit-jupiter:jar:5.13.4:test
[INFO]    +- org.junit.jupiter:junit-jupiter-api:jar:5.13.4:test
[INFO]    |  +- org.opentest4j:opentest4j:jar:1.3.0:test
[INFO]    |  +- org.junit.platform:junit-platform-commons:jar:1.13.4:test
[INFO]    |  \- org.apiguardian:apiguardian-api:jar:1.1.2:test
[INFO]    +- org.junit.jupiter:junit-jupiter-params:jar:5.13.4:test
[INFO]    \- org.junit.jupiter:junit-jupiter-engine:jar:5.13.4:test
[INFO]       \- org.junit.platform:junit-platform-engine:jar:1.13.4:test
[INFO]
[INFO] ---------------< net.maddkraft:maddprestige-persistence >---------------
[INFO] Building MaddPrestige V2 Persistence 2.0.0-rc.1                    [4/8]
[INFO]   from maddprestige-persistence\pom.xml
[INFO] --------------------------------[ jar ]---------------------------------
[INFO]
[INFO] --- dependency:3.7.0:tree (default-cli) @ maddprestige-persistence ---
[INFO] net.maddkraft:maddprestige-persistence:jar:2.0.0-rc.1
[INFO] +- net.maddkraft:maddprestige-api:jar:2.0.0-rc.1:compile
[INFO] +- net.maddkraft:maddprestige-core:jar:2.0.0-rc.1:compile
[INFO] |  \- org.snakeyaml:snakeyaml-engine:jar:3.0.1:compile
[INFO] +- org.xerial:sqlite-jdbc:jar:3.50.3.0:compile
[INFO] \- org.junit.jupiter:junit-jupiter:jar:5.13.4:test
[INFO]    +- org.junit.jupiter:junit-jupiter-api:jar:5.13.4:test
[INFO]    |  +- org.opentest4j:opentest4j:jar:1.3.0:test
[INFO]    |  +- org.junit.platform:junit-platform-commons:jar:1.13.4:test
[INFO]    |  \- org.apiguardian:apiguardian-api:jar:1.1.2:test
[INFO]    +- org.junit.jupiter:junit-jupiter-params:jar:5.13.4:test
[INFO]    \- org.junit.jupiter:junit-jupiter-engine:jar:5.13.4:test
[INFO]       \- org.junit.platform:junit-platform-engine:jar:1.13.4:test
[INFO]
[INFO] --------------< net.maddkraft:maddprestige-integrations >---------------
[INFO] Building MaddPrestige V2 Integration Contracts 2.0.0-rc.1          [5/8]
[INFO]   from maddprestige-integrations\pom.xml
[INFO] --------------------------------[ jar ]---------------------------------
[INFO]
[INFO] --- dependency:3.7.0:tree (default-cli) @ maddprestige-integrations ---
[INFO] net.maddkraft:maddprestige-integrations:jar:2.0.0-rc.1
[INFO] +- net.maddkraft:maddprestige-api:jar:2.0.0-rc.1:compile
[INFO] +- net.maddkraft:maddprestige-core:jar:2.0.0-rc.1:compile
[INFO] +- org.snakeyaml:snakeyaml-engine:jar:3.0.1:compile
[INFO] +- io.papermc.paper:paper-api:jar:26.1.2.build.74-stable:provided
[INFO] |  +- com.google.guava:guava:jar:33.5.0-jre:provided
[INFO] |  |  +- com.google.guava:failureaccess:jar:1.0.3:provided
[INFO] |  |  +- com.google.guava:listenablefuture:jar:9999.0-empty-to-avoid-conflict-with-guava:provided
[INFO] |  |  +- com.google.errorprone:error_prone_annotations:jar:2.41.0:provided
[INFO] |  |  \- com.google.j2objc:j2objc-annotations:jar:3.1:provided
[INFO] |  +- com.google.code.gson:gson:jar:2.13.2:provided
[INFO] |  +- org.yaml:snakeyaml:jar:2.2:provided
[INFO] |  +- org.joml:joml:jar:1.10.8:provided
[INFO] |  +- it.unimi.dsi:fastutil:jar:8.5.18:provided
[INFO] |  +- org.apache.logging.log4j:log4j-api:jar:2.25.2:provided
[INFO] |  +- org.slf4j:slf4j-api:jar:2.0.17:provided
[INFO] |  +- com.mojang:brigadier:jar:1.3.10:provided
[INFO] |  +- net.md-5:bungeecord-chat:jar:1.21-R0.2-deprecated+build.21:provided
[INFO] |  +- org.apache.maven:maven-resolver-provider:jar:3.9.6:provided
[INFO] |  |  +- org.apache.maven:maven-model:jar:3.9.6:provided
[INFO] |  |  +- org.apache.maven:maven-model-builder:jar:3.9.6:provided
[INFO] |  |  |  +- org.codehaus.plexus:plexus-interpolation:jar:1.26:provided
[INFO] |  |  |  +- org.apache.maven:maven-artifact:jar:3.9.6:provided
[INFO] |  |  |  |  \- org.apache.commons:commons-lang3:jar:3.12.0:provided
[INFO] |  |  |  +- org.apache.maven:maven-builder-support:jar:3.9.6:provided
[INFO] |  |  |  \- org.eclipse.sisu:org.eclipse.sisu.inject:jar:0.9.0.M2:provided
[INFO] |  |  +- org.apache.maven:maven-repository-metadata:jar:3.9.6:provided
[INFO] |  |  +- org.apache.maven.resolver:maven-resolver-api:jar:1.9.18:provided
[INFO] |  |  +- org.apache.maven.resolver:maven-resolver-spi:jar:1.9.18:provided
[INFO] |  |  +- org.apache.maven.resolver:maven-resolver-util:jar:1.9.18:provided
[INFO] |  |  +- org.apache.maven.resolver:maven-resolver-impl:jar:1.9.18:provided
[INFO] |  |  |  \- org.apache.maven.resolver:maven-resolver-named-locks:jar:1.9.18:provided
[INFO] |  |  +- org.codehaus.plexus:plexus-utils:jar:3.5.1:provided
[INFO] |  |  \- javax.inject:javax.inject:jar:1:provided
[INFO] |  +- org.jspecify:jspecify:jar:1.0.0:provided
[INFO] |  +- net.kyori:adventure-api:jar:4.26.1:provided
[INFO] |  |  +- net.kyori:adventure-key:jar:4.26.1:provided
[INFO] |  |  +- net.kyori:examination-api:jar:1.3.0:provided
[INFO] |  |  +- net.kyori:examination-string:jar:1.3.0:provided
[INFO] |  |  \- org.jetbrains:annotations:jar:26.0.2-1:provided
[INFO] |  +- net.kyori:adventure-text-minimessage:jar:4.26.1:provided
[INFO] |  +- net.kyori:adventure-text-serializer-gson:jar:4.26.1:provided
[INFO] |  |  +- net.kyori:adventure-text-serializer-json:jar:4.26.1:provided
[INFO] |  |  |  \- net.kyori:option:jar:1.1.0:provided
[INFO] |  |  +- com.google.auto.service:auto-service-annotations:jar:1.1.1:provided
[INFO] |  |  \- net.kyori:adventure-text-serializer-commons:jar:4.26.1:provided
[INFO] |  +- net.kyori:adventure-text-serializer-legacy:jar:4.26.1:provided
[INFO] |  +- net.kyori:adventure-text-serializer-plain:jar:4.26.1:provided
[INFO] |  +- net.kyori:adventure-text-logger-slf4j:jar:4.26.1:provided
[INFO] |  +- org.checkerframework:checker-qual:jar:3.49.2:provided
[INFO] |  +- org.apache.maven.resolver:maven-resolver-connector-basic:jar:1.9.18:provided
[INFO] |  \- org.apache.maven.resolver:maven-resolver-transport-http:jar:1.9.18:provided
[INFO] |     +- org.apache.httpcomponents:httpclient:jar:4.5.14:provided
[INFO] |     +- org.apache.httpcomponents:httpcore:jar:4.4.16:provided
[INFO] |     +- commons-codec:commons-codec:jar:1.16.0:provided
[INFO] |     \- org.slf4j:jcl-over-slf4j:jar:1.7.36:provided
[INFO] +- net.luckperms:api:jar:5.5:provided
[INFO] +- com.github.MilkBowl:VaultAPI:jar:1.7.1:provided
[INFO] +- com.gmail.nossr50.mcMMO:mcMMO:jar:2.2.053:provided
[INFO] +- me.clip:placeholderapi:jar:2.12.2:provided
[INFO] +- com.github.Gypopo:EconomyShopGUI-API:jar:1.10.1:provided
[INFO] +- com.ghostchu:quickshop-api:jar:6.2.0.11:provided
[INFO] +- com.github.TechFortress:GriefPrevention:jar:16.18.7:provided
[INFO] +- com.sk89q.worldguard:worldguard-bukkit:jar:7.0.18:provided
[INFO] +- com.sk89q.worldguard:worldguard-core:jar:7.0.18:provided
[INFO] +- com.sk89q.worldedit:worldedit-core:jar:7.4.4:provided
[INFO] +- com.sk89q.worldedit:worldedit-bukkit:jar:7.4.4:provided
[INFO] +- net.momirealms:craft-engine-core:jar:26.7.4:provided
[INFO] +- net.momirealms:craft-engine-bukkit:jar:26.7.4:provided
[INFO] +- org.junit.jupiter:junit-jupiter:jar:5.13.4:test
[INFO] |  +- org.junit.jupiter:junit-jupiter-api:jar:5.13.4:test
[INFO] |  |  +- org.opentest4j:opentest4j:jar:1.3.0:test
[INFO] |  |  +- org.junit.platform:junit-platform-commons:jar:1.13.4:test
[INFO] |  |  \- org.apiguardian:apiguardian-api:jar:1.1.2:test
[INFO] |  +- org.junit.jupiter:junit-jupiter-params:jar:5.13.4:test
[INFO] |  \- org.junit.jupiter:junit-jupiter-engine:jar:5.13.4:test
[INFO] |     \- org.junit.platform:junit-platform-engine:jar:1.13.4:test
[INFO] \- org.mockito:mockito-core:jar:5.20.0:test
[INFO]    +- net.bytebuddy:byte-buddy:jar:1.17.7:test
[INFO]    +- net.bytebuddy:byte-buddy-agent:jar:1.17.7:test
[INFO]    \- org.objenesis:objenesis:jar:3.3:test
[INFO]
[INFO] -------------< net.maddkraft:maddprestige-platform-paper >--------------
[INFO] Building MaddPrestige V2 Paper Boundary 2.0.0-rc.1                 [6/8]
[INFO]   from maddprestige-platform-paper\pom.xml
[INFO] --------------------------------[ jar ]---------------------------------
[INFO]
[INFO] --- dependency:3.7.0:tree (default-cli) @ maddprestige-platform-paper ---
[INFO] net.maddkraft:maddprestige-platform-paper:jar:2.0.0-rc.1
[INFO] +- net.maddkraft:maddprestige-api:jar:2.0.0-rc.1:compile
[INFO] +- net.maddkraft:maddprestige-core:jar:2.0.0-rc.1:compile
[INFO] |  \- org.snakeyaml:snakeyaml-engine:jar:3.0.1:compile
[INFO] +- net.maddkraft:maddprestige-persistence:jar:2.0.0-rc.1:compile
[INFO] |  \- org.xerial:sqlite-jdbc:jar:3.50.3.0:compile
[INFO] +- net.maddkraft:maddprestige-integrations:jar:2.0.0-rc.1:compile
[INFO] +- io.papermc.paper:paper-api:jar:26.1.2.build.74-stable:provided
[INFO] |  +- com.google.guava:guava:jar:33.5.0-jre:provided
[INFO] |  |  +- com.google.guava:failureaccess:jar:1.0.3:provided
[INFO] |  |  +- com.google.guava:listenablefuture:jar:9999.0-empty-to-avoid-conflict-with-guava:provided
[INFO] |  |  +- com.google.errorprone:error_prone_annotations:jar:2.41.0:provided
[INFO] |  |  \- com.google.j2objc:j2objc-annotations:jar:3.1:provided
[INFO] |  +- com.google.code.gson:gson:jar:2.13.2:provided
[INFO] |  +- org.yaml:snakeyaml:jar:2.2:provided
[INFO] |  +- org.joml:joml:jar:1.10.8:provided
[INFO] |  +- it.unimi.dsi:fastutil:jar:8.5.18:provided
[INFO] |  +- org.apache.logging.log4j:log4j-api:jar:2.25.2:provided
[INFO] |  +- org.slf4j:slf4j-api:jar:2.0.17:provided
[INFO] |  +- com.mojang:brigadier:jar:1.3.10:provided
[INFO] |  +- net.md-5:bungeecord-chat:jar:1.21-R0.2-deprecated+build.21:provided
[INFO] |  +- org.apache.maven:maven-resolver-provider:jar:3.9.6:provided
[INFO] |  |  +- org.apache.maven:maven-model:jar:3.9.6:provided
[INFO] |  |  +- org.apache.maven:maven-model-builder:jar:3.9.6:provided
[INFO] |  |  |  +- org.codehaus.plexus:plexus-interpolation:jar:1.26:provided
[INFO] |  |  |  +- org.apache.maven:maven-artifact:jar:3.9.6:provided
[INFO] |  |  |  |  \- org.apache.commons:commons-lang3:jar:3.12.0:provided
[INFO] |  |  |  +- org.apache.maven:maven-builder-support:jar:3.9.6:provided
[INFO] |  |  |  \- org.eclipse.sisu:org.eclipse.sisu.inject:jar:0.9.0.M2:provided
[INFO] |  |  +- org.apache.maven:maven-repository-metadata:jar:3.9.6:provided
[INFO] |  |  +- org.apache.maven.resolver:maven-resolver-api:jar:1.9.18:provided
[INFO] |  |  +- org.apache.maven.resolver:maven-resolver-spi:jar:1.9.18:provided
[INFO] |  |  +- org.apache.maven.resolver:maven-resolver-util:jar:1.9.18:provided
[INFO] |  |  +- org.apache.maven.resolver:maven-resolver-impl:jar:1.9.18:provided
[INFO] |  |  |  \- org.apache.maven.resolver:maven-resolver-named-locks:jar:1.9.18:provided
[INFO] |  |  +- org.codehaus.plexus:plexus-utils:jar:3.5.1:provided
[INFO] |  |  \- javax.inject:javax.inject:jar:1:provided
[INFO] |  +- org.jspecify:jspecify:jar:1.0.0:provided
[INFO] |  +- net.kyori:adventure-api:jar:4.26.1:provided
[INFO] |  |  +- net.kyori:adventure-key:jar:4.26.1:provided
[INFO] |  |  +- net.kyori:examination-api:jar:1.3.0:provided
[INFO] |  |  +- net.kyori:examination-string:jar:1.3.0:provided
[INFO] |  |  \- org.jetbrains:annotations:jar:26.0.2-1:provided
[INFO] |  +- net.kyori:adventure-text-minimessage:jar:4.26.1:provided
[INFO] |  +- net.kyori:adventure-text-serializer-gson:jar:4.26.1:provided
[INFO] |  |  +- net.kyori:adventure-text-serializer-json:jar:4.26.1:provided
[INFO] |  |  |  \- net.kyori:option:jar:1.1.0:provided
[INFO] |  |  +- com.google.auto.service:auto-service-annotations:jar:1.1.1:provided
[INFO] |  |  \- net.kyori:adventure-text-serializer-commons:jar:4.26.1:provided
[INFO] |  +- net.kyori:adventure-text-serializer-legacy:jar:4.26.1:provided
[INFO] |  +- net.kyori:adventure-text-serializer-plain:jar:4.26.1:provided
[INFO] |  +- net.kyori:adventure-text-logger-slf4j:jar:4.26.1:provided
[INFO] |  +- org.checkerframework:checker-qual:jar:3.49.2:provided
[INFO] |  +- org.apache.maven.resolver:maven-resolver-connector-basic:jar:1.9.18:provided
[INFO] |  \- org.apache.maven.resolver:maven-resolver-transport-http:jar:1.9.18:provided
[INFO] |     +- org.apache.httpcomponents:httpclient:jar:4.5.14:provided
[INFO] |     +- org.apache.httpcomponents:httpcore:jar:4.4.16:provided
[INFO] |     +- commons-codec:commons-codec:jar:1.16.0:provided
[INFO] |     \- org.slf4j:jcl-over-slf4j:jar:1.7.36:provided
[INFO] +- net.luckperms:api:jar:5.5:provided
[INFO] +- com.github.MilkBowl:VaultAPI:jar:1.7.1:provided
[INFO] +- com.gmail.nossr50.mcMMO:mcMMO:jar:2.2.053:provided
[INFO] +- me.clip:placeholderapi:jar:2.12.2:provided
[INFO] +- com.github.Gypopo:EconomyShopGUI-API:jar:1.10.1:provided
[INFO] +- com.ghostchu:quickshop-api:jar:6.2.0.11:provided
[INFO] +- com.github.TechFortress:GriefPrevention:jar:16.18.7:provided
[INFO] +- com.sk89q.worldguard:worldguard-bukkit:jar:7.0.18:provided
[INFO] +- com.sk89q.worldguard:worldguard-core:jar:7.0.18:provided
[INFO] +- com.sk89q.worldedit:worldedit-core:jar:7.4.4:provided
[INFO] +- com.sk89q.worldedit:worldedit-bukkit:jar:7.4.4:provided
[INFO] +- net.momirealms:craft-engine-core:jar:26.7.4:provided
[INFO] +- net.momirealms:craft-engine-bukkit:jar:26.7.4:provided
[INFO] +- org.junit.jupiter:junit-jupiter:jar:5.13.4:test
[INFO] |  +- org.junit.jupiter:junit-jupiter-api:jar:5.13.4:test
[INFO] |  |  +- org.opentest4j:opentest4j:jar:1.3.0:test
[INFO] |  |  +- org.junit.platform:junit-platform-commons:jar:1.13.4:test
[INFO] |  |  \- org.apiguardian:apiguardian-api:jar:1.1.2:test
[INFO] |  +- org.junit.jupiter:junit-jupiter-params:jar:5.13.4:test
[INFO] |  \- org.junit.jupiter:junit-jupiter-engine:jar:5.13.4:test
[INFO] |     \- org.junit.platform:junit-platform-engine:jar:1.13.4:test
[INFO] \- org.mockito:mockito-core:jar:5.20.0:test
[INFO]    +- net.bytebuddy:byte-buddy:jar:1.17.7:test
[INFO]    +- net.bytebuddy:byte-buddy-agent:jar:1.17.7:test
[INFO]    \- org.objenesis:objenesis:jar:3.3:test
[INFO]
[INFO] -----------------< net.maddkraft:maddprestige-testkit >-----------------
[INFO] Building MaddPrestige V2 Testkit 2.0.0-rc.1                        [7/8]
[INFO]   from maddprestige-testkit\pom.xml
[INFO] --------------------------------[ jar ]---------------------------------
[INFO]
[INFO] --- dependency:3.7.0:tree (default-cli) @ maddprestige-testkit ---
[INFO] net.maddkraft:maddprestige-testkit:jar:2.0.0-rc.1
[INFO] +- net.maddkraft:maddprestige-api:jar:2.0.0-rc.1:compile
[INFO] +- net.maddkraft:maddprestige-core:jar:2.0.0-rc.1:compile
[INFO] |  \- org.snakeyaml:snakeyaml-engine:jar:3.0.1:compile
[INFO] +- net.maddkraft:maddprestige-persistence:jar:2.0.0-rc.1:compile
[INFO] +- org.xerial:sqlite-jdbc:jar:3.50.3.0:compile
[INFO] \- org.junit.jupiter:junit-jupiter:jar:5.13.4:test
[INFO]    +- org.junit.jupiter:junit-jupiter-api:jar:5.13.4:test
[INFO]    |  +- org.opentest4j:opentest4j:jar:1.3.0:test
[INFO]    |  +- org.junit.platform:junit-platform-commons:jar:1.13.4:test
[INFO]    |  \- org.apiguardian:apiguardian-api:jar:1.1.2:test
[INFO]    +- org.junit.jupiter:junit-jupiter-params:jar:5.13.4:test
[INFO]    \- org.junit.jupiter:junit-jupiter-engine:jar:5.13.4:test
[INFO]       \- org.junit.platform:junit-platform-engine:jar:1.13.4:test
[INFO]
[INFO] --------------< net.maddkraft:maddprestige-distribution >---------------
[INFO] Building MaddPrestige Distribution 2.0.0-rc.1                      [8/8]
[INFO]   from maddprestige-distribution\pom.xml
[INFO] --------------------------------[ jar ]---------------------------------
[INFO]
[INFO] --- dependency:3.7.0:tree (default-cli) @ maddprestige-distribution ---
[INFO] net.maddkraft:maddprestige-distribution:jar:2.0.0-rc.1
[INFO] +- net.maddkraft:maddprestige-api:jar:2.0.0-rc.1:compile
[INFO] +- net.maddkraft:maddprestige-core:jar:2.0.0-rc.1:compile
[INFO] |  \- org.snakeyaml:snakeyaml-engine:jar:3.0.1:compile
[INFO] +- net.maddkraft:maddprestige-persistence:jar:2.0.0-rc.1:compile
[INFO] +- net.maddkraft:maddprestige-platform-paper:jar:2.0.0-rc.1:compile
[INFO] +- net.maddkraft:maddprestige-integrations:jar:2.0.0-rc.1:compile
[INFO] +- io.papermc.paper:paper-api:jar:26.1.2.build.74-stable:provided
[INFO] |  +- com.google.guava:guava:jar:33.5.0-jre:provided
[INFO] |  |  +- com.google.guava:failureaccess:jar:1.0.3:provided
[INFO] |  |  +- com.google.guava:listenablefuture:jar:9999.0-empty-to-avoid-conflict-with-guava:provided
[INFO] |  |  +- com.google.errorprone:error_prone_annotations:jar:2.41.0:provided
[INFO] |  |  \- com.google.j2objc:j2objc-annotations:jar:3.1:provided
[INFO] |  +- com.google.code.gson:gson:jar:2.13.2:provided
[INFO] |  +- org.yaml:snakeyaml:jar:2.2:provided
[INFO] |  +- org.joml:joml:jar:1.10.8:provided
[INFO] |  +- it.unimi.dsi:fastutil:jar:8.5.18:provided
[INFO] |  +- org.apache.logging.log4j:log4j-api:jar:2.25.2:provided
[INFO] |  +- org.slf4j:slf4j-api:jar:2.0.17:provided
[INFO] |  +- com.mojang:brigadier:jar:1.3.10:provided
[INFO] |  +- net.md-5:bungeecord-chat:jar:1.21-R0.2-deprecated+build.21:provided
[INFO] |  +- org.apache.maven:maven-resolver-provider:jar:3.9.6:provided
[INFO] |  |  +- org.apache.maven:maven-model:jar:3.9.6:provided
[INFO] |  |  +- org.apache.maven:maven-model-builder:jar:3.9.6:provided
[INFO] |  |  |  +- org.codehaus.plexus:plexus-interpolation:jar:1.26:provided
[INFO] |  |  |  +- org.apache.maven:maven-artifact:jar:3.9.6:provided
[INFO] |  |  |  |  \- org.apache.commons:commons-lang3:jar:3.12.0:provided
[INFO] |  |  |  +- org.apache.maven:maven-builder-support:jar:3.9.6:provided
[INFO] |  |  |  \- org.eclipse.sisu:org.eclipse.sisu.inject:jar:0.9.0.M2:provided
[INFO] |  |  +- org.apache.maven:maven-repository-metadata:jar:3.9.6:provided
[INFO] |  |  +- org.apache.maven.resolver:maven-resolver-api:jar:1.9.18:provided
[INFO] |  |  +- org.apache.maven.resolver:maven-resolver-spi:jar:1.9.18:provided
[INFO] |  |  +- org.apache.maven.resolver:maven-resolver-util:jar:1.9.18:provided
[INFO] |  |  +- org.apache.maven.resolver:maven-resolver-impl:jar:1.9.18:provided
[INFO] |  |  |  \- org.apache.maven.resolver:maven-resolver-named-locks:jar:1.9.18:provided
[INFO] |  |  +- org.codehaus.plexus:plexus-utils:jar:3.5.1:provided
[INFO] |  |  \- javax.inject:javax.inject:jar:1:provided
[INFO] |  +- org.jspecify:jspecify:jar:1.0.0:provided
[INFO] |  +- net.kyori:adventure-api:jar:4.26.1:provided
[INFO] |  |  +- net.kyori:adventure-key:jar:4.26.1:provided
[INFO] |  |  +- net.kyori:examination-api:jar:1.3.0:provided
[INFO] |  |  +- net.kyori:examination-string:jar:1.3.0:provided
[INFO] |  |  \- org.jetbrains:annotations:jar:26.0.2-1:provided
[INFO] |  +- net.kyori:adventure-text-minimessage:jar:4.26.1:provided
[INFO] |  +- net.kyori:adventure-text-serializer-gson:jar:4.26.1:provided
[INFO] |  |  +- net.kyori:adventure-text-serializer-json:jar:4.26.1:provided
[INFO] |  |  |  \- net.kyori:option:jar:1.1.0:provided
[INFO] |  |  +- com.google.auto.service:auto-service-annotations:jar:1.1.1:provided
[INFO] |  |  \- net.kyori:adventure-text-serializer-commons:jar:4.26.1:provided
[INFO] |  +- net.kyori:adventure-text-serializer-legacy:jar:4.26.1:provided
[INFO] |  +- net.kyori:adventure-text-serializer-plain:jar:4.26.1:provided
[INFO] |  +- net.kyori:adventure-text-logger-slf4j:jar:4.26.1:provided
[INFO] |  +- org.checkerframework:checker-qual:jar:3.49.2:provided
[INFO] |  +- org.apache.maven.resolver:maven-resolver-connector-basic:jar:1.9.18:provided
[INFO] |  \- org.apache.maven.resolver:maven-resolver-transport-http:jar:1.9.18:provided
[INFO] |     +- org.apache.httpcomponents:httpclient:jar:4.5.14:provided
[INFO] |     +- org.apache.httpcomponents:httpcore:jar:4.4.16:provided
[INFO] |     +- commons-codec:commons-codec:jar:1.16.0:provided
[INFO] |     \- org.slf4j:jcl-over-slf4j:jar:1.7.36:provided
[INFO] +- net.luckperms:api:jar:5.5:provided
[INFO] +- com.github.MilkBowl:VaultAPI:jar:1.7.1:provided
[INFO] +- me.clip:placeholderapi:jar:2.12.2:provided
[INFO] +- org.xerial:sqlite-jdbc:jar:3.50.3.0:compile
[INFO] \- org.junit.jupiter:junit-jupiter:jar:5.13.4:test
[INFO]    +- org.junit.jupiter:junit-jupiter-api:jar:5.13.4:test
[INFO]    |  +- org.opentest4j:opentest4j:jar:1.3.0:test
[INFO]    |  +- org.junit.platform:junit-platform-commons:jar:1.13.4:test
[INFO]    |  \- org.apiguardian:apiguardian-api:jar:1.1.2:test
[INFO]    +- org.junit.jupiter:junit-jupiter-params:jar:5.13.4:test
[INFO]    \- org.junit.jupiter:junit-jupiter-engine:jar:5.13.4:test
[INFO]       \- org.junit.platform:junit-platform-engine:jar:1.13.4:test
[INFO] ------------------------------------------------------------------------
[INFO] Reactor Summary for MaddPrestige V2 Parent 2.0.0-rc.1:
[INFO]
[INFO] MaddPrestige V2 Parent ............................. SUCCESS [  0.432 s]
[INFO] MaddPrestige V2 API ................................ SUCCESS [  0.036 s]
[INFO] MaddPrestige V2 Core ............................... SUCCESS [  0.004 s]
[INFO] MaddPrestige V2 Persistence ........................ SUCCESS [  0.006 s]
[INFO] MaddPrestige V2 Integration Contracts .............. SUCCESS [  0.135 s]
[INFO] MaddPrestige V2 Paper Boundary ..................... SUCCESS [  0.009 s]
[INFO] MaddPrestige V2 Testkit ............................ SUCCESS [  0.003 s]
[INFO] MaddPrestige Distribution .......................... SUCCESS [  0.007 s]
[INFO] ------------------------------------------------------------------------
[INFO] BUILD SUCCESS
[INFO] ------------------------------------------------------------------------
[INFO] Total time:  0.755 s
[INFO] Finished at: 2026-08-24T02:24:43-07:00
[INFO] ------------------------------------------------------------------------
