[18:30:58] [ServerMain/INFO]: [bootstrap] Running Java 25 (OpenJDK 64-Bit Server VM 25.0.3+9-LTS; Eclipse Adoptium Temurin-25.0.3+9) on Windows 11 10.0 (amd64)
[18:30:58] [ServerMain/INFO]: [bootstrap] Loading Paper 26.1.2-74-ver/26.1.2@e4e17fc (2026-07-06T16:51:09Z) for Minecraft 26.1.2
[18:30:58] [ServerMain/WARN]: [oshi.driver.windows.perfmon.PerfmonDisabled] Invalid registry value type detected for PerfOS counters. Should be REG_DWORD. Ignoring: HKEY_LOCAL_MACHINE\SYSTEM\CurrentControlSet\Services\PerfOS\Performance\Disable Performance Counters.
[18:30:59] [ServerMain/INFO]: [PluginInitializerManager] Initializing plugins...
[18:30:59] [ServerMain/INFO]: [PluginInitializerManager] Initialized 3 plugins
[18:30:59] [ServerMain/INFO]: [PluginInitializerManager] Bukkit plugins (3):
 - LuckPerms (5.5.71), MaddPrestige (2.0.0-rc.1), Phase8D-Harness (1.0.0)
[18:31:01] [ServerMain/INFO]: Environment: Environment[sessionHost=https://sessionserver.mojang.com, servicesHost=https://api.minecraftservices.com, profilesHost=https://api.mojang.com, name=PROD]
[18:31:01] [ServerMain/INFO]: Found new data pack file/bukkit, loading it automatically
[18:31:01] [ServerMain/INFO]: Found new data pack paper, loading it automatically
[18:31:02] [Worker-Main-2/INFO]: No existing world data, creating new world
[18:31:02] [ServerMain/INFO]: Loaded 1515 recipes
[18:31:02] [ServerMain/INFO]: Loaded 1617 advancements
[18:31:02] [ServerMain/INFO]: [ca.spottedleaf.dataconverter.minecraft.datatypes.MCTypeRegistry] Initialising converters for DataConverter...
[18:31:02] [ServerMain/INFO]: [ca.spottedleaf.dataconverter.minecraft.datatypes.MCTypeRegistry] Finished initialising converters for DataConverter in 192.2ms
[18:31:02] [Server thread/INFO]: Starting minecraft server version 26.1.2
[18:31:02] [Server thread/INFO]: Loading properties
[18:31:02] [Server thread/INFO]: This server is running Paper version 26.1.2-74-ver/26.1.2@e4e17fc (2026-07-06T16:51:09Z) (Implementing API version 26.1.2.build.74-stable)
[18:31:02] [Server thread/INFO]: [spark] This server bundles the spark profiler. For more information please visit https://docs.papermc.io/paper/profiling
[18:31:02] [Server thread/INFO]: Server Ping Player Sample Count: 12
[18:31:02] [Server thread/INFO]: Using 4 threads for Netty based IO
[18:31:03] [Server thread/INFO]: [MoonriseCommon] Paper is using 2 worker threads, 1 I/O threads
[18:31:03] [Server thread/INFO]: Default game type: SURVIVAL
[18:31:03] [Server thread/INFO]: Generating keypair
[18:31:03] [Server thread/INFO]: Starting Minecraft server on *:25580
[18:31:03] [Server thread/INFO]: Paper: Using Java compression from Velocity.
[18:31:03] [Server thread/INFO]: Paper: Using Java cipher from Velocity.
[18:31:03] [Server thread/INFO]: [LuckPerms] Loading server plugin LuckPerms v5.5.71
[18:31:04] [Server thread/INFO]: [LuckPerms] Loading configuration...
[18:31:04] [Server thread/INFO]: [MaddPrestige] Loading server plugin MaddPrestige v2.0.0-rc.1
[18:31:04] [Server thread/INFO]: [Phase8D-Harness] Loading server plugin Phase8D-Harness v1.0.0
[18:31:04] [Server thread/INFO]: [LuckPerms] Enabling LuckPerms v5.5.71
[18:31:04] [Server thread/INFO]:         __
[18:31:04] [Server thread/INFO]:   |    |__)   LuckPerms v5.5.71
[18:31:04] [Server thread/INFO]:   |___ |      Running on Bukkit - Paper
[18:31:04] [Server thread/INFO]:
[18:31:05] [Server thread/INFO]: [LuckPerms] Loading storage provider... [H2]
[18:31:05] [Server thread/INFO]: [LuckPerms] Loading internal permission managers...
[18:31:05] [Server thread/INFO]: [LuckPerms] Performing initial data load...
[18:31:05] [Server thread/INFO]: [LuckPerms] Successfully enabled. (took 446ms)
[18:31:05] [Server thread/WARN]: **** SERVER IS RUNNING IN OFFLINE/INSECURE MODE!
[18:31:05] [Server thread/WARN]: The server will make no attempt to authenticate usernames. Beware.
[18:31:05] [Server thread/WARN]: While this makes the game possible to play without internet access, it also opens up the ability for hackers to connect with any username they choose.
[18:31:05] [Server thread/WARN]: To change this, set "online-mode" to "true" in the server.properties file.
[18:31:05] [Server thread/INFO]: Preparing level "phase8f-a76-or3-world"
[18:31:05] [Server thread/INFO]: Selecting spawn point for level 'minecraft:overworld'...
[18:31:08] [Server thread/INFO]: Selecting spawn point for level 'minecraft:the_nether'...
[18:31:08] [Server thread/INFO]: Selecting spawn point for level 'minecraft:the_end'...
[18:31:09] [Server thread/INFO]: Loading 0 persistent chunks for level 'minecraft:overworld'...
[18:31:09] [Server thread/INFO]: Preparing spawn area: 100%
[18:31:09] [Server thread/INFO]: Prepared spawn area in 3574 ms
[18:31:09] [Server thread/INFO]: Loading 0 persistent chunks for level 'minecraft:the_nether'...
[18:31:09] [Server thread/INFO]: Preparing spawn area: 100%
[18:31:09] [Server thread/INFO]: Prepared spawn area in 426 ms
[18:31:09] [Server thread/INFO]: Loading 0 persistent chunks for level 'minecraft:the_end'...
[18:31:09] [Server thread/INFO]: Preparing spawn area: 100%
[18:31:09] [Server thread/INFO]: Prepared spawn area in 138 ms
[18:31:09] [Server thread/INFO]: Done preparing level "phase8f-a76-or3-world" (3.778s)
[18:31:09] [Server thread/INFO]: [MaddPrestige] Enabling MaddPrestige v2.0.0-rc.1
[18:31:09] [Server thread/INFO]: [MaddPrestige] MaddPrestige V2 2.0.0-rc.1 release candidate ready; configuration is safely dormant; startup recovery inspected 0 operation(s).
[18:31:09] [Server thread/INFO]: [Phase8D-Harness] Enabling Phase8D-Harness v1.0.0
[18:31:09] [Server thread/INFO]: [spark] Starting background profiler...
[18:31:09] [Server thread/INFO]: [spark] The async-profiler engine is not supported for your os/arch (windows11/amd64), so the built-in Java engine will be used instead.
[18:31:09] [Server thread/INFO]: Saving chunks for level 'ServerLevel[phase8f-a76-or3-world]'/minecraft:overworld
[18:31:09] [Server thread/INFO]: Saving chunks for level 'ServerLevel[phase8f-a76-or3-world]'/minecraft:the_nether
[18:31:09] [Server thread/INFO]: Saving chunks for level 'ServerLevel[phase8f-a76-or3-world]'/minecraft:the_end
[18:31:09] [Server thread/INFO]: ThreadedAnvilChunkStorage (world): All chunks are saved
[18:31:09] [Server thread/INFO]: ThreadedAnvilChunkStorage (DIM-1): All chunks are saved
[18:31:09] [Server thread/INFO]: ThreadedAnvilChunkStorage (DIM1): All chunks are saved
[18:31:09] [Server thread/INFO]: ThreadedAnvilChunkStorage: All dimensions are saved
[18:31:09] [Server thread/INFO]: Running delayed init tasks
[18:31:09] [Server thread/INFO]: Done (11.396s)! For help, type "help"
[18:31:09] [Server thread/INFO]: *************************************************************************************
[18:31:09] [Server thread/INFO]: This is the first time you're starting this server.
[18:31:09] [Server thread/INFO]: It's recommended you read our 'Getting Started' documentation for guidance.
[18:31:09] [Server thread/INFO]: View this and more helpful information here: https://docs.papermc.io/paper/next-steps
[18:31:09] [Server thread/INFO]: *************************************************************************************
[18:31:09] [Paper Async Task Handler Thread - 1/WARN]: *************************************************************************************
[18:31:09] [Paper Async Task Handler Thread - 1/WARN]: You are running the latest build for your Minecraft version (26.1.2)
[18:31:09] [Paper Async Task Handler Thread - 1/WARN]: However, you are 2 release(s) behind the latest stable release (26.2)!
[18:31:09] [Paper Async Task Handler Thread - 1/WARN]: It is recommended that you update as soon as possible
[18:31:09] [Paper Async Task Handler Thread - 1/WARN]: https://papermc.io/downloads/paper
[18:31:09] [Paper Async Task Handler Thread - 1/WARN]: *************************************************************************************
[18:31:11] [Server thread/INFO]: [Phase8D-Harness] PHASE8D-Q PASS 1 fresh SQLite/server directory published the exact production services in dormant mode
[18:31:17] [Server thread/INFO]: [Phase8D-Harness] PHASE8D-Q PASS 2 six one-second dormant player listener intervals emitted zero warnings and state
[18:31:17] [Server thread/INFO]: [LP] Another command is being executed, waiting for it to finish...
[18:31:17] [Server thread/INFO]: [LP] Another command is being executed, waiting for it to finish...
[18:31:17] [luckperms-command-executor/INFO]: [LP] member was successfully created.
[18:31:17] [luckperms-command-executor/INFO]: [LP] adventurer was successfully created.
[18:31:17] [luckperms-command-executor/INFO]: [LP] veteran was successfully created.
[18:31:17] [Server thread/INFO]: [Phase8D-Harness] PHASE8D-Q PASS 3 administrator-created Member/Adventurer/Veteran groups exist; MaddPrestige created none
[18:31:17] [Server thread/INFO]: [Phase8D-Harness] PHASE8D-Q PASS 4 public Quick Start discovery succeeded
[18:31:18] [Server thread/INFO]: [Phase8D-Harness] PHASE8D-Q PASS 5 public setup session started
[18:31:18] [Server thread/INFO]: [Phase8D-Harness] PHASE8D-Q PASS 6 current-session LuckPerms provider selected without UUID repetition
[18:31:18] [Server thread/INFO]: [Phase8D-Harness] PHASE8D-Q PASS 7 Member baseline stage added through the guided form
[18:31:18] [Server thread/INFO]: [Phase8D-Harness] PHASE8D-Q PASS 8 Adventurer stage added through the guided form
[18:31:18] [Server thread/INFO]: [Phase8D-Harness] PHASE8D-Q PASS 9 Veteran stage added through the guided form
[18:31:18] [Server thread/INFO]: [Phase8D-Harness] PHASE8D-Q PASS 10 Member baseline selected through the guided form
[18:31:18] [Server thread/INFO]: [Phase8D-Harness] PHASE8D-Q PASS 11 typed 60-second current-Prestige requirement generated for Adventurer
[18:31:18] [Server thread/INFO]: [Phase8D-Harness] PHASE8D-Q PASS 12 typed 180-second current-Prestige requirement generated for Veteran
[18:31:18] [Server thread/INFO]: [Phase8D-Harness] PHASE8D-Q PASS 13 contextual Prestige syntax configured Veteran eligibility and Member reset
[18:31:19] [Server thread/INFO]: [Phase8D-Harness] PHASE8D-Q PASS 14 guided setup preview independently validated the exact three-stage profile
[18:31:19] [Server thread/INFO]: [Phase8D-Harness] PHASE8D-Q PASS 15 activation risk was explicitly acknowledged using the server token
[18:31:19] [Server thread/INFO]: [Phase8D-Harness] PHASE8D-Q PASS 16 exact acknowledged profile applied as r_c7b7fca1d62945c39b1d2603c51e73a0
[18:31:19] [Server thread/INFO]: [Phase8D-Harness] PHASE8D-Q PASS 17 Doctor reported the active profile healthy
[18:31:19] [Server thread/INFO]: [Phase8D-Harness] PHASE8D-Q PASS 18 the same dormant player initialized after live activation without restart or stale marker
[18:31:19] [Server thread/INFO]: [Phase8D-Harness] PHASE8D-Q PASS 19 repeated lifecycle establishment was idempotent with no duplicate projection mutation
[18:31:20] [Server thread/INFO]: [Phase8D-Harness] PHASE8D-Q PASS 20 durable Member insufficient Adventurer and Why were actionable with zero effects
[18:31:20] [Server thread/INFO]: [Phase8D-Harness] PHASE8D-Q PASS 21 brand-new Why ingress established real Member before explaining progress
[18:31:20] [Server thread/INFO]: [Phase8D-Harness] PHASE8D-Q PASS 22 brand-new preview ingress established real Member before returning its result
[18:31:20] [Server thread/INFO]: [Phase8D-Harness] PHASE8D-Q PASS 23 brand-new progression operation ingress established real Member before blocking
[18:31:21] [Server thread/INFO]: [Phase8D-Harness] PHASE8D-Q PASS 24 offline rank path completed Member to Adventurer exactly once with one LP managed group
[18:31:21] [Server thread/INFO]: [Phase8D-Harness] PHASE8D-Q PASS 25 below 180 seconds Veteran request failed with exact Why evidence and zero effects
[18:31:22] [Server thread/INFO]: [Phase8D-Harness] PHASE8D-Q PASS 26 Adventurer advanced to Veteran exactly once with coherent LP and durable history
[18:31:22] [Server thread/INFO]: [Phase8D-Harness] PHASE8D-Q PASS 27 Prestige incremented once, reset Member/LP/baseline, preserved Paper statistic/history
[18:31:22] [Server thread/INFO]: [Phase8D-Harness] PHASE8D-Q PASS 28 facade exposes no caller idempotency token; repeated terminal request produced no duplicate effect
[18:31:22] [Server thread/INFO]: [Phase8D-Harness] PHASE8D-Q PASS 29 supported offline UUID statistic/rank/projection path completed deterministically without a client
[18:31:22] [Server thread/INFO]: [Phase8D-Harness] PHASE8D-Q PASS 30 fresh-boot evidence sealed for unchanged restart
[18:31:22] [Server thread/INFO]: [Phase8D-Harness] PHASE8D-Q FIRST-BOOT COMPLETE revision=r_c7b7fca1d62945c39b1d2603c51e73a0 pass-count=30
[18:31:23] [Server thread/INFO]: Stopping server
[18:31:23] [Server thread/INFO]: [Phase8D-Harness] Disabling Phase8D-Harness v1.0.0
[18:31:23] [Server thread/INFO]: [Phase8D-Harness] PHASE8D-Q shutdown pass-count=30
[18:31:23] [Server thread/INFO]: [MaddPrestige] Disabling MaddPrestige v2.0.0-rc.1
[18:31:23] [Server thread/INFO]: [LuckPerms] Disabling LuckPerms v5.5.71
[18:31:23] [Server thread/INFO]: [LuckPerms] Starting shutdown process...
[18:31:23] [Server thread/INFO]: [LuckPerms] Closing storage...
[18:31:23] [Server thread/INFO]: [LuckPerms] Goodbye!
[18:31:23] [Server thread/INFO]: Saving players
[18:31:23] [Server thread/INFO]: Saving worlds
[18:31:23] [Server thread/INFO]: Saving chunks for level 'ServerLevel[phase8f-a76-or3-world]'/minecraft:overworld
[18:31:23] [Server thread/INFO]: [ChunkHolderManager] Waiting 60s for chunk system to halt for world 'minecraft:overworld'
[18:31:23] [Server thread/INFO]: [ChunkHolderManager] Halted chunk system for world 'minecraft:overworld'
[18:31:23] [Server thread/INFO]: [ChunkHolderManager] Saving all chunkholders for world 'minecraft:overworld'
[18:31:23] [Server thread/INFO]: [ChunkHolderManager] Saved 0 block chunks, 0 entity chunks, 0 poi chunks in world 'minecraft:overworld' in 0.00s
[18:31:23] [Server thread/INFO]: [ChunkHolderManager] Waiting 60s for chunk I/O to halt for world 'minecraft:overworld'
[18:31:23] [Server thread/INFO]: [ChunkHolderManager] Halted I/O scheduler for world 'minecraft:overworld'
[18:31:23] [Server thread/INFO]: Saving chunks for level 'ServerLevel[phase8f-a76-or3-world]'/minecraft:the_nether
[18:31:23] [Server thread/INFO]: [ChunkHolderManager] Waiting 60s for chunk system to halt for world 'minecraft:the_nether'
[18:31:23] [Server thread/INFO]: [ChunkHolderManager] Halted chunk system for world 'minecraft:the_nether'
[18:31:23] [Server thread/INFO]: [ChunkHolderManager] Saving all chunkholders for world 'minecraft:the_nether'
[18:31:23] [Server thread/INFO]: [ChunkHolderManager] Saved 0 block chunks, 0 entity chunks, 0 poi chunks in world 'minecraft:the_nether' in 0.00s
[18:31:23] [Server thread/INFO]: [ChunkHolderManager] Waiting 60s for chunk I/O to halt for world 'minecraft:the_nether'
[18:31:23] [Server thread/INFO]: [ChunkHolderManager] Halted I/O scheduler for world 'minecraft:the_nether'
[18:31:23] [Server thread/INFO]: Saving chunks for level 'ServerLevel[phase8f-a76-or3-world]'/minecraft:the_end
[18:31:23] [Server thread/INFO]: [ChunkHolderManager] Waiting 60s for chunk system to halt for world 'minecraft:the_end'
[18:31:23] [Server thread/INFO]: [ChunkHolderManager] Halted chunk system for world 'minecraft:the_end'
[18:31:23] [Server thread/INFO]: [ChunkHolderManager] Saving all chunkholders for world 'minecraft:the_end'
[18:31:23] [Server thread/INFO]: [ChunkHolderManager] Saved 0 block chunks, 0 entity chunks, 0 poi chunks in world 'minecraft:the_end' in 0.00s
[18:31:23] [Server thread/INFO]: [ChunkHolderManager] Waiting 60s for chunk I/O to halt for world 'minecraft:the_end'
[18:31:23] [Server thread/INFO]: [ChunkHolderManager] Halted I/O scheduler for world 'minecraft:the_end'
[18:31:23] [Server thread/INFO]: ThreadedAnvilChunkStorage (world): All chunks are saved
[18:31:23] [Server thread/INFO]: ThreadedAnvilChunkStorage (DIM-1): All chunks are saved
[18:31:23] [Server thread/INFO]: ThreadedAnvilChunkStorage (DIM1): All chunks are saved
[18:31:23] [Server thread/INFO]: ThreadedAnvilChunkStorage: All dimensions are saved
[18:31:23] [Server thread/INFO]: Waiting for all RegionFile I/O tasks to complete...
[18:31:23] [Server thread/INFO]: All RegionFile I/O tasks to complete
[18:31:23] [Server thread/INFO]: [MoonriseCommon] Awaiting termination of worker pool for up to 60s...
[18:31:23] [Server thread/INFO]: [MoonriseCommon] Awaiting termination of I/O pool for up to 60s...
