[INFO] Scanning for projects...
[INFO] ------------------------------------------------------------------------
[INFO] Reactor Build Order:
[INFO]
[INFO] MaddPrestige V2 Parent                                             [pom]
[INFO] MaddPrestige V2 API                                                [jar]
[INFO] MaddPrestige V2 Core                                               [jar]
[INFO] MaddPrestige V2 Persistence                                        [jar]
[INFO] MaddPrestige V2 Integration Contracts                              [jar]
[INFO] MaddPrestige V2 Paper Boundary                                     [jar]
[INFO] MaddPrestige V2 Testkit                                            [jar]
[INFO] MaddPrestige Distribution                                          [jar]
[INFO]
[INFO] -----------------< net.maddkraft:maddprestige-parent >------------------
[INFO] Building MaddPrestige V2 Parent 2.0.0-rc.1                         [1/8]
[INFO]   from pom.xml
[INFO] --------------------------------[ pom ]---------------------------------
[INFO]
[INFO] --- enforcer:3.6.2:enforce (phase1-build-invariants) @ maddprestige-parent ---
[INFO] Rule 0: org.apache.maven.enforcer.rules.version.RequireJavaVersion passed
[INFO] Rule 1: org.apache.maven.enforcer.rules.version.RequireMavenVersion passed
[INFO] Rule 2: org.apache.maven.enforcer.rules.dependency.DependencyConvergence passed
[INFO] Rule 3: org.apache.maven.enforcer.rules.BanDuplicatePomDependencyVersions passed
[INFO]
[INFO] --- jacoco:0.8.13:prepare-agent (prepare-agent) @ maddprestige-parent ---
[INFO] argLine set to "-javaagent:<USER_HOME>\\.m2\\repository\\org\\jacoco\\org.jacoco.agent\\0.8.13\\org.jacoco.agent-0.8.13-runtime.jar=destfile=<WORKSPACE>\\target\\jacoco.exec"
[INFO]
[INFO] --- checkstyle:3.6.0:check (checkstyle) @ maddprestige-parent ---
[INFO] You have 0 Checkstyle violations.
[INFO]
[INFO] --- jacoco:0.8.13:report (report) @ maddprestige-parent ---
[INFO] Skipping JaCoCo execution due to missing execution data file.
[INFO]
[INFO] --- cyclonedx:2.9.1:makeAggregateBom (phase1-sbom) @ maddprestige-parent ---
[INFO] CycloneDX: Resolving Aggregated Dependencies
[INFO] CycloneDX: Creating BOM version 1.6 with 74 component(s)
[INFO] CycloneDX: Writing and validating BOM (JSON): <WORKSPACE>\target\bom.json
[WARNING] Unknown keyword meta:enum - you should define your own Meta Schema. If the keyword is irrelevant for validation, just use a NonValidationKeyword or if it should generate annotations AnnotationKeyword
[WARNING] Unknown keyword deprecated - you should define your own Meta Schema. If the keyword is irrelevant for validation, just use a NonValidationKeyword or if it should generate annotations AnnotationKeyword
[INFO]            attaching as maddprestige-parent-2.0.0-rc.1-cyclonedx.json
[INFO]
[INFO] --- dependency-check:12.1.8:aggregate (default) @ maddprestige-parent ---
[INFO] Artifact com.google.guava:guava:jar:33.5.0-jre is present in the local repository, but cached from a remote repository ID that is unavailable in current build context, verifying that is downloadable from [central (https://repo.maven.apache.org/maven2, default, releases)]
[INFO] Artifact com.google.guava:failureaccess:jar:1.0.3 is present in the local repository, but cached from a remote repository ID that is unavailable in current build context, verifying that is downloadable from [central (https://repo.maven.apache.org/maven2, default, releases)]
[INFO] Artifact com.google.errorprone:error_prone_annotations:jar:2.41.0 is present in the local repository, but cached from a remote repository ID that is unavailable in current build context, verifying that is downloadable from [central (https://repo.maven.apache.org/maven2, default, releases)]
[INFO] Artifact com.google.j2objc:j2objc-annotations:jar:3.1 is present in the local repository, but cached from a remote repository ID that is unavailable in current build context, verifying that is downloadable from [central (https://repo.maven.apache.org/maven2, default, releases)]
[INFO] Artifact org.jspecify:jspecify:jar:1.0.0 is present in the local repository, but cached from a remote repository ID that is unavailable in current build context, verifying that is downloadable from [central (https://repo.maven.apache.org/maven2, default, releases)]
[INFO] Artifact org.jetbrains:annotations:jar:26.0.2-1 is present in the local repository, but cached from a remote repository ID that is unavailable in current build context, verifying that is downloadable from [central (https://repo.maven.apache.org/maven2, default, releases)]
[INFO] Artifact com.google.guava:guava:jar:33.5.0-jre is present in the local repository, but cached from a remote repository ID that is unavailable in current build context, verifying that is downloadable from [central (https://repo.maven.apache.org/maven2, default, releases)]
[INFO] Artifact com.google.guava:failureaccess:jar:1.0.3 is present in the local repository, but cached from a remote repository ID that is unavailable in current build context, verifying that is downloadable from [central (https://repo.maven.apache.org/maven2, default, releases)]
[INFO] Artifact com.google.errorprone:error_prone_annotations:jar:2.41.0 is present in the local repository, but cached from a remote repository ID that is unavailable in current build context, verifying that is downloadable from [central (https://repo.maven.apache.org/maven2, default, releases)]
[INFO] Artifact com.google.j2objc:j2objc-annotations:jar:3.1 is present in the local repository, but cached from a remote repository ID that is unavailable in current build context, verifying that is downloadable from [central (https://repo.maven.apache.org/maven2, default, releases)]
[INFO] Artifact org.jspecify:jspecify:jar:1.0.0 is present in the local repository, but cached from a remote repository ID that is unavailable in current build context, verifying that is downloadable from [central (https://repo.maven.apache.org/maven2, default, releases)]
[INFO] Artifact org.jetbrains:annotations:jar:26.0.2-1 is present in the local repository, but cached from a remote repository ID that is unavailable in current build context, verifying that is downloadable from [central (https://repo.maven.apache.org/maven2, default, releases)]
[INFO] Checking for updates
[WARNING] An NVD API Key was not provided - it is highly recommended to use an NVD API key as the update can take a VERY long time without an API Key
[INFO] NVD API has 381,956 records in this update
[INFO] Downloaded 10,000/381,956 (3%)
