[INFO] Scanning for projects...
[INFO] ------------------------------------------------------------------------
[INFO] Reactor Build Order:
[INFO]
[INFO] MaddPrestige V2 Parent                                             [pom]
[INFO] MaddPrestige V2 API                                                [jar]
[INFO] MaddPrestige V2 Core                                               [jar]
[INFO] MaddPrestige V2 Persistence                                        [jar]
[INFO] MaddPrestige V2 Integration Contracts                              [jar]
[INFO] MaddPrestige V2 Paper Boundary                                     [jar]
[INFO] MaddPrestige V2 Testkit                                            [jar]
[INFO] MaddPrestige Distribution                                          [jar]
[INFO]
[INFO] -----------------< net.maddkraft:maddprestige-parent >------------------
[INFO] Building MaddPrestige V2 Parent 2.0.0-rc.1                         [1/8]
[INFO]   from pom.xml
[INFO] --------------------------------[ pom ]---------------------------------
[INFO]
[INFO] --- dependency-check:12.1.8:aggregate (default-cli) @ maddprestige-parent ---
[INFO]

Dependency-Check is an open source tool performing a best effort analysis of 3rd party dependencies; false positives and false negatives may exist in the analysis performed by the tool. Use of the tool and the reporting provided constitutes acceptance for use in an AS IS condition, and there are NO warranties, implied or otherwise, with regard to the analysis or its use. Any use of the tool and the reporting provided is at the user's risk. In no event shall the copyright holder or OWASP be held liable for any damages whatsoever arising out of or in connection with the use of this tool, the analysis performed, or the resulting report.


   About ODC: https://dependency-check.github.io/DependencyCheck/general/internals.html
   False Positives: https://dependency-check.github.io/DependencyCheck/general/suppression.html


[INFO] Analysis Started
[INFO] Finished Archive Analyzer (0 seconds)
[INFO] Finished File Name Analyzer (0 seconds)
[INFO] Finished Jar Analyzer (0 seconds)
[INFO] Finished Assembly Analyzer (0 seconds)
[INFO] Finished Dependency Merging Analyzer (0 seconds)
[INFO] Finished Hint Analyzer (0 seconds)
[INFO] Finished Version Filter Analyzer (0 seconds)
[INFO] Using MemorySegmentIndexInput with Java 21 or later; to disable start with -Dorg.apache.lucene.store.MMapDirectory.enableMemorySegments=false
[WARNING] You are running with Java 23 or later. To make full use of the Vector API, please update Apache Lucene.
[INFO] Created CPE Index (0 seconds)
[WARNING] Hosted Suppressions file is empty or missing - attempting to force the update
[WARNING] Empty Hosted Suppression file after update, results may contain false positives already resolved by the DependencyCheck project due to failed download of the hosted suppression file
[INFO] Finished CPE Analyzer (0 seconds)
[INFO] Finished False Positive Analyzer (0 seconds)
[INFO] Finished NVD CVE Analyzer (0 seconds)
[WARNING] Disabling OSS Index analyzer due to missing user/password credentials. Authentication is now required: https://ossindex.sonatype.org/doc/auth-required
[INFO] Finished Vulnerability Suppression Analyzer (0 seconds)
[INFO] Finished Known Exploited Vulnerability Analyzer (0 seconds)
[INFO] Finished Dependency Bundling Analyzer (0 seconds)
[INFO] Finished Unused Suppression Rule Analyzer (0 seconds)
[INFO] Analysis Complete (2 seconds)
[INFO] Writing HTML report to: <WORKSPACE>\target\dependency-check-report.html
[INFO] ------------------------------------------------------------------------
[INFO] Reactor Summary for MaddPrestige V2 Parent 2.0.0-rc.1:
[INFO]
[INFO] MaddPrestige V2 Parent ............................. SUCCESS [  4.022 s]
[INFO] MaddPrestige V2 API ................................ SKIPPED
[INFO] MaddPrestige V2 Core ............................... SKIPPED
[INFO] MaddPrestige V2 Persistence ........................ SKIPPED
[INFO] MaddPrestige V2 Integration Contracts .............. SKIPPED
[INFO] MaddPrestige V2 Paper Boundary ..................... SKIPPED
[INFO] MaddPrestige V2 Testkit ............................ SKIPPED
[INFO] MaddPrestige Distribution .......................... SKIPPED
[INFO] ------------------------------------------------------------------------
[INFO] BUILD SUCCESS
[INFO] ------------------------------------------------------------------------
[INFO] Total time:  4.157 s
[INFO] Finished at: 2026-08-24T02:40:57-07:00
[INFO] ------------------------------------------------------------------------
