Downloading mojang_26.1.2.jar
Applying patches
Starting org.bukkit.craftbukkit.Main
[01:29:39 INFO]: [bootstrap] Running Java 25 (OpenJDK 64-Bit Server VM 25.0.3+9-LTS; Eclipse Adoptium Temurin-25.0.3+9) on Windows 11 10.0 (amd64)
[01:29:39 INFO]: [bootstrap] Loading Paper 26.1.2-74-ver/26.1.2@e4e17fc (2026-07-06T16:51:09Z) for Minecraft 26.1.2
[01:29:39 WARN]: [oshi.driver.windows.perfmon.PerfmonDisabled] Invalid registry value type detected for PerfOS counters. Should be REG_DWORD. Ignoring: HKEY_LOCAL_MACHINE\SYSTEM\CurrentControlSet\Services\PerfOS\Performance\Disable Performance Counters.
[01:29:40 INFO]: [PluginInitializerManager] Initializing plugins...
[01:29:40 INFO]: [PluginInitializerManager] Initialized 3 plugins
[01:29:40 INFO]: [PluginInitializerManager] Bukkit plugins (3):
 - LuckPerms (5.5.71), MaddPrestige (2.0.0-rc.1), Phase8D-Harness (1.0.0)
WARNING: A terminally deprecated method in sun.misc.Unsafe has been called
WARNING: sun.misc.Unsafe::objectFieldOffset has been called by org.joml.MemUtil$MemUtilUnsafe (file:/<WORKSPACE>/qualification/phase8d-paper-harness/target/phase8f-a76-correction-runtime/libraries/org/joml/joml/1.10.8/joml-1.10.8.jar)
WARNING: Please consider reporting this to the maintainers of class org.joml.MemUtil$MemUtilUnsafe
WARNING: sun.misc.Unsafe::objectFieldOffset will be removed in a future release
[01:29:42 INFO]: Environment: Environment[sessionHost=https://sessionserver.mojang.com, servicesHost=https://api.minecraftservices.com, profilesHost=https://api.mojang.com, name=PROD]
[01:29:42 INFO]: Found new data pack file/bukkit, loading it automatically
[01:29:42 INFO]: Found new data pack paper, loading it automatically
[01:29:43 INFO]: No existing world data, creating new world
[01:29:43 INFO]: Loaded 1515 recipes
[01:29:43 INFO]: Loaded 1617 advancements
[01:29:43 INFO]: [ca.spottedleaf.dataconverter.minecraft.datatypes.MCTypeRegistry] Initialising converters for DataConverter...
[01:29:43 INFO]: [ca.spottedleaf.dataconverter.minecraft.datatypes.MCTypeRegistry] Finished initialising converters for DataConverter in 203.1ms
[01:29:44 INFO]: Starting minecraft server version 26.1.2
[01:29:44 INFO]: Loading properties
[01:29:44 INFO]: This server is running Paper version 26.1.2-74-ver/26.1.2@e4e17fc (2026-07-06T16:51:09Z) (Implementing API version 26.1.2.build.74-stable)
[01:29:44 INFO]: [spark] This server bundles the spark profiler. For more information please visit https://docs.papermc.io/paper/profiling
[01:29:44 INFO]: Using 4 threads for Netty based IO
[01:29:44 INFO]: Server Ping Player Sample Count: 12
[01:29:44 INFO]: [MoonriseCommon] Paper is using 2 worker threads, 1 I/O threads
[01:29:44 INFO]: Default game type: SURVIVAL
[01:29:44 INFO]: Generating keypair

[01:29:44 INFO]: Starting Minecraft server on *:0

[01:29:44 INFO]: Paper: Using Java compression from Velocity.

[01:29:44 INFO]: Paper: Using Java cipher from Velocity.

[01:29:44 INFO]: [LuckPerms] Loading server plugin LuckPerms v5.5.71

[01:29:46 INFO]: [LuckPerms] Loading configuration...

[01:29:46 INFO]: [MaddPrestige] Loading server plugin MaddPrestige v2.0.0-rc.1

[01:29:46 INFO]: [Phase8D-Harness] Loading server plugin Phase8D-Harness v1.0.0

[01:29:46 INFO]: [LuckPerms] Enabling LuckPerms v5.5.71

[01:29:46 INFO]:         __

[01:29:46 INFO]:   |    |__)   LuckPerms v5.5.71

[01:29:46 INFO]:   |___ |      Running on Bukkit - Paper

[01:29:46 INFO]:

[01:29:46 INFO]: [LuckPerms] Loading storage provider... [H2]

[01:29:46 INFO]: [LuckPerms] Loading internal permission managers...

[01:29:46 INFO]: [LuckPerms] Performing initial data load...

[01:29:46 INFO]: [LuckPerms] Successfully enabled. (took 451ms)

[01:29:46 WARN]: **** SERVER IS RUNNING IN OFFLINE/INSECURE MODE!

[01:29:46 WARN]: The server will make no attempt to authenticate usernames. Beware.

[01:29:46 WARN]: While this makes the game possible to play without internet access, it also opens up the ability for hackers to connect with any username they choose.

[01:29:46 WARN]: To change this, set "online-mode" to "true" in the server.properties file.

[01:29:46 INFO]: Preparing level "phase8f-a76-correction-world"

[01:29:46 INFO]: Selecting spawn point for level 'minecraft:overworld'...

[01:29:50 INFO]: Selecting spawn point for level 'minecraft:the_nether'...

[01:29:51 INFO]: Selecting spawn point for level 'minecraft:the_end'...

[01:29:51 INFO]: Loading 0 persistent chunks for level 'minecraft:overworld'...

[01:29:51 INFO]: Preparing spawn area: 100%

[01:29:51 INFO]: Prepared spawn area in 4275 ms

[01:29:51 INFO]: Loading 0 persistent chunks for level 'minecraft:the_nether'...

[01:29:51 INFO]: Preparing spawn area: 100%

[01:29:51 INFO]: Prepared spawn area in 381 ms

[01:29:51 INFO]: Loading 0 persistent chunks for level 'minecraft:the_end'...

[01:29:51 INFO]: Preparing spawn area: 100%

[01:29:51 INFO]: Prepared spawn area in 117 ms

[01:29:51 INFO]: Done preparing level "phase8f-a76-correction-world" (4.483s)

[01:29:51 INFO]: [MaddPrestige] Enabling MaddPrestige v2.0.0-rc.1

[01:29:51 INFO]: [MaddPrestige] MaddPrestige V2 2.0.0-rc.1 release candidate ready; configuration is safely dormant; startup recovery inspected 0 operation(s).

[01:29:51 INFO]: [Phase8D-Harness] Enabling Phase8D-Harness v1.0.0

[01:29:51 INFO]: [spark] Starting background profiler...

[01:29:51 INFO]: [spark] The async-profiler engine is not supported for your os/arch (windows11/amd64), so the built-in Java engine will be used instead.

[01:29:51 INFO]: Saving chunks for level 'ServerLevel[phase8f-a76-correction-world]'/minecraft:overworld

[01:29:51 INFO]: Saving chunks for level 'ServerLevel[phase8f-a76-correction-world]'/minecraft:the_nether

[01:29:51 INFO]: Saving chunks for level 'ServerLevel[phase8f-a76-correction-world]'/minecraft:the_end

[01:29:51 INFO]: ThreadedAnvilChunkStorage (world): All chunks are saved

[01:29:51 INFO]: ThreadedAnvilChunkStorage (DIM-1): All chunks are saved

[01:29:51 INFO]: ThreadedAnvilChunkStorage (DIM1): All chunks are saved

[01:29:51 INFO]: ThreadedAnvilChunkStorage: All dimensions are saved

[01:29:51 INFO]: Running delayed init tasks

[01:29:51 INFO]: Done (12.528s)! For help, type "help"

[01:29:51 INFO]: *************************************************************************************

[01:29:51 INFO]: This is the first time you're starting this server.

[01:29:51 INFO]: It's recommended you read our 'Getting Started' documentation for guidance.

[01:29:51 INFO]: View this and more helpful information here: https://docs.papermc.io/paper/next-steps

[01:29:51 INFO]: *************************************************************************************

[01:29:51 WARN]: *************************************************************************************

[01:29:51 WARN]: You are running the latest build for your Minecraft version (26.1.2)

[01:29:51 WARN]: However, you are 2 release(s) behind the latest stable release (26.2)!

[01:29:51 WARN]: It is recommended that you update as soon as possible

[01:29:51 WARN]: https://papermc.io/downloads/paper

[01:29:51 WARN]: *************************************************************************************

[01:29:53 INFO]: [Phase8D-Harness] PHASE8D-Q PASS 1 fresh SQLite/server directory published the exact production services in dormant mode

[01:29:53 INFO]: [LP] Another command is being executed, waiting for it to finish...

[01:29:53 INFO]: [LP] Another command is being executed, waiting for it to finish...

[01:29:53 INFO]: [LP] member was successfully created.

[01:29:53 INFO]: [LP] adventurer was successfully created.

[01:29:53 INFO]: [LP] veteran was successfully created.

[01:29:53 INFO]: [Phase8D-Harness] PHASE8D-Q PASS 2 administrator-created Member/Adventurer/Veteran groups exist; MaddPrestige created none

[01:29:54 INFO]: [Phase8D-Harness] PHASE8D-Q PASS 3 public Quick Start discovery succeeded

[01:29:54 INFO]: [Phase8D-Harness] PHASE8D-Q PASS 4 public setup session started

[01:29:54 INFO]: [Phase8D-Harness] PHASE8D-Q PASS 5 current-session LuckPerms provider selected without UUID repetition

[01:29:54 INFO]: [Phase8D-Harness] PHASE8D-Q PASS 6 Member baseline stage added through the guided form

[01:29:54 INFO]: [Phase8D-Harness] PHASE8D-Q PASS 7 Adventurer stage added through the guided form

[01:29:54 INFO]: [Phase8D-Harness] PHASE8D-Q PASS 8 Veteran stage added through the guided form

[01:29:54 INFO]: [Phase8D-Harness] PHASE8D-Q PASS 9 Member baseline selected through the guided form

[01:29:54 INFO]: [Phase8D-Harness] PHASE8D-Q PASS 10 typed 60-second current-Prestige requirement generated for Adventurer

[01:29:54 INFO]: [Phase8D-Harness] PHASE8D-Q PASS 11 typed 180-second current-Prestige requirement generated for Veteran

[01:29:54 INFO]: [Phase8D-Harness] PHASE8D-Q PASS 12 contextual Prestige syntax configured Veteran eligibility and Member reset

[01:29:55 INFO]: [Phase8D-Harness] PHASE8D-Q PASS 13 guided setup preview independently validated the exact three-stage profile

[01:29:55 INFO]: [Phase8D-Harness] PHASE8D-Q PASS 14 activation risk was explicitly acknowledged using the server token

[01:29:55 INFO]: [Phase8D-Harness] PHASE8D-Q PASS 15 exact acknowledged profile applied as r_1f35d52880fe4fc5bb425fe9e13d83b2

[01:29:55 INFO]: [Phase8D-Harness] PHASE8D-Q PASS 16 Doctor reported the active profile healthy

[01:29:55 INFO]: [Phase8D-Harness] PHASE8D-Q PASS 17 fresh stable playerProgress established durable state and real LuckPerms Member projection

[01:29:55 INFO]: [Phase8D-Harness] PHASE8D-Q PASS 18 repeated lifecycle establishment was idempotent with no duplicate projection mutation

[01:29:56 INFO]: [Phase8D-Harness] PHASE8D-Q PASS 19 durable Member insufficient Adventurer and Why were actionable with zero effects

[01:29:56 INFO]: [Phase8D-Harness] PHASE8D-Q PASS 20 brand-new Why ingress established real Member before explaining progress

[01:29:56 INFO]: [Phase8D-Harness] PHASE8D-Q PASS 21 brand-new preview ingress established real Member before returning its result

[01:29:56 INFO]: [Phase8D-Harness] PHASE8D-Q PASS 22 brand-new progression operation ingress established real Member before blocking

[01:29:57 INFO]: [Phase8D-Harness] PHASE8D-Q PASS 23 offline rank path completed Member to Adventurer exactly once with one LP managed group

[01:29:57 INFO]: [Phase8D-Harness] PHASE8D-Q PASS 24 below 180 seconds Veteran request failed with exact Why evidence and zero effects

[01:29:58 INFO]: [Phase8D-Harness] PHASE8D-Q PASS 25 Adventurer advanced to Veteran exactly once with coherent LP and durable history

[01:29:58 INFO]: [Phase8D-Harness] PHASE8D-Q PASS 26 Prestige incremented once, reset Member/LP/baseline, preserved Paper statistic/history

[01:29:58 INFO]: [Phase8D-Harness] PHASE8D-Q PASS 27 facade exposes no caller idempotency token; repeated terminal request produced no duplicate effect

[01:29:58 INFO]: [Phase8D-Harness] PHASE8D-Q PASS 28 supported offline UUID statistic/rank/projection path completed deterministically without a client

[01:29:58 INFO]: [Phase8D-Harness] PHASE8D-Q PASS 29 fresh-boot evidence sealed for unchanged restart

[01:29:58 INFO]: [Phase8D-Harness] PHASE8D-Q FIRST-BOOT COMPLETE revision=r_1f35d52880fe4fc5bb425fe9e13d83b2 pass-count=29
> > > > > > > > > > > > > > > > > > > > > > > > > > > > > > > > > > > > > > > > > > > > > > > > > > > > > > > > > > > > > > > > > > > > > > > > > > > > > > > > > > > > > > > > > > > > > > > > > > > > > > > > > > > > > > > > > > > > > > > > > > > > > > > > > > > > > > > > > > > > > > > > > > > > > > > > > > > > > > > > > > > > > > > > > > > > > > > > > > > > > > > > > > > > > > > > > > > > > > > > > > > > > > > > > > > > > > > > > > > > > > > > > > > > > > > > > > > > > > > > > > > > > > > > > > > > > > > > > > > > > > > > > > > > > > > > > > > > > > > > > > > > > > > > > > > > > > > > > > > > > > > > > > > > > > > > > > > > > > > > > > > > > > > > > > > > > > > > > > > > > > > > > > > > > > > > > > > > > > > > > > > > > > > > > > > > > > > > > > > > > > > > > > > > > > > > > > > > > > > > > > > > > > > > > > > > > > > > > > > > > > > > > > > > > > > > > > > > > > > > > > > > > > > > > > > > > > > > > > > > > > > > > > > > > > > > > > > > > > > > > > > > > > > > > > > > > > > > > > > > > > > > > > > > > > > > > > > > > > > > > > > > > > > > > > > > > > > > > > > > > > > > > > > > > > > > > > > > > > > > > > > > > > > > > > > > > > > > > > > > > > > > > > > > > > > > > > > > > > > > > > > > > > > > > > > > > > > > > > > > > > > > > > > > > > > > > > > > > > > > > > > > > > > > > > > > > > > > > > > > > > > > > > > > > > > > > > > > > > > > > > > > > > > > > > > > > > > > > > > > > > > > > > > > > > > > > > > > > > > > > > > > > > > > > > > > > > > > > > > > > > > > > > > > > > > > > > > > > > > > > > > > > > > > > > > > > > > > > > > > > > > > > > > > > > > > > > > > > > > > > > > > > > > > > > > > > > > > > > > > > > > > > > > > > > > > > > > > > > > > > > > > > > > > > > > > > > > > > > > > > > > > > > > > > > > > > > > > > > > > > > > > > > > > > > > > > > > > > > > > > > > > > > > > > > > > > > > > > > > > > > > > > > > > > > > > > > > > > > > > > > > > > > > > > > > > > > > > > > > > > > > > > > > > > > > > > > > > > > > > > > > > > > > > > > > > > > > > > > > > > > > > > > > > > > > > > > > > > > > > > > > > > > > > > > > > > > > > > > > > > > > > > > > > > > > > > > > > > > > > > > > > > > > > > > > > > > > > > > > > > > > > > > > > > > > > > > > > > > > > > > > > > > > > > > > > > > > > > > > > > > > > > > > > > > > > > > > > > > > > > > > > > > > > > > > > > > > > > > > > > > > > > > > > > > > > > > > > > > > > > > > > > > > > > > > > > > > > > > > > > > > > > > > > > > > > > > > > > > > > > > > > > > > > > > > > > > > > > > > > > > > > > > > > > > > > > > > > > > > > > > > > > > > > > > > > > > > > > > > > > > > > > > > > > > > > > > > > > > > > > > > > > > > > > > > > > > > > > > > > > > > > > > > > > > > > > > > > > > > > > > > > > > > > > > > > > > > > > > > > > > > > > > > > > > > > > > > > > > > > > > > > > > > > > > > > > > > > > > > > > > > > > > > > > > > > > > > > > > > > > > > > > > > > > > > > > > > > > > > > > > > > > > > > > > > > > > > > > > > > > > > > > > > > > > > > > > > > > > > > > > > > > > > > > > > > > > > > > > > > > > > > > > > > > > > > > > > > > > > > > > > > > > > > > > > > > > > > > > > > > > > > > > > > > > > > > > > > > > > > > > > > > > > > > > > > > > > > > > > > > > > > > > > > > > > > > > > > > > > > > > > > > > > > > > > > > > > > > > > > > > > > > > > > > > > > > > > > > > > > > > > > > > > > > > > > > > > > > > > > > > > > > > > > > > > > > > > > > > > > > > > > > > > > > > > > > > > > > > > > > > > > > > > > > > > > > > > > > > > > > > > > > > > > > > > > > > > > > > > > > > > > > > > > > > > > > > > > > > > > > > > > > > > > > > > > > > > > > > > > > > > > > > > > > > > > > > > > > > > > > > > > > > > > > > > > > > > > > > > > > > > > > > > > > > > > > > > > > > > > > > > > > > > > > > > > > > > > > > > > > > > > > > > > > > > > > > > > > > > > > > > > > > > > > > > > > > > > > > > > > > > > > > > > > > > > > > > > > > > > > > > > > > > > > > > > > > > > > > > > > > > > > > > > > > > > > > > > > > > > > > > > > > > > > > > > > > > > > > > > > > > > > > > > > > > > > > > > > > > > > > > > > > > > > > > > > > > > > > > > > > > > > > > > > > [01:29:59 INFO]: Stopping server
[01:29:59 INFO]: [Phase8D-Harness] Disabling Phase8D-Harness v1.0.0
[01:29:59 INFO]: [Phase8D-Harness] PHASE8D-Q shutdown pass-count=29
[01:29:59 INFO]: [MaddPrestige] Disabling MaddPrestige v2.0.0-rc.1
[01:29:59 INFO]: [LuckPerms] Disabling LuckPerms v5.5.71
[01:29:59 INFO]: [LuckPerms] Starting shutdown process...
[01:29:59 INFO]: [LuckPerms] Closing storage...
[01:29:59 INFO]: [LuckPerms] Goodbye!
[01:29:59 INFO]: Saving players
[01:29:59 INFO]: Saving worlds
[01:29:59 INFO]: Saving chunks for level 'ServerLevel[phase8f-a76-correction-world]'/minecraft:overworld
[01:29:59 INFO]: [ChunkHolderManager] Waiting 60s for chunk system to halt for world 'minecraft:overworld'
[01:29:59 INFO]: [ChunkHolderManager] Halted chunk system for world 'minecraft:overworld'
[01:29:59 INFO]: [ChunkHolderManager] Saving all chunkholders for world 'minecraft:overworld'
[01:29:59 INFO]: [ChunkHolderManager] Saved 0 block chunks, 0 entity chunks, 0 poi chunks in world 'minecraft:overworld' in 0.00s
[01:29:59 INFO]: [ChunkHolderManager] Waiting 60s for chunk I/O to halt for world 'minecraft:overworld'
[01:29:59 INFO]: [ChunkHolderManager] Halted I/O scheduler for world 'minecraft:overworld'
[01:29:59 INFO]: Saving chunks for level 'ServerLevel[phase8f-a76-correction-world]'/minecraft:the_nether
[01:29:59 INFO]: [ChunkHolderManager] Waiting 60s for chunk system to halt for world 'minecraft:the_nether'
[01:29:59 INFO]: [ChunkHolderManager] Halted chunk system for world 'minecraft:the_nether'
[01:29:59 INFO]: [ChunkHolderManager] Saving all chunkholders for world 'minecraft:the_nether'
[01:29:59 INFO]: [ChunkHolderManager] Saved 0 block chunks, 0 entity chunks, 0 poi chunks in world 'minecraft:the_nether' in 0.00s
[01:29:59 INFO]: [ChunkHolderManager] Waiting 60s for chunk I/O to halt for world 'minecraft:the_nether'
[01:29:59 INFO]: [ChunkHolderManager] Halted I/O scheduler for world 'minecraft:the_nether'
[01:29:59 INFO]: Saving chunks for level 'ServerLevel[phase8f-a76-correction-world]'/minecraft:the_end
[01:29:59 INFO]: [ChunkHolderManager] Waiting 60s for chunk system to halt for world 'minecraft:the_end'
[01:29:59 INFO]: [ChunkHolderManager] Halted chunk system for world 'minecraft:the_end'
[01:29:59 INFO]: [ChunkHolderManager] Saving all chunkholders for world 'minecraft:the_end'
[01:29:59 INFO]: [ChunkHolderManager] Saved 0 block chunks, 0 entity chunks, 0 poi chunks in world 'minecraft:the_end' in 0.00s
[01:29:59 INFO]: [ChunkHolderManager] Waiting 60s for chunk I/O to halt for world 'minecraft:the_end'
[01:29:59 INFO]: [ChunkHolderManager] Halted I/O scheduler for world 'minecraft:the_end'
[01:29:59 INFO]: ThreadedAnvilChunkStorage (world): All chunks are saved
[01:29:59 INFO]: ThreadedAnvilChunkStorage (DIM-1): All chunks are saved
[01:29:59 INFO]: ThreadedAnvilChunkStorage (DIM1): All chunks are saved
[01:29:59 INFO]: ThreadedAnvilChunkStorage: All dimensions are saved
[01:29:59 INFO]: Waiting for all RegionFile I/O tasks to complete...
[01:29:59 INFO]: All RegionFile I/O tasks to complete
[01:29:59 INFO]: [MoonriseCommon] Awaiting termination of worker pool for up to 60s...
[01:29:59 INFO]: [MoonriseCommon] Awaiting termination of I/O pool for up to 60s...
