Downloading mojang_26.1.2.jar
Applying patches
Starting org.bukkit.craftbukkit.Main
[14:48:55 INFO]: [bootstrap] Running Java 25 (OpenJDK 64-Bit Server VM 25.0.3+9-LTS; Eclipse Adoptium Temurin-25.0.3+9) on Windows 11 10.0 (amd64)
[14:48:55 INFO]: [bootstrap] Loading Paper 26.1.2-74-ver/26.1.2@e4e17fc (2026-07-06T16:51:09Z) for Minecraft 26.1.2
[14:48:55 WARN]: [oshi.driver.windows.perfmon.PerfmonDisabled] Invalid registry value type detected for PerfOS counters. Should be REG_DWORD. Ignoring: HKEY_LOCAL_MACHINE\SYSTEM\CurrentControlSet\Services\PerfOS\Performance\Disable Performance Counters.
[14:48:55 INFO]: [PluginInitializerManager] Initializing plugins...
[14:48:55 INFO]: [PluginInitializerManager] Initialized 3 plugins
[14:48:55 INFO]: [PluginInitializerManager] Bukkit plugins (3):
 - LuckPerms (5.5.71), MaddPrestige (2.0.0-rc.1), Phase8D-Harness (1.0.0)
WARNING: A terminally deprecated method in sun.misc.Unsafe has been called
WARNING: sun.misc.Unsafe::objectFieldOffset has been called by org.joml.MemUtil$MemUtilUnsafe (file:/<USER>/Documents/MC%20Development/MaddPrestige-Phase8/qualification/phase8d-paper-harness/target/phase8f-a76-or2-runtime/libraries/org/joml/joml/1.10.8/joml-1.10.8.jar)
WARNING: Please consider reporting this to the maintainers of class org.joml.MemUtil$MemUtilUnsafe
WARNING: sun.misc.Unsafe::objectFieldOffset will be removed in a future release
[14:48:57 INFO]: Environment: Environment[sessionHost=https://sessionserver.mojang.com, servicesHost=https://api.minecraftservices.com, profilesHost=https://api.mojang.com, name=PROD]
[14:48:57 INFO]: Found new data pack file/bukkit, loading it automatically
[14:48:57 INFO]: Found new data pack paper, loading it automatically
[14:48:57 INFO]: No existing world data, creating new world
[14:48:58 INFO]: Loaded 1515 recipes
[14:48:58 INFO]: Loaded 1617 advancements
[14:48:58 INFO]: [ca.spottedleaf.dataconverter.minecraft.datatypes.MCTypeRegistry] Initialising converters for DataConverter...
[14:48:58 INFO]: [ca.spottedleaf.dataconverter.minecraft.datatypes.MCTypeRegistry] Finished initialising converters for DataConverter in 160.6ms
[14:48:58 INFO]: Starting minecraft server version 26.1.2
[14:48:58 INFO]: Loading properties
[14:48:58 INFO]: This server is running Paper version 26.1.2-74-ver/26.1.2@e4e17fc (2026-07-06T16:51:09Z) (Implementing API version 26.1.2.build.74-stable)
[14:48:58 INFO]: [spark] This server bundles the spark profiler. For more information please visit https://docs.papermc.io/paper/profiling
[14:48:58 INFO]: Server Ping Player Sample Count: 12
[14:48:58 INFO]: Using 4 threads for Netty based IO
[14:48:58 INFO]: [MoonriseCommon] Paper is using 2 worker threads, 1 I/O threads
[14:48:58 INFO]: Default game type: SURVIVAL
[14:48:58 INFO]: Generating keypair
> > > > > > > [14:48:58 INFO]: Starting Minecraft server on *:25579

[14:48:58 INFO]: Paper: Using Java compression from Velocity.

[14:48:58 INFO]: Paper: Using Java cipher from Velocity.

[14:48:58 INFO]: [LuckPerms] Loading server plugin LuckPerms v5.5.71

[14:49:00 INFO]: [LuckPerms] Loading configuration...

[14:49:00 INFO]: [MaddPrestige] Loading server plugin MaddPrestige v2.0.0-rc.1

[14:49:00 INFO]: [Phase8D-Harness] Loading server plugin Phase8D-Harness v1.0.0

[14:49:00 INFO]: [LuckPerms] Enabling LuckPerms v5.5.71

[14:49:00 INFO]:         __

[14:49:00 INFO]:   |    |__)   LuckPerms v5.5.71

[14:49:00 INFO]:   |___ |      Running on Bukkit - Paper

[14:49:00 INFO]:

[14:49:00 INFO]: [LuckPerms] Loading storage provider... [H2]

[14:49:00 INFO]: [LuckPerms] Loading internal permission managers...

[14:49:00 INFO]: [LuckPerms] Performing initial data load...

[14:49:00 INFO]: [LuckPerms] Successfully enabled. (took 415ms)

[14:49:00 WARN]: **** SERVER IS RUNNING IN OFFLINE/INSECURE MODE!

[14:49:00 WARN]: The server will make no attempt to authenticate usernames. Beware.

[14:49:00 WARN]: While this makes the game possible to play without internet access, it also opens up the ability for hackers to connect with any username they choose.

[14:49:00 WARN]: To change this, set "online-mode" to "true" in the server.properties file.

[14:49:01 INFO]: Preparing level "phase8f-a76-or2-world"

[14:49:01 INFO]: Selecting spawn point for level 'minecraft:overworld'...

[14:49:03 INFO]: Selecting spawn point for level 'minecraft:the_nether'...

[14:49:04 INFO]: Selecting spawn point for level 'minecraft:the_end'...

[14:49:04 INFO]: Loading 0 persistent chunks for level 'minecraft:overworld'...

[14:49:04 INFO]: Preparing spawn area: 100%

[14:49:04 INFO]: Prepared spawn area in 3117 ms

[14:49:04 INFO]: Loading 0 persistent chunks for level 'minecraft:the_nether'...

[14:49:04 INFO]: Preparing spawn area: 100%

[14:49:04 INFO]: Prepared spawn area in 362 ms

[14:49:04 INFO]: Loading 0 persistent chunks for level 'minecraft:the_end'...

[14:49:04 INFO]: Preparing spawn area: 100%

[14:49:04 INFO]: Prepared spawn area in 99 ms

[14:49:04 INFO]: Done preparing level "phase8f-a76-or2-world" (3.306s)

[14:49:04 INFO]: [MaddPrestige] Enabling MaddPrestige v2.0.0-rc.1

[14:49:04 INFO]: [MaddPrestige] MaddPrestige V2 2.0.0-rc.1 release candidate ready; configuration is safely dormant; startup recovery inspected 0 operation(s).

[14:49:04 INFO]: [Phase8D-Harness] Enabling Phase8D-Harness v1.0.0

[14:49:04 INFO]: [spark] Starting background profiler...

[14:49:04 INFO]: [spark] The async-profiler engine is not supported for your os/arch (windows11/amd64), so the built-in Java engine will be used instead.

[14:49:04 INFO]: Saving chunks for level 'ServerLevel[phase8f-a76-or2-world]'/minecraft:overworld

[14:49:04 INFO]: Saving chunks for level 'ServerLevel[phase8f-a76-or2-world]'/minecraft:the_nether

[14:49:04 INFO]: Saving chunks for level 'ServerLevel[phase8f-a76-or2-world]'/minecraft:the_end

[14:49:04 INFO]: ThreadedAnvilChunkStorage (world): All chunks are saved

[14:49:04 INFO]: ThreadedAnvilChunkStorage (DIM-1): All chunks are saved

[14:49:04 INFO]: ThreadedAnvilChunkStorage (DIM1): All chunks are saved

[14:49:04 INFO]: ThreadedAnvilChunkStorage: All dimensions are saved

[14:49:04 INFO]: Running delayed init tasks

[14:49:04 INFO]: Done (10.215s)! For help, type "help"

[14:49:04 INFO]: *************************************************************************************

[14:49:04 INFO]: This is the first time you're starting this server.

[14:49:04 INFO]: It's recommended you read our 'Getting Started' documentation for guidance.

[14:49:04 INFO]: View this and more helpful information here: https://docs.papermc.io/paper/next-steps

[14:49:04 INFO]: *************************************************************************************

[14:49:05 WARN]: *************************************************************************************

[14:49:05 WARN]: You are running the latest build for your Minecraft version (26.1.2)

[14:49:05 WARN]: However, you are 2 release(s) behind the latest stable release (26.2)!

[14:49:05 WARN]: It is recommended that you update as soon as possible

[14:49:05 WARN]: https://papermc.io/downloads/paper

[14:49:05 WARN]: *************************************************************************************

[14:49:06 INFO]: [Phase8D-Harness] PHASE8D-Q PASS 1 fresh SQLite/server directory published the exact production services in dormant mode

[14:49:06 INFO]: [LP] Another command is being executed, waiting for it to finish...

[14:49:06 INFO]: [LP] Another command is being executed, waiting for it to finish...

[14:49:06 INFO]: [LP] member was successfully created.

[14:49:06 INFO]: [LP] adventurer was successfully created.

[14:49:06 INFO]: [LP] veteran was successfully created.

[14:49:06 INFO]: [Phase8D-Harness] PHASE8D-Q PASS 2 administrator-created Member/Adventurer/Veteran groups exist; MaddPrestige created none

[14:49:07 INFO]: [Phase8D-Harness] PHASE8D-Q PASS 3 public Quick Start discovery succeeded

[14:49:07 INFO]: [Phase8D-Harness] PHASE8D-Q PASS 4 public setup session started

[14:49:07 INFO]: [Phase8D-Harness] PHASE8D-Q PASS 5 current-session LuckPerms provider selected without UUID repetition

[14:49:07 INFO]: [Phase8D-Harness] PHASE8D-Q PASS 6 Member baseline stage added through the guided form

[14:49:07 INFO]: [Phase8D-Harness] PHASE8D-Q PASS 7 Adventurer stage added through the guided form

[14:49:07 INFO]: [Phase8D-Harness] PHASE8D-Q PASS 8 Veteran stage added through the guided form

[14:49:07 INFO]: [Phase8D-Harness] PHASE8D-Q PASS 9 Member baseline selected through the guided form

[14:49:07 INFO]: [Phase8D-Harness] PHASE8D-Q PASS 10 typed 60-second current-Prestige requirement generated for Adventurer

[14:49:07 INFO]: [Phase8D-Harness] PHASE8D-Q PASS 11 typed 180-second current-Prestige requirement generated for Veteran

[14:49:07 INFO]: [Phase8D-Harness] PHASE8D-Q PASS 12 contextual Prestige syntax configured Veteran eligibility and Member reset

[14:49:08 INFO]: [Phase8D-Harness] PHASE8D-Q PASS 13 guided setup preview independently validated the exact three-stage profile

[14:49:08 INFO]: [Phase8D-Harness] PHASE8D-Q PASS 14 activation risk was explicitly acknowledged using the server token

[14:49:08 INFO]: [Phase8D-Harness] PHASE8D-Q PASS 15 exact acknowledged profile applied as r_d4b7d31c54234965a9333b5aa5083268

[14:49:08 INFO]: [Phase8D-Harness] PHASE8D-Q PASS 16 Doctor reported the active profile healthy

[14:49:08 INFO]: [Phase8D-Harness] PHASE8D-Q PASS 17 fresh stable playerProgress established durable state and real LuckPerms Member projection

[14:49:08 INFO]: [Phase8D-Harness] PHASE8D-Q PASS 18 repeated lifecycle establishment was idempotent with no duplicate projection mutation

[14:49:09 INFO]: [Phase8D-Harness] PHASE8D-Q PASS 19 durable Member insufficient Adventurer and Why were actionable with zero effects

[14:49:09 INFO]: [Phase8D-Harness] PHASE8D-Q PASS 20 brand-new Why ingress established real Member before explaining progress

[14:49:09 INFO]: [Phase8D-Harness] PHASE8D-Q PASS 21 brand-new preview ingress established real Member before returning its result

[14:49:09 INFO]: [Phase8D-Harness] PHASE8D-Q PASS 22 brand-new progression operation ingress established real Member before blocking

[14:49:10 INFO]: [Phase8D-Harness] PHASE8D-Q PASS 23 offline rank path completed Member to Adventurer exactly once with one LP managed group

[14:49:10 INFO]: [Phase8D-Harness] PHASE8D-Q PASS 24 below 180 seconds Veteran request failed with exact Why evidence and zero effects

[14:49:11 INFO]: [Phase8D-Harness] PHASE8D-Q PASS 25 Adventurer advanced to Veteran exactly once with coherent LP and durable history

[14:49:11 INFO]: [Phase8D-Harness] PHASE8D-Q PASS 26 Prestige incremented once, reset Member/LP/baseline, preserved Paper statistic/history

[14:49:11 INFO]: [Phase8D-Harness] PHASE8D-Q PASS 27 facade exposes no caller idempotency token; repeated terminal request produced no duplicate effect

[14:49:11 INFO]: [Phase8D-Harness] PHASE8D-Q PASS 28 supported offline UUID statistic/rank/projection path completed deterministically without a client

[14:49:11 INFO]: [Phase8D-Harness] PHASE8D-Q PASS 29 fresh-boot evidence sealed for unchanged restart

[14:49:11 INFO]: [Phase8D-Harness] PHASE8D-Q FIRST-BOOT COMPLETE revision=r_d4b7d31c54234965a9333b5aa5083268 pass-count=29
> > > > > > > > > > > > > > > > > > > > > > > > > > > > > > > > > > > > > > > > > > > > > > > > > > > > > > > > > > > > > > > > > > > > > > > > > > > > > > > > > > > > > > > > > > > > > > > > > > > > > > > > > > > > > > > > > > > > > > > > > > > > > > > > > > > > > > > > > > > > > > > > > > > > > > > > > > > > > > > > > > > > > > > > > > > > > > > > > > > > > > > > > > > > > > > > > > > > > > > > > > > > > > > > > > > > > > > > > > > > > > > > > > > > > > > > > > > > > > > > > > > > > > > > > > > > > > > > > > > > > > > > > > > > > > > > > > > > > > > > > > > > > > > > > > > > > > > > > > > > > > > > > > > > > > > > > > > > > > > > > > > > > > > > > > > > > > > > > > > > > > > > > > > > > > > > > > > > > > > > > > > > > > > > > > > > > > > > > > > > > > > > > > > > > > > > > > > > > > > > > > > > > > > > > > > > > > > > > > > > > > > > > > > > > > > > > > > > > > > > > > > > > > > > > > > > > > > > > > > > > > > > > > > > > > > > > > > > > > > > > > > > > > > > > > > > > > > > > > > > > > > > > > > > > > > > > > > > > > > > > > > > > > > > > > > > > > > > > > > > > > > > > > > > > > > > > > > > > > > > > > > > > > > > > > > > > > > > > > > > > > > > > > > > > > > > > > > > > > > > > > > > > > > > > > > > > > > > > > > > > > > > > > > > > > > > > > > > > > > > > > > > > > > > > > > > > > > > > > > > > > > > > > > > > > > > > > > > > > > > > > > > > > > > > > > > > > > > > > > > > > > > > > > > > > > > > > > > > > > > > > > > > > > > > > > > > > > > > > > > > > > > > > > > > > > > > > > > > > > > > > > > > > > > > > > > > > > > > > > > > > > > > > > > > > > > > > > > > > > > > > > > > > > > > > > > > > > > > > > > > > > > > > > > > > > > > > > > > > > > > > > > > > > > > > > > > > > > > > > > > > > > > > > > > > > > > > > > > > > > > > > > > > > > > > > > > > > > > > > > > > > > > > > > > > > > > > > > > > > > > > > > > > > > > > > > > > > > > > > > > > > > > > > > > > > > > > > > > > > > > > > > > > > > > > > > > > > > > > > > > > > > > > > > > > > > > > > > > > > > > > > > > > > > > > > > > > > > > > > > > > > > > > > > > > > > > > > > > > > > > > > > > > > > > > > > > > > > > > > > > > > > > > > > > > > > > > > > > > > > > > > > > > > > > > > > > > > > > > > > > > > > > > > > > > > > > > > > > > > > > > > > > > > > > > > > > > > > > > > > > > > > > > > > > > > > > > > > > > > > > > > > > > > > > > > > > > > > > > > > > > > > > > > > > > > > > > > > > > > > > > > > > > > > > > > > > > > > > > > > > > > > > > > > > > > > > > > > > > > > > > > > > > > > > > > > > > > > > > > > > > > > > > > > > > > > > > > > > > > > > > > > > > > > > > > > > > > > > > > > > > > > > > > > > > > > > > > > > > > > > > > > > > > > > > > > > > > > > > > > > > > > > > > > > > > > > > > > > > > > > > > > > > > > > > > > > > > > > > > > > > > > > > > > > > > > > > > > > > > > > > > > > > > > > > > > > > > > > > > > > > > > > > > > > > > > > > > > > > > > > > > > > > > > > > > > > > > > > > > > > > > > > > > > > > > > > > > > > > > > > > > > > > > > > > > > > > > > > > > > > > > > > > > > > > > > > > > > > > > > > > > > > > > > > > > > > > > > > > > > > > > > > > > > > > > > > > > > > > > > > > > > > > > > > > > > > > > > > > > > > > > > > > > > > > > > > > > > > > > > > > > > > > > > > > > > > > > > > > > > > > > > > > > > > > > > > > > > > > > > > > > > > > > > > > > > > > > > > > > > > > > > > > > > > > > > > > > > > > > > > > > > > > > > > > > > > > > > > > > > > > > > > > > > > > > > > > > > > > > > > > > > > > > > > > > > > > > > > > > > > > > > > > > > > > > > > > > > > > > > > > > > > > > > > > > > > > > > > > > > > > > > > > > > > > > > > > > > > > > > > > > > > > > > > > > > > > > > > > > > > > > > > > > > > > > > > > > > > > > > > > > > > > > > > > > > > > > > > > > > > > > > > > > > > > > > > > > > > > > > > > > > > > > > > > > > > > > > > > > > > > > > > > > > > > > > > > > > > > > > > > > > > > > > > > > > > > > > > > > > > > > > > > > > > > > > > > > > > > > > > > > > > > > > > > > > > > > > > > > > > > > > > > > > > > > > > > > > > > > > > > > > > > > > > > > > > > > > > > > > > > > > > > > > > > > > > > > > > > > > > > > > > > > > > > > > > > > > > > > > > > > > > > > > > > > > > > > > > > > > > > > > > > > > > > > > > > > > > > > > > > > > > > > > > > > > > > > > > > > > > > > > > > > > > > > > > > > > > > > > > > > > > > > > > > > > > > > > > > > > > > > > > > > > > > > > > > > > > > > > > > > > > > > > > > > > > > > > > > > > > > > > > > > > > > > > > > > > > > > > > > > > > > > > > > > > > > > > > > > > > > > > > > > > > > > > > > > > > > > > > > > > > > > > > > > > > > > > > > > > > > > > > > > > > > > > > > > > > > > > > > > > > > > > > > > > > > > > > > > > > > > > > > > > > > > > > > > > > > > > > > > > > > > > > > > > > > > > > > > > > > > > > > > > > > > > > > > > > > > > > > > > > > > > > > > > > > > > > > > > > > > > > > > > > > > > > > > > > > > > > > > > > > > > > > > > > > > > > > > > > > > > > > > > > > > > > > > > > > > > > > > > > > > > > > > > > > > > > > > > > > > > > > > > > > > > > > > > > > > > > > > > > > > > > > > > > > > > > > > > > > > > > > > > > > > > > > > > > > > > > > > > > > > > > > > > > > > > > > > > > > > > > > > > > > > > > > > > > > > > > > > > > > > > > > > > > > > > > > > > > > > > > > > > > > > > > > > > > > > > > > > > > > > > > > > > > > > > > > > > > > > > > > > > > > > > > > > > > > > > > > > > > > > > > > > > > > > > > > > > > > > > > > > > > > > > > > > > > > > > > > > > > > > > > > > > > > > > > > > > > > > > > > > > > > > > > > > > > > > > > > > > > > > > > > > > > > > > > > > > > > > > > > > > > > > > > > > > > > > > > > > > > > > > > > > > > > > > > > > > > > > > > > > > > > > > > > > > > > > > > > > > > > > > > > > > > > > > > > > > > > > > > > > > > > > > > > > > > > > > > > > > > > > > > > > > > > > > > > > > > > > > > > > > > > > > > > > > > > > > > > > > > > > > > > > > > > > > > > > > > > > > > > > > > > > > > > > > > > > > > > > > > > > > > > > > > > > > > > > > > > > > > > > > > > > > > > > > > > > > > > > > > > > > > > > > > > > > > > > > > > > > > > > > > > > > > > > > > > > > > > > > > > > > > > > > > > > > > > > > > > > > > > > > > > > > > > > > > > > > > > > > > > > > > > > > > > > > > > > > > > > > > > > > > > > > > > > > > > > > > > > > > > > > > > > > > > > > > > > > > > > > > > > > > > > > > > > > > > > > > > > > > > > > > > > > > > > > > > > > > > > > > > > > > > > > > > > > > > > > > > > > > > > > > > > > > > > > > > > > > > > > > > > > > > > > > > > > > > > > > > > > > > > > > > > > > > > > > > > > > > > > > > > > > > > > > > > > > > > > > > > > > > > > > > > > > > > > > > > > > > > > > > > > > > > > > > > > > > > > > > > > > > > > > > > > > > > > > > > > > > > > > > > > > > > > > > > > > > > > > > > > > > > > > > > > > > > > > > > > > > > > > > > > > > > > > > > > > > > > > > > > > > > > > > > > > > > > > > > > > > > > > > > > > > > > > > > > > > > > > > > > > > > > > > > > > > > > > > > > > > > > > > > > > > > > > > > > > > > > > > > > > > > > > > > > > > > > > > > > > > > > > > > > > > > > > > > > > > > > > > > > > > > > > > > > > > > > > > > > > > > > > > > > > > > > > > > > > > > > > > > > > > > > > > > > > > > > > > > > > > > > > > > > > > > > > > > > > > > > > > > > > > > > > > > > > > > > > > > > > > > > > > > > > > > > > > > > > > > > > > > > > > > > > > > > > > > > > > > > > > > > > > > > > > > > > > > > > > > > > > > > > > > > > > > > > > > > > > > > > > > > > > > > > > > > > > > > > > > > > > > > > > > > > > > > > > > > > > > > > > > > > > > > > > > > > > > > > > > > > > > > > > > > > > > > > > > > > > > > > > > > > > > > > > > > > > > > > > > > > > > > > > > > > > > > > > > > > > > > > > > > > > > > > > > > > > > > > > > > > > > > > > > > > > > > > > > > > > > > > > > > > > > > > > > > > > > > > > > > > > > > > > > > > > > > > > > > > > > > > > > > > > > > > > > > > > > > > > > > > > > > > > > > > > > > > > > > > > > > > > > > > > > > > > > > > > > > > > > > > > > > > > > > > > > > > > > > > > > > > > > > > > > > > > > > > > > > > > > > > > > > > > > > > > > > > > > > > > > > > > > > > > > > > > > > > > > > > > > > > > > > > > > > > > > > > > > > > > > > > > > > > > > > > > > > > > > > > > > > > > > > > > > > > > > > > > > > > > > > > > > > > > > > > > > > > > > > > > > > > > > > > > > > > > > > > > > > > > > > > > > > > > > > > > > > > > > > > > > > > > > > > > > > > > > > > > > > > > > > > > > > > > > > > > > > > > > > > > > > > > > > > > > > > > > > > > > > > > > > > > > > > > > > > > > > > > > > > > > > > > > > > > > > > > > > > > > > > > > > > > > > > > > > > > > > > > > > > > > > > > > > > > > > > > > > > > > > > > > > > > > > > > > > > > > > > > > > > > > > > > > > > > > > > > > > > > > > > > > > > > > > > > > > > > > > > > > > > > > > > > > > > > > > > > > > > > > > > > > > > > > > > > > > > > > > > > > > > > > > > > > > > > > > > > > > > > > > > > > > > > > > > > > > > > > > > > > > > > > > > > > > > > > > > > > > > > > > > > > > > > > > > > > > > > > > > > > > > > > > > > > > > > > > > > > > > > > > > > > > > > > > > > > > > > > > > > > > > > > > > > > > > > > > > > > > > > > > > > > > > > > > > > > > > > > > > > > > > > > > > > > > > > > > > > > > > > > > > > > > > > > > > > > > > > > > > > > > > > > > > > > > > > > > > > > > > > > > > > > > > > > > > > > > > > > > > > > > > > > > > > > > > > > > > > > > > > > > > > > > > > > > > > > > > > > > > > > > > > > > > > > > > > > > > > > > > > > > > > > > > > > > > > > > > > > > > > > > > > > > > > > > > > > > > > > > > > > > > > > > > > > > > > > > > > > > > > > > > > > > > > > > > > > > > > > > > > > > > > > > > > > > > > > > > > > > > > > > > > > > > > > > > > > > > > > > > > > > > > > > > > > > > > > > > > > > > > > > > > > > > > > > > > > > > > > > > > > > > > > > > > > > > > > > > > > > > > > > > > > > > > > > > > > > > > > > > > > > > > > > > > > > > > > > > > > > > > > > > > > > > > > > > > > > > > > > > > > > > > > > > > > > > > > > > > > > > > > > > > > > > > > > > > > > > > > > > > > > > > > > > > > > > > > > > > > > > > > > > > > > > > > > > > > > > > > > > > > > > > > > > > > > > > > > > > > > > > > > > > > > > > > > > > > > > > > > > > > > > > > > > > > > > > > > > > > > > > > > > > > > > > > > > > > > > > > > > > > > > > > > > > > > > > > > > > > > > > > > > > > > > > > > > > > > > > > > > > > > > > > > > > > > > > > > > > > > > > > > > > > > > > > > > > > > > > > > > > > > > > > > > > > > > > > > > > > > > > > > > > > > > > > > > > > > > > > > > > > > > > > > > > > > > > > > > > > > > > > > > > > > > > > > > > > > > > > > > > > > > > > > > > > > > > > > > > > > > > > > > > > > > > > > > > > > > > > > > > > > > > > > > > > > > > > > > > > > > > > > > > > > > > > > > > > > > > > > > > > > > > > > > > > > > > > > > > > > > > > > > > > > > > > > > > > > > > > > > > > > > > > > > > > > > > > > > > > > > > > > > > > > > > > > > > > > > > > > > > > > > > > > > > > > > > > > > > > > > > > > > > > > > > > > > > > > > > > > > > > > > > > > > > > > > > > > > > > > > > > > > > > > > > > > > > > > > > > > > > > > > > > > > > > > > > > > > > > > > > > > > > > > > > > > > > > > > > > > > > > > > > > > > > > > > > > > > > > > > > > > > > > > > > > > > > > > > > > > > > > > > > > > > > > > > > > > > > > > > > > > > > > > > > > > > > > > > > > > > > > > > > > > > > > > > > > > > > > > > > > > > > > > > > > > > > > > > > > > > > > > > > > > > > > > > > > > > > > > > > > > > > > > > > > > > > > > > > > > > > > > > > > > > > > > > > > > > > > > > > > > > > > > > > > > > > > > > > > > > > > > > > > > > > > > > > > > > > > > > > > > > > > > > > > > > > > > > > > > > > > > > > > > > > > > > > > > > > > > > > > > > > > > > > > > > > > > > > > > > > > > > > > > > > > > > > > > > > > > > > > > > > > > > > > > > > > > > > > > > > > > > > > > > > > > > > > > > > > > > > > > > > > > > > > > > > > > > > > > > > > > > > > > > > > > > > > > > > > > > > > > > > > > > > > > > > > > > > > > > > > > > > > > > > > > > > > > > > > > > > > > > > > > > > > > > > > > > > > > > > > > > > > > > > > > > > > > > > > > > > > > > > > > > > > > > > > > > > > > > > > > > > > > > > > > > > > > > > > > > > > > > > > > > > > > > > > > > > > > > > > > > > > > > > > > > > > > > > > > > > > > > > > > > > > > > > > > > > > > > > > > > > > > > > > > > > > > > > > > > > > > > > > > > > > > > > > > > > > > > > > > > > > > > > > > > > [14:49:12 INFO]: Stopping server
[14:49:12 INFO]: [Phase8D-Harness] Disabling Phase8D-Harness v1.0.0
[14:49:12 INFO]: [Phase8D-Harness] PHASE8D-Q shutdown pass-count=29
[14:49:12 INFO]: [MaddPrestige] Disabling MaddPrestige v2.0.0-rc.1
[14:49:12 INFO]: [LuckPerms] Disabling LuckPerms v5.5.71
[14:49:12 INFO]: [LuckPerms] Starting shutdown process...
[14:49:12 INFO]: [LuckPerms] Closing storage...
[14:49:12 INFO]: [LuckPerms] Goodbye!
[14:49:12 INFO]: Saving players
[14:49:12 INFO]: Saving worlds
[14:49:12 INFO]: Saving chunks for level 'ServerLevel[phase8f-a76-or2-world]'/minecraft:overworld
[14:49:12 INFO]: [ChunkHolderManager] Waiting 60s for chunk system to halt for world 'minecraft:overworld'
[14:49:12 INFO]: [ChunkHolderManager] Halted chunk system for world 'minecraft:overworld'
[14:49:12 INFO]: [ChunkHolderManager] Saving all chunkholders for world 'minecraft:overworld'
[14:49:12 INFO]: [ChunkHolderManager] Saved 0 block chunks, 0 entity chunks, 0 poi chunks in world 'minecraft:overworld' in 0.00s
[14:49:12 INFO]: [ChunkHolderManager] Waiting 60s for chunk I/O to halt for world 'minecraft:overworld'
[14:49:12 INFO]: [ChunkHolderManager] Halted I/O scheduler for world 'minecraft:overworld'
[14:49:12 INFO]: Saving chunks for level 'ServerLevel[phase8f-a76-or2-world]'/minecraft:the_nether
[14:49:12 INFO]: [ChunkHolderManager] Waiting 60s for chunk system to halt for world 'minecraft:the_nether'
[14:49:12 INFO]: [ChunkHolderManager] Halted chunk system for world 'minecraft:the_nether'
[14:49:12 INFO]: [ChunkHolderManager] Saving all chunkholders for world 'minecraft:the_nether'
[14:49:12 INFO]: [ChunkHolderManager] Saved 0 block chunks, 0 entity chunks, 0 poi chunks in world 'minecraft:the_nether' in 0.00s
[14:49:12 INFO]: [ChunkHolderManager] Waiting 60s for chunk I/O to halt for world 'minecraft:the_nether'
[14:49:12 INFO]: [ChunkHolderManager] Halted I/O scheduler for world 'minecraft:the_nether'
[14:49:12 INFO]: Saving chunks for level 'ServerLevel[phase8f-a76-or2-world]'/minecraft:the_end
[14:49:12 INFO]: [ChunkHolderManager] Waiting 60s for chunk system to halt for world 'minecraft:the_end'
[14:49:12 INFO]: [ChunkHolderManager] Halted chunk system for world 'minecraft:the_end'
[14:49:12 INFO]: [ChunkHolderManager] Saving all chunkholders for world 'minecraft:the_end'
[14:49:12 INFO]: [ChunkHolderManager] Saved 0 block chunks, 0 entity chunks, 0 poi chunks in world 'minecraft:the_end' in 0.00s
[14:49:12 INFO]: [ChunkHolderManager] Waiting 60s for chunk I/O to halt for world 'minecraft:the_end'
[14:49:12 INFO]: [ChunkHolderManager] Halted I/O scheduler for world 'minecraft:the_end'
[14:49:12 INFO]: ThreadedAnvilChunkStorage (world): All chunks are saved
[14:49:12 INFO]: ThreadedAnvilChunkStorage (DIM-1): All chunks are saved
[14:49:12 INFO]: ThreadedAnvilChunkStorage (DIM1): All chunks are saved
[14:49:12 INFO]: ThreadedAnvilChunkStorage: All dimensions are saved
[14:49:12 INFO]: Waiting for all RegionFile I/O tasks to complete...
[14:49:12 INFO]: All RegionFile I/O tasks to complete
[14:49:12 INFO]: [MoonriseCommon] Awaiting termination of worker pool for up to 60s...
[14:49:12 INFO]: [MoonriseCommon] Awaiting termination of I/O pool for up to 60s...
