[INFO] Scanning for projects...
[INFO] ------------------------------------------------------------------------
[INFO] Reactor Build Order:
[INFO]
[INFO] MaddPrestige V2 Parent                                             [pom]
[INFO] MaddPrestige V2 API                                                [jar]
[INFO] MaddPrestige V2 Core                                               [jar]
[INFO] MaddPrestige V2 Persistence                                        [jar]
[INFO] MaddPrestige V2 Integration Contracts                              [jar]
[INFO] MaddPrestige V2 Paper Boundary                                     [jar]
[INFO] MaddPrestige V2 Testkit                                            [jar]
[INFO] MaddPrestige Distribution                                          [jar]
[INFO]
[INFO] -----------------< net.maddkraft:maddprestige-parent >------------------
[INFO] Building MaddPrestige V2 Parent 2.0.0-rc.1                         [1/8]
[INFO]   from pom.xml
[INFO] --------------------------------[ pom ]---------------------------------
[INFO]
[INFO] --- clean:3.2.0:clean (default-clean) @ maddprestige-parent ---
[INFO] Deleting <WORKSPACE>\target
[INFO]
[INFO] --- enforcer:3.6.2:enforce (phase1-build-invariants) @ maddprestige-parent ---
[INFO] Rule 0: org.apache.maven.enforcer.rules.version.RequireJavaVersion passed
[INFO] Rule 1: org.apache.maven.enforcer.rules.version.RequireMavenVersion passed
[INFO] Rule 2: org.apache.maven.enforcer.rules.dependency.DependencyConvergence passed
[INFO] Rule 3: org.apache.maven.enforcer.rules.BanDuplicatePomDependencyVersions passed
[INFO]
[INFO] --- jacoco:0.8.13:prepare-agent (prepare-agent) @ maddprestige-parent ---
[INFO] argLine set to "-javaagent:<USER_HOME>\\.m2\\repository\\org\\jacoco\\org.jacoco.agent\\0.8.13\\org.jacoco.agent-0.8.13-runtime.jar=destfile=<WORKSPACE>\\target\\jacoco.exec"
[INFO]
[INFO] --- checkstyle:3.6.0:check (checkstyle) @ maddprestige-parent ---
[INFO] You have 0 Checkstyle violations.
[INFO]
[INFO] --- jacoco:0.8.13:report (report) @ maddprestige-parent ---
[INFO] Skipping JaCoCo execution due to missing execution data file.
[INFO]
[INFO] --- cyclonedx:2.9.1:makeAggregateBom (phase1-sbom) @ maddprestige-parent ---
[INFO] CycloneDX: Resolving Aggregated Dependencies
[INFO] CycloneDX: Creating BOM version 1.6 with 74 component(s)
[INFO] CycloneDX: Writing and validating BOM (JSON): <WORKSPACE>\target\bom.json
[WARNING] Unknown keyword meta:enum - you should define your own Meta Schema. If the keyword is irrelevant for validation, just use a NonValidationKeyword or if it should generate annotations AnnotationKeyword
[WARNING] Unknown keyword deprecated - you should define your own Meta Schema. If the keyword is irrelevant for validation, just use a NonValidationKeyword or if it should generate annotations AnnotationKeyword
[INFO]            attaching as maddprestige-parent-2.0.0-rc.1-cyclonedx.json
[INFO]
[INFO] --- install:3.1.4:install (default-install) @ maddprestige-parent ---
[INFO] Installing <WORKSPACE>\pom.xml to <USER_HOME>\.m2\repository\net\maddkraft\maddprestige-parent\2.0.0-rc.1\maddprestige-parent-2.0.0-rc.1.pom
[INFO] Installing <WORKSPACE>\target\bom.json to <USER_HOME>\.m2\repository\net\maddkraft\maddprestige-parent\2.0.0-rc.1\maddprestige-parent-2.0.0-rc.1-cyclonedx.json
[INFO]
[INFO] -------------------< net.maddkraft:maddprestige-api >-------------------
[INFO] Building MaddPrestige V2 API 2.0.0-rc.1                            [2/8]
[INFO]   from maddprestige-api\pom.xml
[INFO] --------------------------------[ jar ]---------------------------------
[INFO]
[INFO] --- clean:3.2.0:clean (default-clean) @ maddprestige-api ---
[INFO] Deleting <WORKSPACE>\maddprestige-api\target
[INFO]
[INFO] --- enforcer:3.6.2:enforce (phase1-build-invariants) @ maddprestige-api ---
[INFO] Rule 2: org.apache.maven.enforcer.rules.dependency.DependencyConvergence passed
[INFO] Rule 3: org.apache.maven.enforcer.rules.BanDuplicatePomDependencyVersions passed
[INFO]
[INFO] --- jacoco:0.8.13:prepare-agent (prepare-agent) @ maddprestige-api ---
[INFO] argLine set to "-javaagent:<USER_HOME>\\.m2\\repository\\org\\jacoco\\org.jacoco.agent\\0.8.13\\org.jacoco.agent-0.8.13-runtime.jar=destfile=<WORKSPACE>\\maddprestige-api\\target\\jacoco.exec"
[INFO]
[INFO] --- resources:3.4.0:resources (default-resources) @ maddprestige-api ---
[INFO] skip non existing resourceDirectory <WORKSPACE>\maddprestige-api\src\main\resources
[INFO]
[INFO] --- compiler:3.14.1:compile (default-compile) @ maddprestige-api ---
[INFO] Recompiling the module because of changed source code.
[INFO] Compiling 114 source files with javac [debug parameters release 25] to target\classes
[INFO]
[INFO] --- resources:3.4.0:testResources (default-testResources) @ maddprestige-api ---
[INFO] skip non existing resourceDirectory <WORKSPACE>\maddprestige-api\src\test\resources
[INFO]
[INFO] --- compiler:3.14.1:testCompile (default-testCompile) @ maddprestige-api ---
[INFO] Recompiling the module because of changed dependency.
[INFO] Compiling 8 source files with javac [debug parameters release 25] to target\test-classes
[INFO]
[INFO] --- surefire:3.5.3:test (default-test) @ maddprestige-api ---
[INFO] Tests are skipped.
[INFO]
[INFO] --- jar:3.5.0:jar (default-jar) @ maddprestige-api ---
[INFO] Building jar: <WORKSPACE>\maddprestige-api\target\maddprestige-api-2.0.0-rc.1.jar
[INFO]
[INFO] --- checkstyle:3.6.0:check (checkstyle) @ maddprestige-api ---
[INFO] You have 0 Checkstyle violations.
[INFO]
[INFO] --- jacoco:0.8.13:report (report) @ maddprestige-api ---
[INFO] Skipping JaCoCo execution due to missing execution data file.
[INFO]
[INFO] --- cyclonedx:2.9.1:makeAggregateBom (phase1-sbom) @ maddprestige-api ---
[INFO] CycloneDX: Resolving Dependencies
[INFO] CycloneDX: Creating BOM version 1.6 with 0 component(s)
[INFO] CycloneDX: Writing and validating BOM (JSON): <WORKSPACE>\maddprestige-api\target\bom.json
[INFO]            attaching as maddprestige-api-2.0.0-rc.1-cyclonedx.json
[INFO]
[INFO] --- install:3.1.4:install (default-install) @ maddprestige-api ---
[INFO] Installing <WORKSPACE>\maddprestige-api\pom.xml to <USER_HOME>\.m2\repository\net\maddkraft\maddprestige-api\2.0.0-rc.1\maddprestige-api-2.0.0-rc.1.pom
[INFO] Installing <WORKSPACE>\maddprestige-api\target\maddprestige-api-2.0.0-rc.1.jar to <USER_HOME>\.m2\repository\net\maddkraft\maddprestige-api\2.0.0-rc.1\maddprestige-api-2.0.0-rc.1.jar
[INFO] Installing <WORKSPACE>\maddprestige-api\target\bom.json to <USER_HOME>\.m2\repository\net\maddkraft\maddprestige-api\2.0.0-rc.1\maddprestige-api-2.0.0-rc.1-cyclonedx.json
[INFO]
[INFO] ------------------< net.maddkraft:maddprestige-core >-------------------
[INFO] Building MaddPrestige V2 Core 2.0.0-rc.1                           [3/8]
[INFO]   from maddprestige-core\pom.xml
[INFO] --------------------------------[ jar ]---------------------------------
[INFO]
[INFO] --- clean:3.2.0:clean (default-clean) @ maddprestige-core ---
[INFO] Deleting <WORKSPACE>\maddprestige-core\target
[INFO]
[INFO] --- enforcer:3.6.2:enforce (phase1-build-invariants) @ maddprestige-core ---
[INFO] Rule 2: org.apache.maven.enforcer.rules.dependency.DependencyConvergence passed
[INFO] Rule 3: org.apache.maven.enforcer.rules.BanDuplicatePomDependencyVersions passed
[INFO]
[INFO] --- jacoco:0.8.13:prepare-agent (prepare-agent) @ maddprestige-core ---
[INFO] argLine set to "-javaagent:<USER_HOME>\\.m2\\repository\\org\\jacoco\\org.jacoco.agent\\0.8.13\\org.jacoco.agent-0.8.13-runtime.jar=destfile=<WORKSPACE>\\maddprestige-core\\target\\jacoco.exec"
[INFO]
[INFO] --- resources:3.4.0:resources (default-resources) @ maddprestige-core ---
[INFO] Copying 4 resources from src\main\resources to target\classes
[INFO]
[INFO] --- compiler:3.14.1:compile (default-compile) @ maddprestige-core ---
[INFO] Recompiling the module because of changed dependency.
[INFO] Compiling 311 source files with javac [debug parameters release 25] to target\classes
[WARNING] /<WORKSPACE>/maddprestige-core/src/main/java/net/maddkraft/maddprestige/core/admin/AdministrationException.java:[14,39] non-transient instance field of a serializable class declared with a non-serializable type
[WARNING] /<WORKSPACE>/maddprestige-core/src/main/java/net/maddkraft/maddprestige/core/admin/AdministrationException.java:[15,46] non-transient instance field of a serializable class declared with a non-serializable type
[WARNING] /<WORKSPACE>/maddprestige-core/src/main/java/net/maddkraft/maddprestige/core/admin/AdministrationException.java:[16,59] non-transient instance field of a serializable class declared with a non-serializable type
[INFO]
[INFO] --- resources:3.4.0:testResources (default-testResources) @ maddprestige-core ---
[INFO] Copying 2 resources from src\test\resources to target\test-classes
[INFO]
[INFO] --- compiler:3.14.1:testCompile (default-testCompile) @ maddprestige-core ---
[INFO] Recompiling the module because of changed dependency.
[INFO] Compiling 35 source files with javac [debug parameters release 25] to target\test-classes
[WARNING] /<WORKSPACE>/maddprestige-core/src/test/java/net/maddkraft/maddprestige/core/provider/ProviderRegistryTest.java:[102,28] auto-closeable resource ignored is never referenced in body of corresponding try statement
[WARNING] /<WORKSPACE>/maddprestige-core/src/test/java/net/maddkraft/maddprestige/core/provider/ProviderRegistryTest.java:[131,28] auto-closeable resource listener is never referenced in body of corresponding try statement
[WARNING] /<WORKSPACE>/maddprestige-core/src/test/java/net/maddkraft/maddprestige/core/provider/ProviderRegistryTest.java:[143,28] auto-closeable resource ignored is never referenced in body of corresponding try statement
[INFO]
[INFO] --- surefire:3.5.3:test (default-test) @ maddprestige-core ---
[INFO] Tests are skipped.
[INFO]
[INFO] --- jar:3.5.0:jar (default-jar) @ maddprestige-core ---
[INFO] Building jar: <WORKSPACE>\maddprestige-core\target\maddprestige-core-2.0.0-rc.1.jar
[INFO]
[INFO] --- checkstyle:3.6.0:check (checkstyle) @ maddprestige-core ---
[INFO] You have 0 Checkstyle violations.
[INFO]
[INFO] --- jacoco:0.8.13:report (report) @ maddprestige-core ---
[INFO] Skipping JaCoCo execution due to missing execution data file.
[INFO]
[INFO] --- cyclonedx:2.9.1:makeAggregateBom (phase1-sbom) @ maddprestige-core ---
[INFO] CycloneDX: Resolving Dependencies
[INFO] CycloneDX: Creating BOM version 1.6 with 2 component(s)
[INFO] CycloneDX: Writing and validating BOM (JSON): <WORKSPACE>\maddprestige-core\target\bom.json
[INFO]            attaching as maddprestige-core-2.0.0-rc.1-cyclonedx.json
[INFO]
[INFO] --- install:3.1.4:install (default-install) @ maddprestige-core ---
[INFO] Installing <WORKSPACE>\maddprestige-core\pom.xml to <USER_HOME>\.m2\repository\net\maddkraft\maddprestige-core\2.0.0-rc.1\maddprestige-core-2.0.0-rc.1.pom
[INFO] Installing <WORKSPACE>\maddprestige-core\target\maddprestige-core-2.0.0-rc.1.jar to <USER_HOME>\.m2\repository\net\maddkraft\maddprestige-core\2.0.0-rc.1\maddprestige-core-2.0.0-rc.1.jar
[INFO] Installing <WORKSPACE>\maddprestige-core\target\bom.json to <USER_HOME>\.m2\repository\net\maddkraft\maddprestige-core\2.0.0-rc.1\maddprestige-core-2.0.0-rc.1-cyclonedx.json
[INFO]
[INFO] ---------------< net.maddkraft:maddprestige-persistence >---------------
[INFO] Building MaddPrestige V2 Persistence 2.0.0-rc.1                    [4/8]
[INFO]   from maddprestige-persistence\pom.xml
[INFO] --------------------------------[ jar ]---------------------------------
[INFO]
[INFO] --- clean:3.2.0:clean (default-clean) @ maddprestige-persistence ---
[INFO] Deleting <WORKSPACE>\maddprestige-persistence\target
[INFO]
[INFO] --- enforcer:3.6.2:enforce (phase1-build-invariants) @ maddprestige-persistence ---
[INFO] Rule 2: org.apache.maven.enforcer.rules.dependency.DependencyConvergence passed
[INFO] Rule 3: org.apache.maven.enforcer.rules.BanDuplicatePomDependencyVersions passed
[INFO]
[INFO] --- jacoco:0.8.13:prepare-agent (prepare-agent) @ maddprestige-persistence ---
[INFO] argLine set to "-javaagent:<USER_HOME>\\.m2\\repository\\org\\jacoco\\org.jacoco.agent\\0.8.13\\org.jacoco.agent-0.8.13-runtime.jar=destfile=<WORKSPACE>\\maddprestige-persistence\\target\\jacoco.exec"
[INFO]
[INFO] --- resources:3.4.0:resources (default-resources) @ maddprestige-persistence ---
[INFO] skip non existing resourceDirectory <WORKSPACE>\maddprestige-persistence\src\main\resources
[INFO]
[INFO] --- compiler:3.14.1:compile (default-compile) @ maddprestige-persistence ---
[INFO] Recompiling the module because of changed dependency.
[INFO] Compiling 59 source files with javac [debug parameters release 25] to target\classes
[INFO]
[INFO] --- resources:3.4.0:testResources (default-testResources) @ maddprestige-persistence ---
[INFO] skip non existing resourceDirectory <WORKSPACE>\maddprestige-persistence\src\test\resources
[INFO]
[INFO] --- compiler:3.14.1:testCompile (default-testCompile) @ maddprestige-persistence ---
[INFO] Recompiling the module because of changed dependency.
[INFO] Compiling 19 source files with javac [debug parameters release 25] to target\test-classes
[INFO]
[INFO] --- surefire:3.5.3:test (default-test) @ maddprestige-persistence ---
[INFO] Tests are skipped.
[INFO]
[INFO] --- jar:3.5.0:jar (default-jar) @ maddprestige-persistence ---
[INFO] Building jar: <WORKSPACE>\maddprestige-persistence\target\maddprestige-persistence-2.0.0-rc.1.jar
[INFO]
[INFO] --- checkstyle:3.6.0:check (checkstyle) @ maddprestige-persistence ---
[INFO] You have 0 Checkstyle violations.
[INFO]
[INFO] --- jacoco:0.8.13:report (report) @ maddprestige-persistence ---
[INFO] Skipping JaCoCo execution due to missing execution data file.
[INFO]
[INFO] --- cyclonedx:2.9.1:makeAggregateBom (phase1-sbom) @ maddprestige-persistence ---
[INFO] CycloneDX: Resolving Dependencies
[INFO] CycloneDX: Creating BOM version 1.6 with 4 component(s)
[INFO] CycloneDX: Writing and validating BOM (JSON): <WORKSPACE>\maddprestige-persistence\target\bom.json
[INFO]            attaching as maddprestige-persistence-2.0.0-rc.1-cyclonedx.json
[INFO]
[INFO] --- install:3.1.4:install (default-install) @ maddprestige-persistence ---
[INFO] Installing <WORKSPACE>\maddprestige-persistence\pom.xml to <USER_HOME>\.m2\repository\net\maddkraft\maddprestige-persistence\2.0.0-rc.1\maddprestige-persistence-2.0.0-rc.1.pom
[INFO] Installing <WORKSPACE>\maddprestige-persistence\target\maddprestige-persistence-2.0.0-rc.1.jar to <USER_HOME>\.m2\repository\net\maddkraft\maddprestige-persistence\2.0.0-rc.1\maddprestige-persistence-2.0.0-rc.1.jar
[INFO] Installing <WORKSPACE>\maddprestige-persistence\target\bom.json to <USER_HOME>\.m2\repository\net\maddkraft\maddprestige-persistence\2.0.0-rc.1\maddprestige-persistence-2.0.0-rc.1-cyclonedx.json
[INFO]
[INFO] --------------< net.maddkraft:maddprestige-integrations >---------------
[INFO] Building MaddPrestige V2 Integration Contracts 2.0.0-rc.1          [5/8]
[INFO]   from maddprestige-integrations\pom.xml
[INFO] --------------------------------[ jar ]---------------------------------
[INFO]
[INFO] --- clean:3.2.0:clean (default-clean) @ maddprestige-integrations ---
[INFO] Deleting <WORKSPACE>\maddprestige-integrations\target
[INFO]
[INFO] --- enforcer:3.6.2:enforce (phase1-build-invariants) @ maddprestige-integrations ---
[INFO] Rule 2: org.apache.maven.enforcer.rules.dependency.DependencyConvergence passed
[INFO] Rule 3: org.apache.maven.enforcer.rules.BanDuplicatePomDependencyVersions passed
[INFO]
[INFO] --- jacoco:0.8.13:prepare-agent (prepare-agent) @ maddprestige-integrations ---
[INFO] argLine set to "-javaagent:<USER_HOME>\\.m2\\repository\\org\\jacoco\\org.jacoco.agent\\0.8.13\\org.jacoco.agent-0.8.13-runtime.jar=destfile=<WORKSPACE>\\maddprestige-integrations\\target\\jacoco.exec"
[INFO]
[INFO] --- resources:3.4.0:resources (default-resources) @ maddprestige-integrations ---
[INFO] Copying 1 resource from src\main\resources to target\classes
[INFO]
[INFO] --- compiler:3.14.1:compile (default-compile) @ maddprestige-integrations ---
[INFO] Recompiling the module because of changed dependency.
[INFO] Compiling 40 source files with javac [debug parameters release 25] to target\classes
[INFO]
[INFO] --- resources:3.4.0:testResources (default-testResources) @ maddprestige-integrations ---
[INFO] skip non existing resourceDirectory <WORKSPACE>\maddprestige-integrations\src\test\resources
[INFO]
[INFO] --- compiler:3.14.1:testCompile (default-testCompile) @ maddprestige-integrations ---
[INFO] Recompiling the module because of changed dependency.
[INFO] Compiling 10 source files with javac [debug parameters release 25] to target\test-classes
[INFO]
[INFO] --- surefire:3.5.3:test (default-test) @ maddprestige-integrations ---
[INFO] Tests are skipped.
[INFO]
[INFO] --- jar:3.5.0:jar (default-jar) @ maddprestige-integrations ---
[INFO] Building jar: <WORKSPACE>\maddprestige-integrations\target\maddprestige-integrations-2.0.0-rc.1.jar
[INFO]
[INFO] --- checkstyle:3.6.0:check (checkstyle) @ maddprestige-integrations ---
[INFO] You have 0 Checkstyle violations.
[INFO]
[INFO] --- jacoco:0.8.13:report (report) @ maddprestige-integrations ---
[INFO] Skipping JaCoCo execution due to missing execution data file.
[INFO]
[INFO] --- cyclonedx:2.9.1:makeAggregateBom (phase1-sbom) @ maddprestige-integrations ---
[INFO] CycloneDX: Resolving Dependencies
[INFO] CycloneDX: Creating BOM version 1.6 with 68 component(s)
[INFO] CycloneDX: Writing and validating BOM (JSON): <WORKSPACE>\maddprestige-integrations\target\bom.json
[INFO]            attaching as maddprestige-integrations-2.0.0-rc.1-cyclonedx.json
[INFO]
[INFO] --- install:3.1.4:install (default-install) @ maddprestige-integrations ---
[INFO] Installing <WORKSPACE>\maddprestige-integrations\pom.xml to <USER_HOME>\.m2\repository\net\maddkraft\maddprestige-integrations\2.0.0-rc.1\maddprestige-integrations-2.0.0-rc.1.pom
[INFO] Installing <WORKSPACE>\maddprestige-integrations\target\maddprestige-integrations-2.0.0-rc.1.jar to <USER_HOME>\.m2\repository\net\maddkraft\maddprestige-integrations\2.0.0-rc.1\maddprestige-integrations-2.0.0-rc.1.jar
[INFO] Installing <WORKSPACE>\maddprestige-integrations\target\bom.json to <USER_HOME>\.m2\repository\net\maddkraft\maddprestige-integrations\2.0.0-rc.1\maddprestige-integrations-2.0.0-rc.1-cyclonedx.json
[INFO]
[INFO] -------------< net.maddkraft:maddprestige-platform-paper >--------------
[INFO] Building MaddPrestige V2 Paper Boundary 2.0.0-rc.1                 [6/8]
[INFO]   from maddprestige-platform-paper\pom.xml
[INFO] --------------------------------[ jar ]---------------------------------
[INFO]
[INFO] --- clean:3.2.0:clean (default-clean) @ maddprestige-platform-paper ---
[INFO] Deleting <WORKSPACE>\maddprestige-platform-paper\target
[INFO]
[INFO] --- enforcer:3.6.2:enforce (phase1-build-invariants) @ maddprestige-platform-paper ---
[INFO] Rule 2: org.apache.maven.enforcer.rules.dependency.DependencyConvergence passed
[INFO] Rule 3: org.apache.maven.enforcer.rules.BanDuplicatePomDependencyVersions passed
[INFO]
[INFO] --- jacoco:0.8.13:prepare-agent (prepare-agent) @ maddprestige-platform-paper ---
[INFO] argLine set to "-javaagent:<USER_HOME>\\.m2\\repository\\org\\jacoco\\org.jacoco.agent\\0.8.13\\org.jacoco.agent-0.8.13-runtime.jar=destfile=<WORKSPACE>\\maddprestige-platform-paper\\target\\jacoco.exec"
[INFO]
[INFO] --- resources:3.4.0:resources (default-resources) @ maddprestige-platform-paper ---
[INFO] Copying 1 resource from src\main\resources to target\classes
[INFO]
[INFO] --- compiler:3.14.1:compile (default-compile) @ maddprestige-platform-paper ---
[INFO] Recompiling the module because of changed dependency.
[INFO] Compiling 53 source files with javac [debug parameters release 25] to target\classes
[INFO]
[INFO] --- resources:3.4.0:testResources (default-testResources) @ maddprestige-platform-paper ---
[INFO] skip non existing resourceDirectory <WORKSPACE>\maddprestige-platform-paper\src\test\resources
[INFO]
[INFO] --- compiler:3.14.1:testCompile (default-testCompile) @ maddprestige-platform-paper ---
[INFO] Recompiling the module because of changed dependency.
[INFO] Compiling 21 source files with javac [debug parameters release 25] to target\test-classes
[INFO]
[INFO] --- surefire:3.5.3:test (default-test) @ maddprestige-platform-paper ---
[INFO] Tests are skipped.
[INFO]
[INFO] --- jar:3.5.0:jar (default-jar) @ maddprestige-platform-paper ---
[INFO] Building jar: <WORKSPACE>\maddprestige-platform-paper\target\maddprestige-platform-paper-2.0.0-rc.1.jar
[INFO]
[INFO] --- checkstyle:3.6.0:check (checkstyle) @ maddprestige-platform-paper ---
[INFO] You have 0 Checkstyle violations.
[INFO]
[INFO] --- jacoco:0.8.13:report (report) @ maddprestige-platform-paper ---
[INFO] Skipping JaCoCo execution due to missing execution data file.
[INFO]
[INFO] --- cyclonedx:2.9.1:makeAggregateBom (phase1-sbom) @ maddprestige-platform-paper ---
[INFO] CycloneDX: Resolving Dependencies
[INFO] CycloneDX: Creating BOM version 1.6 with 71 component(s)
[INFO] CycloneDX: Writing and validating BOM (JSON): <WORKSPACE>\maddprestige-platform-paper\target\bom.json
[INFO]            attaching as maddprestige-platform-paper-2.0.0-rc.1-cyclonedx.json
[INFO]
[INFO] --- install:3.1.4:install (default-install) @ maddprestige-platform-paper ---
[INFO] Installing <WORKSPACE>\maddprestige-platform-paper\pom.xml to <USER_HOME>\.m2\repository\net\maddkraft\maddprestige-platform-paper\2.0.0-rc.1\maddprestige-platform-paper-2.0.0-rc.1.pom
[INFO] Installing <WORKSPACE>\maddprestige-platform-paper\target\maddprestige-platform-paper-2.0.0-rc.1.jar to <USER_HOME>\.m2\repository\net\maddkraft\maddprestige-platform-paper\2.0.0-rc.1\maddprestige-platform-paper-2.0.0-rc.1.jar
[INFO] Installing <WORKSPACE>\maddprestige-platform-paper\target\bom.json to <USER_HOME>\.m2\repository\net\maddkraft\maddprestige-platform-paper\2.0.0-rc.1\maddprestige-platform-paper-2.0.0-rc.1-cyclonedx.json
[INFO]
[INFO] -----------------< net.maddkraft:maddprestige-testkit >-----------------
[INFO] Building MaddPrestige V2 Testkit 2.0.0-rc.1                        [7/8]
[INFO]   from maddprestige-testkit\pom.xml
[INFO] --------------------------------[ jar ]---------------------------------
[INFO]
[INFO] --- clean:3.2.0:clean (default-clean) @ maddprestige-testkit ---
[INFO] Deleting <WORKSPACE>\maddprestige-testkit\target
[INFO]
[INFO] --- enforcer:3.6.2:enforce (phase1-build-invariants) @ maddprestige-testkit ---
[INFO] Rule 2: org.apache.maven.enforcer.rules.dependency.DependencyConvergence passed
[INFO] Rule 3: org.apache.maven.enforcer.rules.BanDuplicatePomDependencyVersions passed
[INFO]
[INFO] --- jacoco:0.8.13:prepare-agent (prepare-agent) @ maddprestige-testkit ---
[INFO] argLine set to "-javaagent:<USER_HOME>\\.m2\\repository\\org\\jacoco\\org.jacoco.agent\\0.8.13\\org.jacoco.agent-0.8.13-runtime.jar=destfile=<WORKSPACE>\\maddprestige-testkit\\target\\jacoco.exec"
[INFO]
[INFO] --- resources:3.4.0:resources (default-resources) @ maddprestige-testkit ---
[INFO] skip non existing resourceDirectory <WORKSPACE>\maddprestige-testkit\src\main\resources
[INFO]
[INFO] --- compiler:3.14.1:compile (default-compile) @ maddprestige-testkit ---
[INFO] Recompiling the module because of changed dependency.
[INFO] Compiling 12 source files with javac [debug parameters release 25] to target\classes
[INFO]
[INFO] --- resources:3.4.0:testResources (default-testResources) @ maddprestige-testkit ---
[INFO] skip non existing resourceDirectory <WORKSPACE>\maddprestige-testkit\src\test\resources
[INFO]
[INFO] --- compiler:3.14.1:testCompile (default-testCompile) @ maddprestige-testkit ---
[INFO] Recompiling the module because of changed dependency.
[INFO] Compiling 4 source files with javac [debug parameters release 25] to target\test-classes
[INFO]
[INFO] --- surefire:3.5.3:test (default-test) @ maddprestige-testkit ---
[INFO] Tests are skipped.
[INFO]
[INFO] --- jar:3.5.0:jar (default-jar) @ maddprestige-testkit ---
[INFO] Building jar: <WORKSPACE>\maddprestige-testkit\target\maddprestige-testkit-2.0.0-rc.1.jar
[INFO]
[INFO] --- checkstyle:3.6.0:check (checkstyle) @ maddprestige-testkit ---
[INFO] You have 0 Checkstyle violations.
[INFO]
[INFO] --- jacoco:0.8.13:report (report) @ maddprestige-testkit ---
[INFO] Skipping JaCoCo execution due to missing execution data file.
[INFO]
[INFO] --- cyclonedx:2.9.1:makeAggregateBom (phase1-sbom) @ maddprestige-testkit ---
[INFO] CycloneDX: Resolving Dependencies
[INFO] CycloneDX: Creating BOM version 1.6 with 5 component(s)
[INFO] CycloneDX: Writing and validating BOM (JSON): <WORKSPACE>\maddprestige-testkit\target\bom.json
[INFO]            attaching as maddprestige-testkit-2.0.0-rc.1-cyclonedx.json
[INFO]
[INFO] --- install:3.1.4:install (default-install) @ maddprestige-testkit ---
[INFO] Installing <WORKSPACE>\maddprestige-testkit\pom.xml to <USER_HOME>\.m2\repository\net\maddkraft\maddprestige-testkit\2.0.0-rc.1\maddprestige-testkit-2.0.0-rc.1.pom
[INFO] Installing <WORKSPACE>\maddprestige-testkit\target\maddprestige-testkit-2.0.0-rc.1.jar to <USER_HOME>\.m2\repository\net\maddkraft\maddprestige-testkit\2.0.0-rc.1\maddprestige-testkit-2.0.0-rc.1.jar
[INFO] Installing <WORKSPACE>\maddprestige-testkit\target\bom.json to <USER_HOME>\.m2\repository\net\maddkraft\maddprestige-testkit\2.0.0-rc.1\maddprestige-testkit-2.0.0-rc.1-cyclonedx.json
[INFO]
[INFO] --------------< net.maddkraft:maddprestige-distribution >---------------
[INFO] Building MaddPrestige Distribution 2.0.0-rc.1                      [8/8]
[INFO]   from maddprestige-distribution\pom.xml
[INFO] --------------------------------[ jar ]---------------------------------
[INFO]
[INFO] --- clean:3.2.0:clean (default-clean) @ maddprestige-distribution ---
[INFO] Deleting <WORKSPACE>\maddprestige-distribution\target
[INFO]
[INFO] --- enforcer:3.6.2:enforce (phase1-build-invariants) @ maddprestige-distribution ---
[INFO] Rule 2: org.apache.maven.enforcer.rules.dependency.DependencyConvergence passed
[INFO] Rule 3: org.apache.maven.enforcer.rules.BanDuplicatePomDependencyVersions passed
[INFO]
[INFO] --- jacoco:0.8.13:prepare-agent (prepare-agent) @ maddprestige-distribution ---
[INFO] argLine set to "-javaagent:<USER_HOME>\\.m2\\repository\\org\\jacoco\\org.jacoco.agent\\0.8.13\\org.jacoco.agent-0.8.13-runtime.jar=destfile=<WORKSPACE>\\maddprestige-distribution\\target\\jacoco.exec"
[INFO]
[INFO] --- build-helper:3.6.1:add-source (retain-v1-main) @ maddprestige-distribution ---
[INFO] Source directory: <WORKSPACE>\src\main\java added.
[INFO]
[INFO] --- build-helper:3.6.1:add-resource (retain-v1-resources) @ maddprestige-distribution ---
[INFO]
[INFO] --- resources:3.4.0:resources (default-resources) @ maddprestige-distribution ---
[INFO] Copying 1 resource from src\main\resources to target\classes
[INFO] Copying 2 resources from ..\src\main\resources to target\classes
[INFO]
[INFO] --- compiler:3.14.1:compile (default-compile) @ maddprestige-distribution ---
[INFO] Recompiling the module because of changed dependency.
[INFO] Compiling 47 source files with javac [debug parameters release 25] to target\classes
[WARNING] /<WORKSPACE>/src/main/java/gg/maddkraft/prestige/ui/MenuService.java:[427,61] HIDE_ADDITIONAL_TOOLTIP in org.bukkit.inventory.ItemFlag has been deprecated
[WARNING] /<WORKSPACE>/src/main/java/gg/maddkraft/prestige/ui/StaffMenuService.java:[346,61] HIDE_ADDITIONAL_TOOLTIP in org.bukkit.inventory.ItemFlag has been deprecated
[INFO]
[INFO] --- build-helper:3.6.1:add-test-source (retain-v1-tests) @ maddprestige-distribution ---
[INFO] Test Source directory: <WORKSPACE>\src\test\java added.
[INFO]
[INFO] --- resources:3.4.0:testResources (default-testResources) @ maddprestige-distribution ---
[INFO] skip non existing resourceDirectory <WORKSPACE>\maddprestige-distribution\src\test\resources
[INFO]
[INFO] --- compiler:3.14.1:testCompile (default-testCompile) @ maddprestige-distribution ---
[INFO] Recompiling the module because of changed dependency.
[INFO] Compiling 6 source files with javac [debug parameters release 25] to target\test-classes
[INFO]
[INFO] --- surefire:3.5.3:test (default-test) @ maddprestige-distribution ---
[INFO] Tests are skipped.
[INFO]
[INFO] --- jar:3.5.0:jar (default-jar) @ maddprestige-distribution ---
[INFO] Building jar: <WORKSPACE>\maddprestige-distribution\target\MaddPrestige-2.0.0-rc.1.jar
[INFO]
[INFO] --- shade:3.6.0:shade (default) @ maddprestige-distribution ---
[INFO] Including net.maddkraft:maddprestige-api:jar:2.0.0-rc.1 in the shaded jar.
[INFO] Including net.maddkraft:maddprestige-core:jar:2.0.0-rc.1 in the shaded jar.
[INFO] Including org.snakeyaml:snakeyaml-engine:jar:3.0.1 in the shaded jar.
[INFO] Including net.maddkraft:maddprestige-persistence:jar:2.0.0-rc.1 in the shaded jar.
[INFO] Including net.maddkraft:maddprestige-platform-paper:jar:2.0.0-rc.1 in the shaded jar.
[INFO] Including net.maddkraft:maddprestige-integrations:jar:2.0.0-rc.1 in the shaded jar.
[INFO] Including org.xerial:sqlite-jdbc:jar:3.50.3.0 in the shaded jar.
[WARNING] Discovered module-info.class. Shading will break its strong encapsulation.
[WARNING] MaddPrestige-2.0.0-rc.1.jar, maddprestige-api-2.0.0-rc.1.jar, maddprestige-core-2.0.0-rc.1.jar, maddprestige-integrations-2.0.0-rc.1.jar, maddprestige-persistence-2.0.0-rc.1.jar, maddprestige-platform-paper-2.0.0-rc.1.jar, snakeyaml-engine-3.0.1.jar, sqlite-jdbc-3.50.3.0.jar define 1 overlapping resource:
[WARNING]   - META-INF/MANIFEST.MF
[WARNING] maven-shade-plugin has detected that some files are
[WARNING] present in two or more JARs. When this happens, only one
[WARNING] single version of the file is copied to the uber jar.
[WARNING] Usually this is not harmful and you can skip these warnings,
[WARNING] otherwise try to manually exclude artifacts based on
[WARNING] mvn dependency:tree -Ddetail=true and the above output.
[WARNING] See https://maven.apache.org/plugins/maven-shade-plugin/
[INFO] Replacing original artifact with shaded artifact.
[INFO] Replacing <WORKSPACE>\maddprestige-distribution\target\MaddPrestige-2.0.0-rc.1.jar with <WORKSPACE>\maddprestige-distribution\target\maddprestige-distribution-2.0.0-rc.1-shaded.jar
[INFO]
[INFO] --- failsafe:3.5.3:integration-test (default) @ maddprestige-distribution ---
[INFO] Tests are skipped.
[INFO]
[INFO] --- checkstyle:3.6.0:check (checkstyle) @ maddprestige-distribution ---
[INFO]
[INFO] --- jacoco:0.8.13:report (report) @ maddprestige-distribution ---
[INFO] Skipping JaCoCo execution due to missing execution data file.
[INFO]
[INFO] --- cyclonedx:2.9.1:makeAggregateBom (phase1-sbom) @ maddprestige-distribution ---
[INFO] CycloneDX: Resolving Dependencies
[INFO] CycloneDX: Creating BOM version 1.6 with 62 component(s)
[INFO] CycloneDX: Writing and validating BOM (JSON): <WORKSPACE>\maddprestige-distribution\target\bom.json
[INFO]            attaching as maddprestige-distribution-2.0.0-rc.1-cyclonedx.json
[INFO]
[INFO] --- failsafe:3.5.3:verify (default) @ maddprestige-distribution ---
[INFO] Tests are skipped.
[INFO]
[INFO] --- install:3.1.4:install (default-install) @ maddprestige-distribution ---
[INFO] Installing <WORKSPACE>\maddprestige-distribution\pom.xml to <USER_HOME>\.m2\repository\net\maddkraft\maddprestige-distribution\2.0.0-rc.1\maddprestige-distribution-2.0.0-rc.1.pom
[INFO] Installing <WORKSPACE>\maddprestige-distribution\target\MaddPrestige-2.0.0-rc.1.jar to <USER_HOME>\.m2\repository\net\maddkraft\maddprestige-distribution\2.0.0-rc.1\maddprestige-distribution-2.0.0-rc.1.jar
[INFO] Installing <WORKSPACE>\maddprestige-distribution\target\bom.json to <USER_HOME>\.m2\repository\net\maddkraft\maddprestige-distribution\2.0.0-rc.1\maddprestige-distribution-2.0.0-rc.1-cyclonedx.json
[INFO] ------------------------------------------------------------------------
[INFO] Reactor Summary for MaddPrestige V2 Parent 2.0.0-rc.1:
[INFO]
[INFO] MaddPrestige V2 Parent ............................. SUCCESS [  2.651 s]
[INFO] MaddPrestige V2 API ................................ SUCCESS [  1.989 s]
[INFO] MaddPrestige V2 Core ............................... SUCCESS [  4.598 s]
[INFO] MaddPrestige V2 Persistence ........................ SUCCESS [  1.623 s]
[INFO] MaddPrestige V2 Integration Contracts .............. SUCCESS [  2.151 s]
[INFO] MaddPrestige V2 Paper Boundary ..................... SUCCESS [  2.694 s]
[INFO] MaddPrestige V2 Testkit ............................ SUCCESS [  0.689 s]
[INFO] MaddPrestige Distribution .......................... SUCCESS [  3.248 s]
[INFO] ------------------------------------------------------------------------
[INFO] BUILD SUCCESS
[INFO] ------------------------------------------------------------------------
[INFO] Total time:  19.736 s
[INFO] Finished at: 2026-08-24T02:23:00-07:00
[INFO] ------------------------------------------------------------------------
