Starting org.bukkit.craftbukkit.Main
[14:49:23 INFO]: [bootstrap] Running Java 25 (OpenJDK 64-Bit Server VM 25.0.3+9-LTS; Eclipse Adoptium Temurin-25.0.3+9) on Windows 11 10.0 (amd64)
[14:49:23 INFO]: [bootstrap] Loading Paper 26.1.2-74-ver/26.1.2@e4e17fc (2026-07-06T16:51:09Z) for Minecraft 26.1.2
[14:49:23 WARN]: [oshi.driver.windows.perfmon.PerfmonDisabled] Invalid registry value type detected for PerfOS counters. Should be REG_DWORD. Ignoring: HKEY_LOCAL_MACHINE\SYSTEM\CurrentControlSet\Services\PerfOS\Performance\Disable Performance Counters.
[14:49:23 INFO]: [PluginInitializerManager] Initializing plugins...
[14:49:23 INFO]: [PluginInitializerManager] Initialized 3 plugins
[14:49:23 INFO]: [PluginInitializerManager] Bukkit plugins (3):
 - LuckPerms (5.5.71), MaddPrestige (2.0.0-rc.1), Phase8D-Harness (1.0.0)
WARNING: A terminally deprecated method in sun.misc.Unsafe has been called
WARNING: sun.misc.Unsafe::objectFieldOffset has been called by org.joml.MemUtil$MemUtilUnsafe (file:/<USER>/Documents/MC%20Development/MaddPrestige-Phase8/qualification/phase8d-paper-harness/target/phase8f-a76-or2-runtime/libraries/org/joml/joml/1.10.8/joml-1.10.8.jar)
WARNING: Please consider reporting this to the maintainers of class org.joml.MemUtil$MemUtilUnsafe
WARNING: sun.misc.Unsafe::objectFieldOffset will be removed in a future release
[14:49:26 INFO]: Environment: Environment[sessionHost=https://sessionserver.mojang.com, servicesHost=https://api.minecraftservices.com, profilesHost=https://api.mojang.com, name=PROD]
[14:49:26 INFO]: Loaded 1515 recipes
[14:49:26 INFO]: Loaded 1617 advancements
[14:49:26 INFO]: [ca.spottedleaf.dataconverter.minecraft.datatypes.MCTypeRegistry] Initialising converters for DataConverter...
[14:49:26 INFO]: [ca.spottedleaf.dataconverter.minecraft.datatypes.MCTypeRegistry] Finished initialising converters for DataConverter in 163.2ms
[14:49:27 INFO]: Starting minecraft server version 26.1.2
[14:49:27 INFO]: Loading properties
[14:49:27 INFO]: This server is running Paper version 26.1.2-74-ver/26.1.2@e4e17fc (2026-07-06T16:51:09Z) (Implementing API version 26.1.2.build.74-stable)
[14:49:27 INFO]: [spark] This server bundles the spark profiler. For more information please visit https://docs.papermc.io/paper/profiling
[14:49:27 INFO]: Server Ping Player Sample Count: 12
[14:49:27 INFO]: Using 4 threads for Netty based IO
[14:49:27 INFO]: [MoonriseCommon] Paper is using 2 worker threads, 1 I/O threads
[14:49:27 INFO]: Default game type: SURVIVAL
[14:49:27 INFO]: Generating keypair

[14:49:27 INFO]: Starting Minecraft server on *:25579

[14:49:27 INFO]: Paper: Using Java compression from Velocity.

[14:49:27 INFO]: Paper: Using Java cipher from Velocity.

[14:49:27 INFO]: [LuckPerms] Loading server plugin LuckPerms v5.5.71

[14:49:27 INFO]: [LuckPerms] Loading configuration...

[14:49:27 INFO]: [MaddPrestige] Loading server plugin MaddPrestige v2.0.0-rc.1

[14:49:27 INFO]: [Phase8D-Harness] Loading server plugin Phase8D-Harness v1.0.0

[14:49:27 INFO]: Server permissions file permissions.yml is empty, ignoring it

[14:49:27 INFO]: [LuckPerms] Enabling LuckPerms v5.5.71

[14:49:27 INFO]:         __

[14:49:27 INFO]:   |    |__)   LuckPerms v5.5.71

[14:49:27 INFO]:   |___ |      Running on Bukkit - Paper

[14:49:27 INFO]:

[14:49:27 INFO]: [LuckPerms] Loading storage provider... [H2]

[14:49:27 INFO]: [LuckPerms] Loading internal permission managers...

[14:49:27 INFO]: [LuckPerms] Performing initial data load...

[14:49:27 INFO]: [LuckPerms] Successfully enabled. (took 337ms)

[14:49:27 WARN]: **** SERVER IS RUNNING IN OFFLINE/INSECURE MODE!

[14:49:27 WARN]: The server will make no attempt to authenticate usernames. Beware.

[14:49:27 WARN]: While this makes the game possible to play without internet access, it also opens up the ability for hackers to connect with any username they choose.

[14:49:27 WARN]: To change this, set "online-mode" to "true" in the server.properties file.

[14:49:27 INFO]: Preparing level "phase8f-a76-or2-world"

[14:49:28 INFO]: Loading 0 persistent chunks for level 'minecraft:overworld'...

[14:49:28 INFO]: Prepared spawn area in 1 ms

[14:49:28 INFO]: Loading 0 persistent chunks for level 'minecraft:the_nether'...

[14:49:28 INFO]: Prepared spawn area in 0 ms

[14:49:28 INFO]: Loading 0 persistent chunks for level 'minecraft:the_end'...

[14:49:28 INFO]: Prepared spawn area in 1 ms

[14:49:28 INFO]: Done preparing level "phase8f-a76-or2-world" (0.213s)

[14:49:28 INFO]: [MaddPrestige] Enabling MaddPrestige v2.0.0-rc.1

[14:49:28 INFO]: [MaddPrestige] MaddPrestige V2 2.0.0-rc.1 release candidate ready; configuration is active at r_d4b7d31c54234965a9333b5aa5083268; startup recovery inspected 0 operation(s).

[14:49:28 INFO]: [Phase8D-Harness] Enabling Phase8D-Harness v1.0.0

[14:49:28 INFO]: [spark] Starting background profiler...

[14:49:28 INFO]: [spark] The async-profiler engine is not supported for your os/arch (windows11/amd64), so the built-in Java engine will be used instead.

[14:49:28 INFO]: Saving chunks for level 'ServerLevel[phase8f-a76-or2-world]'/minecraft:overworld

[14:49:28 INFO]: Saving chunks for level 'ServerLevel[phase8f-a76-or2-world]'/minecraft:the_nether

[14:49:28 INFO]: Saving chunks for level 'ServerLevel[phase8f-a76-or2-world]'/minecraft:the_end

[14:49:28 INFO]: ThreadedAnvilChunkStorage (world): All chunks are saved

[14:49:28 INFO]: ThreadedAnvilChunkStorage (DIM-1): All chunks are saved

[14:49:28 INFO]: ThreadedAnvilChunkStorage (DIM1): All chunks are saved

[14:49:28 INFO]: ThreadedAnvilChunkStorage: All dimensions are saved

[14:49:28 INFO]: Running delayed init tasks

[14:49:28 INFO]: Done (5.649s)! For help, type "help"

[14:49:28 WARN]: *************************************************************************************

[14:49:28 WARN]: You are running the latest build for your Minecraft version (26.1.2)

[14:49:28 WARN]: However, you are 2 release(s) behind the latest stable release (26.2)!

[14:49:28 WARN]: It is recommended that you update as soon as possible

[14:49:28 WARN]: https://papermc.io/downloads/paper

[14:49:28 WARN]: *************************************************************************************

[14:49:30 INFO]: [Phase8D-Harness] PHASE8D-Q PASS 1 unchanged restart recovered stage Member, Prestige 1, exact revision/history/statistic/LP state

[14:49:30 INFO]: [Phase8D-Harness] PHASE8D-Q PASS 2 restart retained the current-Prestige baseline and blocked premature Adventurer

[14:49:30 INFO]: [Phase8D-Harness] PHASE8D-Q PASS 3 restart Doctor remained healthy

[14:49:30 INFO]: [Phase8D-Harness] PHASE8D-Q COMPLETE two-boot A70 qualification pass-count=3
> > > > > > > > > > > > > > > > > > > > > > > > > > > > > > > > > > > > > > > > > > > > > > > > > > > > > > > > > > > > > > > > > > > > > > > > > > > > > > > > > > > > > > > > > > > > > > > > > > > > > > > > > > > > > > > > > > > > > > > > > > > > > > > > > > > > > > > > > > > > > > > > > > > > > > > > > > > > > > > > > > > > > > > > > > > > > > > > > > > > > > > > > > > > > > > > > > > > > > > > > > > > > > > > > > > > > > > > > > > > > > > > > > > > > > > > > > > > > > > > > > > > > > > > > > > > > > > > > > > > > > > > > > > > > > > > > > > > > > > > > > > > > > > > > > > > > > > > > > > > > > > > > > > > > > > > > > > > > > > > > > > > > > > > > > > > > > > > > > > > > > > > > > > > > > > > > > > > > > > > > > > > > > > > > > > > > > > > > > > > > > > > > > > > > > > > > > > > > > > > > > > > > > > > > > > > > > > > > > > > > > > > > > > > > > > > > > > > > > > > > > > > > > > > > > > > > > > > > > > > > > > > > > > > > > > > > > > > > > > > > > > > > > > > > > > > > > > > > > > > > > > > > > > > > > > > > > > > > > > > > > > > > > > > > > > > > > > > > > > > > > > > > > > > > > > > > > > > > > > > > > > > > > > > > > > > > > > > > > > > > > > > > > > > > > > > > > > > > > > > > > > > > > > > > > > > > > > > > > > > > > > > > > > > > > > > > > > > > > > > > > > > > > > > > > > > > > > > > > > > > > > > > > > > > > > > > > > > > > > > > > > > > > > > > > > > > > > > > > > > > > > > > > > > > > > > > > > > > > > > > > > > > > > > > > > > > > > > > > > > > > > > > > > > > > > > > > > > > > > > > > > > > > > > > > > > > > > > > > > > > > > > > > > > > > > > > > > > > > > > > > > > > > > > > > > > > > > > > > > > > > > > > > > > > > > > > > > > > > > > > > > > > > > > > > > > > > > > > > > > > > > > > > > > > > > > > > > > > > > > > > > > > > > > > > > > > > > > > > > > > > > > > > > > > > > > > > > > > > > > > > > > > > > > > > > > > > > > > > > > > > > > > > > > > > > > > > > > > > > > > > > > > > > > > > > > > > > > > > > > > > > > > > > > > > > > > > > > > > > > > > > > > > > > > > > > > > > > > > > > > > > > > > > > > > > > > > > > > > > > > > > > > > > > > > > > > > > > > > > > > > > > > > > > > > > > > > > > > > > > > > > > > > > > > > > > > > > > > > > > > > > > > > > > > > > > > > > > > > > > > > > > > > > > > > > > > > > > > > > > > > > > > > > > > > > > > > > > > > > > > > > > > > > > > > > > > > > > > > > > > > > > > > > > > > > > > > > > > > > > > > > > > > > > > > > > > > > > > > > > > > > > > > > > > > > > > > > > > > > > > > > > > > > > > > > > > > > > > > > > > > > > > > > > > > > > > > > > > > > > > > > > > > > > > > > > > > > > > > > > > > > > > > > > > > > > > > > > > > > > > > > > > > > > > > > > > > > > > > > > > > > > > > > > > > > > > > > > > > > > > > > > > > > > > > > > > > > > > > > > > > > > > > > > > > > > > > > > > > > > > > > > > > > > > > > > > > > > > > > > > > > > > > > > > > > > > > > > > > > > > > > > > > > > > > > > > > > > > > > > > > > > > > > > > > > > > > > > > > > > > > > > > > > > > > > > > > > > > > > > > > > > > > > > > > > > > > > > > > > > > > > > > > > > > > > > > > > > > > > > > > > > > > > > > > > > > > > > > > > > > > > > > > > > > > > > > > > > > > > > > > > > > > > > > > > > > > > > > > > > > > > > > > > > > > > > > > > > > > > > > > > > > > > > > > > > > > > > > > > > > > > > > > > > > > > > > > > > > > > > > > > > > > > > > > > > > > > > > > > > > > > > > > > > > > > > > > > > > > > > > > > > > > > > > > > > > > > > > > > > > > > > > > > > > > > > > > > > > > > > > > > > > > > > > > > > > > > > > > > > > > > > > > > > > > > > > > > > > > > > > > > > > > > > > > > > > > > > > > > > > > > > > > > > > > > > > > > > > > > > > > > > > > > > > > > > > > > > > > > > > > > > > > > > > > > > > > > > > > > > > > > > > > > > > > > > > > > > > > > > > > > > > > > > > > > > > > > > > > > > > > > > > > > > > > > > > > > > > > > > > > > > > > > > > > > > > > > > > > > > > > > > > > > > > > > > > > > > > > > > > > > > > > > > > > > > > > > > > > > > > > > > > > > > > > > > > > > > > > > > > > > > > > > > > > > > > > > > > > > > > > > > > > > > > > > > > > > > > > > > > > > > > > > > > > > > > > > > > > > > > > > > > > > > > > > > > > > > > > > > > > > > > > > > > > > > > > > > > > > > > > > > > > > > > > > > > > > > > > > > > > > > > > > > > > > > > > > > > > > > > > > > > > > > > > > > > > > > > > > > > > > > > > > > > > > > > > > > > > > > > > > > > > > > > > > > > > > > > > > > > > > > > > > > > > > > > > > > > > > > > > > > > > > > > > > > > > > > > > > > > > > > > > > > > > > > > > > > > > > > > > > > > > > > > > > > > > > > > > > > > > > > > > > > > > > > > > > > > > > > > > > > > > > > > > > > > > > > > > > > > > > > > > > > > > > > > > > > > > > > > > > > > > > > > > > > > > > > > > > > > > > > > > > > > > > > > > > > > > > > > > > > > > > > > > > > > > > > > > > > > > > > > > > > > > > > > > > > > > > > > > > > > > > > > > > > > > > > > > > > > > > > > > > > > > > > > > > > > > > > > > > > > > > > > > > > > > > > > > > > > > > > > > > > > > > > > > > > > > > > > > > > > > > > > > > > > > > > > > > > > > > > > > > > > > > > > > > > > > > > > > > > > > > > > > > > > > > > > > > > > > > > > > > > > > > > > > > > > > > > > > > > > > > > > > > > > > > > > > > > > > > > > > > > > > > > > > > > > > > > > > > > > > > > > > > > > > > > > > > > > > > > > > > > > > > > > > > > > > > > > > > > > > > > > > > > > > > > > > > > > > > > > > > > > > > > > > > > > > > > > > > > > > > > > > > > > > > > > > > > > > > > > > > > > > > > > > > > > > > > > > > > > > > > > > > > > > > > > > > > > > > > > > > > > > > > > > > > > > > > > > > > > > > > > > > > > > > > > > > > > > > > > > > > > > > > > > > > > > > > > > > > > > > > > > > > > > > > > > > > > > > > > > > > > > > > > > > > > > > > > > > > > > > > > > > > > > > > > > > > > > > > > > > > > > > > > > > > > > > > > > > > > > > > > > > > > > > > > > > > > > > > > > > > > > > > > > > > > > > > > > > > > > > > > > > > > > > > > > > > > > > > > > > > > > > > > > > > > > > > > > > > > > > > > > > > > > > > > > > > > > > > > > > > > > > > > > > > > > > > > > > > > > > > > > > > > > > > > > > > > > > > > > > > > > > > > > > > > > > > > > > > > > > > > > > > > > > > > > > > > > > > > > > > > > > > > > > > > > > > > > > > > > > > > > > > > > > > > > > > > > > > > > > > > > > > > > > > > > > > > > > > > > > > > > > > > > > > > > > > > > > > > > > > > > > > > > > > > > > > > > > > > > > > > > > > > > > > > > > > > > > > > > > > > > > > > > > > > > > > > > > > > > > > > > > > > > > > > > > > > > > > > > > > > > > > > > > > > > > > > > > > > > > > > > > > > > > > > > > > > > > > > > > > > > > > > > > > > > > > > > > > > > > > > > > > > > > > > > > > > > > > > > > > > > > > > > > > > > > > > > > > > > > > > > > > > > > > > > > > > > > > > > > > > > > > > > > > > > > > > > > > > > > > > > > > > > > > > > > > > > > > > > > > > > > > > > > > > > > > > > > > > > > > > > > > > > > > > > > > > > > > > > > > > > > > > > > > > > > > > > > > > > > > > > > > > > > > > > > > > > > > > > > > > > > > > > > > > > > > > > > > > > > > > > > > > > > > > > > > > > > > > > > > > > > > > > > > > > > > > > > > > > > > > > > > > > > > > > > > > > > > > > > > > > > > > > > > > > > > > > > > > > > > > > > > > > > > > > > > > > > > > > > > > > > > > > > > > > > > > > > > > > > > > > > > > > > > > > > > > > > > > > > > > > > > > > > > > > > > > > > > > > > > > > > > > > > > > > > > > > > > > > > > > > > > > > > > > > > > > > > > > > > > > > > > > > > > > > > > > > > > > > > > > > > > > > > > > > > > > > > > > > > > > > > > > > > > > > > > > > > > > > > > > > > > > > > > > > > > > > > > > > > > > > > > > > > > > > > > > > > > > > > > > > > > > > > > > > > > > > > > > > > > > > > > > > > > > > > > > > > > > > > > > > > > > > > > > > > > > > > > > > > > > > > > > > > > > > > > > > > > > > > > > > > > > > > > > > > > > > > > > > > > > > > > > > > > > > > > > > > > > > > > > > > > > > > > > > > > > > > > > > > > > > > > > > > > > > > > > > > > > > > > > > > > [14:49:32 INFO]: Stopping server
[14:49:32 INFO]: [Phase8D-Harness] Disabling Phase8D-Harness v1.0.0
[14:49:32 INFO]: [Phase8D-Harness] PHASE8D-Q shutdown pass-count=3
[14:49:32 INFO]: [MaddPrestige] Disabling MaddPrestige v2.0.0-rc.1
[14:49:32 INFO]: [LuckPerms] Disabling LuckPerms v5.5.71
[14:49:32 INFO]: [LuckPerms] Starting shutdown process...
[14:49:32 INFO]: [LuckPerms] Closing storage...
[14:49:32 INFO]: [LuckPerms] Goodbye!
[14:49:32 INFO]: Saving players
[14:49:32 INFO]: Saving worlds
[14:49:32 INFO]: Saving chunks for level 'ServerLevel[phase8f-a76-or2-world]'/minecraft:overworld
[14:49:32 INFO]: [ChunkHolderManager] Waiting 60s for chunk system to halt for world 'minecraft:overworld'
[14:49:32 INFO]: [ChunkHolderManager] Halted chunk system for world 'minecraft:overworld'
[14:49:32 INFO]: [ChunkHolderManager] Saving all chunkholders for world 'minecraft:overworld'
[14:49:32 INFO]: [ChunkHolderManager] Saved 0 block chunks, 0 entity chunks, 0 poi chunks in world 'minecraft:overworld' in 0.00s
[14:49:32 INFO]: [ChunkHolderManager] Waiting 60s for chunk I/O to halt for world 'minecraft:overworld'
[14:49:32 INFO]: [ChunkHolderManager] Halted I/O scheduler for world 'minecraft:overworld'
[14:49:32 INFO]: Saving chunks for level 'ServerLevel[phase8f-a76-or2-world]'/minecraft:the_nether
[14:49:32 INFO]: [ChunkHolderManager] Waiting 60s for chunk system to halt for world 'minecraft:the_nether'
[14:49:32 INFO]: [ChunkHolderManager] Halted chunk system for world 'minecraft:the_nether'
[14:49:32 INFO]: [ChunkHolderManager] Saving all chunkholders for world 'minecraft:the_nether'
[14:49:32 INFO]: [ChunkHolderManager] Saved 0 block chunks, 0 entity chunks, 0 poi chunks in world 'minecraft:the_nether' in 0.00s
[14:49:32 INFO]: [ChunkHolderManager] Waiting 60s for chunk I/O to halt for world 'minecraft:the_nether'
[14:49:32 INFO]: [ChunkHolderManager] Halted I/O scheduler for world 'minecraft:the_nether'
[14:49:32 INFO]: Saving chunks for level 'ServerLevel[phase8f-a76-or2-world]'/minecraft:the_end
[14:49:32 INFO]: [ChunkHolderManager] Waiting 60s for chunk system to halt for world 'minecraft:the_end'
[14:49:32 INFO]: [ChunkHolderManager] Halted chunk system for world 'minecraft:the_end'
[14:49:32 INFO]: [ChunkHolderManager] Saving all chunkholders for world 'minecraft:the_end'
[14:49:32 INFO]: [ChunkHolderManager] Saved 0 block chunks, 0 entity chunks, 0 poi chunks in world 'minecraft:the_end' in 0.00s
[14:49:32 INFO]: [ChunkHolderManager] Waiting 60s for chunk I/O to halt for world 'minecraft:the_end'
[14:49:32 INFO]: [ChunkHolderManager] Halted I/O scheduler for world 'minecraft:the_end'
[14:49:32 INFO]: ThreadedAnvilChunkStorage (world): All chunks are saved
[14:49:32 INFO]: ThreadedAnvilChunkStorage (DIM-1): All chunks are saved
[14:49:32 INFO]: ThreadedAnvilChunkStorage (DIM1): All chunks are saved
[14:49:32 INFO]: ThreadedAnvilChunkStorage: All dimensions are saved
[14:49:32 INFO]: Waiting for all RegionFile I/O tasks to complete...
[14:49:32 INFO]: All RegionFile I/O tasks to complete
[14:49:32 INFO]: [MoonriseCommon] Awaiting termination of worker pool for up to 60s...
[14:49:32 INFO]: [MoonriseCommon] Awaiting termination of I/O pool for up to 60s...
